Archive member included to satisfy reference by file (symbol)

app/libapp.a(main.c.obj)      (--whole-archive)
zephyr/libzephyr.a(getopt.c.obj)
                              (--whole-archive)
zephyr/libzephyr.a(getopt_common.c.obj)
                              (--whole-archive)
zephyr/libzephyr.a(cbprintf_packaged.c.obj)
                              (--whole-archive)
zephyr/libzephyr.a(dec.c.obj)
                              (--whole-archive)
zephyr/libzephyr.a(fdtable.c.obj)
                              (--whole-archive)
zephyr/libzephyr.a(hex.c.obj)
                              (--whole-archive)
zephyr/libzephyr.a(printk.c.obj)
                              (--whole-archive)
zephyr/libzephyr.a(rb.c.obj)  (--whole-archive)
zephyr/libzephyr.a(sem.c.obj)
                              (--whole-archive)
zephyr/libzephyr.a(thread_entry.c.obj)
                              (--whole-archive)
zephyr/libzephyr.a(timeutil.c.obj)
                              (--whole-archive)
zephyr/libzephyr.a(heap.c.obj)
                              (--whole-archive)
zephyr/libzephyr.a(heap-validate.c.obj)
                              (--whole-archive)
zephyr/libzephyr.a(bitarray.c.obj)
                              (--whole-archive)
zephyr/libzephyr.a(multi_heap.c.obj)
                              (--whole-archive)
zephyr/libzephyr.a(crc32c_sw.c.obj)
                              (--whole-archive)
zephyr/libzephyr.a(crc32_sw.c.obj)
                              (--whole-archive)
zephyr/libzephyr.a(crc16_sw.c.obj)
                              (--whole-archive)
zephyr/libzephyr.a(crc8_sw.c.obj)
                              (--whole-archive)
zephyr/libzephyr.a(crc7_sw.c.obj)
                              (--whole-archive)
zephyr/libzephyr.a(cbprintf_complete.c.obj)
                              (--whole-archive)
zephyr/libzephyr.a(cbprintf.c.obj)
                              (--whole-archive)
zephyr/libzephyr.a(ring_buffer.c.obj)
                              (--whole-archive)
zephyr/libzephyr.a(assert.c.obj)
                              (--whole-archive)
zephyr/libzephyr.a(mpsc_pbuf.c.obj)
                              (--whole-archive)
zephyr/libzephyr.a(configs.c.obj)
                              (--whole-archive)
zephyr/libzephyr.a(soc_irq.S.obj)
                              (--whole-archive)
zephyr/libzephyr.a(vector.S.obj)
                              (--whole-archive)
zephyr/libzephyr.a(log_core.c.obj)
                              (--whole-archive)
zephyr/libzephyr.a(log_mgmt.c.obj)
                              (--whole-archive)
zephyr/libzephyr.a(log_cache.c.obj)
                              (--whole-archive)
zephyr/libzephyr.a(log_msg.c.obj)
                              (--whole-archive)
zephyr/libzephyr.a(log_output.c.obj)
                              (--whole-archive)
zephyr/libzephyr.a(log_cmds.c.obj)
                              (--whole-archive)
zephyr/libzephyr.a(tracing_none.c.obj)
                              (--whole-archive)
zephyr/libzephyr.a(addr_utils.c.obj)
                              (--whole-archive)
zephyr/libzephyr.a(kernel_service.c.obj)
                              (--whole-archive)
zephyr/libzephyr.a(device_service.c.obj)
                              (--whole-archive)
zephyr/libzephyr.a(devmem_service.c.obj)
                              (--whole-archive)
zephyr/libzephyr.a(shell_uart.c.obj)
                              (--whole-archive)
zephyr/libzephyr.a(shell.c.obj)
                              (--whole-archive)
zephyr/libzephyr.a(shell_fprintf.c.obj)
                              (--whole-archive)
zephyr/libzephyr.a(shell_utils.c.obj)
                              (--whole-archive)
zephyr/libzephyr.a(shell_ops.c.obj)
                              (--whole-archive)
zephyr/libzephyr.a(shell_log_backend.c.obj)
                              (--whole-archive)
zephyr/libzephyr.a(shell_help.c.obj)
                              (--whole-archive)
zephyr/libzephyr.a(shell_cmds.c.obj)
                              (--whole-archive)
zephyr/libzephyr.a(shell_history.c.obj)
                              (--whole-archive)
zephyr/libzephyr.a(shell_wildcard.c.obj)
                              (--whole-archive)
zephyr/arch/common/libarch__common.a(sw_isr_common.c.obj)
                              (--whole-archive)
zephyr/arch/arch/riscv/core/libarch__riscv__core.a(cpu_idle.c.obj)
                              (--whole-archive)
zephyr/arch/arch/riscv/core/libarch__riscv__core.a(fatal.c.obj)
                              (--whole-archive)
zephyr/arch/arch/riscv/core/libarch__riscv__core.a(irq_manage.c.obj)
                              (--whole-archive)
zephyr/arch/arch/riscv/core/libarch__riscv__core.a(isr.S.obj)
                              (--whole-archive)
zephyr/arch/arch/riscv/core/libarch__riscv__core.a(prep_c.c.obj)
                              (--whole-archive)
zephyr/arch/arch/riscv/core/libarch__riscv__core.a(reboot.c.obj)
                              (--whole-archive)
[...]
Memory Configuration

Name             Origin             Length             Attributes
RAM              0x0000000040000000 0x0000000000800000 xrw
IDT_LIST         0x00000000fffff7ff 0x0000000000000800 xw
*default*        0x0000000000000000 0xffffffffffffffff

Linker script and memory map

LOAD zephyr/CMakeFiles/zephyr_pre1.dir/misc/empty_file.c.obj
LOAD zephyr/CMakeFiles/zephyr_pre1.dir/dev_handles.c.obj
LOAD zephyr/CMakeFiles/offsets.dir/./arch/riscv/core/offsets/offsets.c.obj

.rel.plt        0x0000000000000000        0x0
 *(SORT_BY_ALIGNMENT(.rel.plt))
                [!provide]                        PROVIDE (__rel_iplt_start = .)
 *(SORT_BY_ALIGNMENT(.rel.iplt))
                [!provide]                        PROVIDE (__rel_iplt_end = .)

.rela.plt       0x0000000000000000        0x0
 *(SORT_BY_ALIGNMENT(.rela.plt))
                [!provide]                        PROVIDE (__rela_iplt_start = .)
 *(SORT_BY_ALIGNMENT(.rela.iplt))
                [!provide]                        PROVIDE (__rela_iplt_end = .)

.rel.dyn
 *(SORT_BY_ALIGNMENT(.rel.*))

.rela.dyn       0x0000000040000000        0x0
 *(SORT_BY_ALIGNMENT(.rela.*))
 .rela.text.cbvprintf_package
                0x0000000040000000        0x0 app/libapp.a(main.c.obj)
 .rela.text.cbprintf_package_convert
                0x0000000040000000        0x0 app/libapp.a(main.c.obj)
 .rela.sdata._char_out
                0x0000000040000000        0x0 app/libapp.a(main.c.obj)
 .rela.text.activate_foreach_backend
                0x0000000040000000        0x0 app/libapp.a(main.c.obj)
 .rela.text.z_log_init
                0x0000000040000000        0x0 app/libapp.a(main.c.obj)
 .rela.text.dropped_notify
                0x0000000040000000        0x0 app/libapp.a(main.c.obj)
 .rela.text.z_impl_log_process
                0x0000000040000000        0x0 app/libapp.a(main.c.obj)
 .rela.text.z_impl_log_panic
                0x0000000040000000        0x0 app/libapp.a(main.c.obj)
 .rela.text.log_process_thread_func
                0x0000000040000000        0x0 app/libapp.a(main.c.obj)
 .rela.text.log_src_cnt_get
                0x0000000040000000        0x0 app/libapp.a(main.c.obj)
 .rela.text.log_source_name_get
                0x0000000040000000        0x0 app/libapp.a(main.c.obj)
 .rela.text.z_log_runtime_filters_init
                0x0000000040000000        0x0 app/libapp.a(main.c.obj)
 .rela.text.log_source_id_get
                0x0000000040000000        0x0 app/libapp.a(main.c.obj)
 .rela.text.z_impl_log_filter_set
                0x0000000040000000        0x0 app/libapp.a(main.c.obj)
 .rela.text.backend_filter_set
                0x0000000040000000        0x0 app/libapp.a(main.c.obj)
 .rela.text.log_backend_enable
                0x0000000040000000        0x0 app/libapp.a(main.c.obj)
 .rela.text.log_filter_get
                0x0000000040000000        0x0 app/libapp.a(main.c.obj)
 .rela.text.log_output_msg_process
                0x0000000040000000        0x0 app/libapp.a(main.c.obj)
 .rela.text.backend_name_get
                0x0000000040000000        0x0 app/libapp.a(main.c.obj)
 .rela.text.cmd_log_backends_list
                0x0000000040000000        0x0 app/libapp.a(main.c.obj)
 .rela.text.shell_backend_cmd_execute
                0x0000000040000000        0x0 app/libapp.a(main.c.obj)
 .rela.rodata.levels
                0x0000000040000000        0x0 app/libapp.a(main.c.obj)
 .rela.text.z_shell_cmd_get
                0x0000000040000000        0x0 app/libapp.a(main.c.obj)
 .rela.text.cmd_backends
                0x0000000040000000        0x0 app/libapp.a(main.c.obj)
 .rela.exception.entry._isr_wrapper
                0x0000000040000000        0x0 app/libapp.a(main.c.obj)
 .rela.text.net_buf_id
                0x0000000040000000        0x0 app/libapp.a(main.c.obj)
 .rela.text.fixed_data_alloc
                0x0000000040000000        0x0 app/libapp.a(main.c.obj)
 .rela.text.net_buf_alloc_len
                0x0000000040000000        0x0 app/libapp.a(main.c.obj)
 .rela.text.net_buf_unref
                0x0000000040000000        0x0 app/libapp.a(main.c.obj)
 .rela.text.z_impl_net_if_get_by_index
                0x0000000040000000        0x0 app/libapp.a(main.c.obj)
 .rela.text.net_if_stats_reset
                0x0000000040000000        0x0 app/libapp.a(main.c.obj)
 .rela.text.net_if_stats_reset_all
                0x0000000040000000        0x0 app/libapp.a(main.c.obj)
 .rela.text.net_if_lookup_by_dev
                0x0000000040000000        0x0 app/libapp.a(main.c.obj)
 .rela.text.net_if_get_default
                0x0000000040000000        0x0 app/libapp.a(main.c.obj)
 .rela.text.rs_timeout
                0x0000000040000000        0x0 app/libapp.a(main.c.obj)
 .rela.text.net_if_ipv6_addr_lookup
                0x0000000040000000        0x0 app/libapp.a(main.c.obj)
 .rela.text.net_if_ipv6_maddr_lookup
                0x0000000040000000        0x0 app/libapp.a(main.c.obj)
 .rela.text.net_if_ipv6_addr_onlink
                0x0000000040000000        0x0 app/libapp.a(main.c.obj)
 .rela.text.net_if_ipv6_select_src_addr
                0x0000000040000000        0x0 app/libapp.a(main.c.obj)
 .rela.text.net_if_ipv4_is_addr_bcast
                0x0000000040000000        0x0 app/libapp.a(main.c.obj)
 .rela.text.net_if_ipv4_select_src_iface
                0x0000000040000000        0x0 app/libapp.a(main.c.obj)
 .rela.text.net_if_ipv4_select_src_addr
                0x0000000040000000        0x0 app/libapp.a(main.c.obj)
 .rela.text.net_if_ipv4_addr_lookup
                0x0000000040000000        0x0 app/libapp.a(main.c.obj)
 .rela.text.net_if_ipv4_maddr_lookup
                0x0000000040000000        0x0 app/libapp.a(main.c.obj)
 .rela.text.net_if_get_by_iface
                0x0000000040000000        0x0 app/libapp.a(main.c.obj)
 .rela.text.net_if_foreach
                0x0000000040000000        0x0 app/libapp.a(main.c.obj)
 .rela.text.net_if_init
                0x0000000040000000        0x0 app/libapp.a(main.c.obj)
 .rela.text.net_if_post_init
                0x0000000040000000        0x0 app/libapp.a(main.c.obj)
 .rela.text.device_visitor
                0x0000000040000000        0x0 app/libapp.a(main.c.obj)
 .rela.text.z_device_get_all_static
                0x0000000040000000        0x0 app/libapp.a(main.c.obj)
 .rela.text.z_bss_zero
                0x0000000040000000        0x0 app/libapp.a(main.c.obj)
 .rela.rodata.levels.0
                0x0000000040000000        0x0 app/libapp.a(main.c.obj)
 .rela.text.statics_init
                0x0000000040000000        0x0 app/libapp.a(main.c.obj)
 .rela.text.init_mem_slab_module
                0x0000000040000000        0x0 app/libapp.a(main.c.obj)
 .rela.text.z_init_static_threads
                0x0000000040000000        0x0 app/libapp.a(main.c.obj)

.plt
 *(SORT_BY_ALIGNMENT(.plt))

.iplt
 *(SORT_BY_ALIGNMENT(.iplt))
                0x0000000040000000                __rom_region_start = 0x40000000

rom_start       0x0000000040000000       0x10
                0x0000000040000000                . = ALIGN (0x10)
 *(SORT_BY_ALIGNMENT(.vectors.*))
 .vectors.__start
                0x0000000040000000       0x10 zephyr/libzephyr.a(vector.S.obj)
                0x0000000040000000                __start

reset           0x0000000040000010        0x4
 *(SORT_BY_ALIGNMENT(.reset.*))
 .reset.__reset
                0x0000000040000010        0x4 zephyr/arch/arch/riscv/core/libarch__riscv__core.a(reset.S.obj)
                0x0000000040000010                __reset

exceptions      0x0000000040000014      0x1d0
 *(SORT_BY_ALIGNMENT(.exception.entry.*))
 .exception.entry._isr_wrapper
                0x0000000040000014      0x1a4 zephyr/arch/arch/riscv/core/libarch__riscv__core.a(isr.S.obj)
                0x0000000040000014                _isr_wrapper
                0x0000000040000154                z_riscv_thread_start
 *(SORT_BY_ALIGNMENT(.exception.other.*))
 .exception.other.__soc_handle_irq
                0x00000000400001b8       0x10 zephyr/libzephyr.a(soc_irq.S.obj)
                0x00000000400001b8                __soc_handle_irq
 .exception.other.__soc_is_irq
                0x00000000400001c8       0x1c zephyr/libzephyr.a(soc_irq.S.obj)
                0x00000000400001c8                __soc_is_irq

text            0x00000000400001e4    0x32098
                0x00000000400001e4                . = ALIGN (0x4)
 *(SORT_BY_ALIGNMENT(.openocd_debug))
 *(SORT_BY_ALIGNMENT(.openocd_debug.*))
                0x00000000400001e4                __text_region_start = .
 *(SORT_BY_ALIGNMENT(.text))
 .text          0x00000000400001e4       0x38 /root/zephyr-sdk-0.16.0/riscv64-zephyr-elf/bin/../lib/gcc/riscv64-zephyr-elf/12.2.0/libgcc.a(_ashldi3.o)
                0x00000000400001e4                __ashldi3
 .text          0x000000004000021c       0x4c /root/zephyr-sdk-0.16.0/riscv64-zephyr-elf/bin/../lib/gcc/riscv64-zephyr-elf/12.2.0/libgcc.a(_clzsi2.o)
                0x000000004000021c                __clzsi2
 .text          0x0000000040000268       0x50 /root/zephyr-sdk-0.16.0/riscv64-zephyr-elf/bin/../lib/gcc/riscv64-zephyr-elf/12.2.0/libgcc.a(_ctzsi2.o)
                0x0000000040000268                __ctzsi2
 .text          0x00000000400002b8      0x430 /root/zephyr-sdk-0.16.0/riscv64-zephyr-elf/bin/../lib/gcc/riscv64-zephyr-elf/12.2.0/libgcc.a(_udivdi3.o)
                0x00000000400002b8                __udivdi3
 .text          0x00000000400006e8      0x3e4 /root/zephyr-sdk-0.16.0/riscv64-zephyr-elf/bin/../lib/gcc/riscv64-zephyr-elf/12.2.0/libgcc.a(_umoddi3.o)
                0x00000000400006e8                __umoddi3
 *(SORT_BY_ALIGNMENT(.text.*))
 .text._OffsetAbsSyms
                0x0000000040000acc        0x4 zephyr/CMakeFiles/offsets.dir/./arch/riscv/core/offsets/offsets.c.obj
                0x0000000040000acc                _OffsetAbsSyms
 .text.main     0x0000000040000ad0       0x5c app/libapp.a(main.c.obj)
                0x0000000040000ad0                main
 .text.getopt   0x0000000040000b2c      0x278 zephyr/libzephyr.a(getopt.c.obj)
                0x0000000040000b2c                getopt
 .text.z_getopt_global_state_update
                0x0000000040000da4       0x40 zephyr/libzephyr.a(getopt_common.c.obj)
                0x0000000040000da4                z_getopt_global_state_update
 .text.getopt_state_get
                0x0000000040000de4        0xc zephyr/libzephyr.a(getopt_common.c.obj)
                0x0000000040000de4                getopt_state_get
 .text.cbvprintf_package
                0x0000000040000df0      0x5c0 zephyr/libzephyr.a(cbprintf_packaged.c.obj)
                0x0000000040000df0                cbvprintf_package
 .text.cbpprintf_external
                0x00000000400013b0       0xf8 zephyr/libzephyr.a(cbprintf_packaged.c.obj)
                0x00000000400013b0                cbpprintf_external
 .text.is_ptr   0x00000000400014a8       0x78 zephyr/libzephyr.a(cbprintf_packaged.c.obj)
                0x00000000400014a8                is_ptr
 .text.cbprintf_package_convert
                0x0000000040001520      0x5f0 zephyr/libzephyr.a(cbprintf_packaged.c.obj)
                0x0000000040001520                cbprintf_package_convert
 .text.char2hex
                0x0000000040001b10       0x58 zephyr/libzephyr.a(hex.c.obj)
                0x0000000040001b10                char2hex
 .text.hex2bin  0x0000000040001b68       0xd0 zephyr/libzephyr.a(hex.c.obj)
                0x0000000040001b68                hex2bin
 .text.arch_printk_char_out
                0x0000000040001c38        0x8 zephyr/libzephyr.a(printk.c.obj)
                0x0000000040001c38                arch_printk_char_out
 .text.str_out  0x0000000040001c40       0x40 zephyr/libzephyr.a(printk.c.obj)
 .text.__printk_hook_install
                0x0000000040001c80        0xc zephyr/libzephyr.a(printk.c.obj)
                0x0000000040001c80                __printk_hook_install
 .text.printk   0x0000000040001c8c       0x3c zephyr/libzephyr.a(printk.c.obj)
                0x0000000040001c8c                printk
 .text.vsnprintk
                0x0000000040001cc8       0x54 zephyr/libzephyr.a(printk.c.obj)
                0x0000000040001cc8                vsnprintk
 .text.snprintk
                0x0000000040001d1c       0x34 zephyr/libzephyr.a(printk.c.obj)
                0x0000000040001d1c                snprintk
 .text.z_thread_entry
                0x0000000040001d50       0x24 zephyr/libzephyr.a(thread_entry.c.obj)
                0x0000000040001d50                z_thread_entry
 .text.chunk_field
                0x0000000040001d74       0x34 zephyr/libzephyr.a(heap.c.obj)
 .text.chunk_set
                0x0000000040001da8       0x34 zephyr/libzephyr.a(heap.c.obj)
 .text.chunk_size
                0x0000000040001ddc       0x20 zephyr/libzephyr.a(heap.c.obj)
 .text.set_chunk_used
                0x0000000040001dfc       0x4c zephyr/libzephyr.a(heap.c.obj)
 .text.set_chunk_size
                0x0000000040001e48        0xc zephyr/libzephyr.a(heap.c.obj)
 .text.mem_to_chunkid
                0x0000000040001e54       0x28 zephyr/libzephyr.a(heap.c.obj)
 .text.bucket_idx.isra.0
                0x0000000040001e7c       0x44 zephyr/libzephyr.a(heap.c.obj)
 .text.free_list_remove_bidx
                0x0000000040001ec0       0xe4 zephyr/libzephyr.a(heap.c.obj)
 .text.free_list_remove
                0x0000000040001fa4       0x7c zephyr/libzephyr.a(heap.c.obj)
 .text.alloc_chunk
                0x0000000040002020       0xf4 zephyr/libzephyr.a(heap.c.obj)
 .text.split_chunks
                0x0000000040002114       0xa4 zephyr/libzephyr.a(heap.c.obj)
 .text.merge_chunks
                0x00000000400021b8       0x84 zephyr/libzephyr.a(heap.c.obj)
 .text.free_list_add
                0x000000004000223c      0x128 zephyr/libzephyr.a(heap.c.obj)
 .text.free_chunk
                0x0000000040002364       0xe8 zephyr/libzephyr.a(heap.c.obj)
 .text.sys_heap_free
                0x000000004000244c       0x4c zephyr/libzephyr.a(heap.c.obj)
                0x000000004000244c                sys_heap_free
 .text.sys_heap_alloc
                0x0000000040002498       0xd8 zephyr/libzephyr.a(heap.c.obj)
                0x0000000040002498                sys_heap_alloc
 .text.sys_heap_aligned_alloc
                0x0000000040002570      0x1d0 zephyr/libzephyr.a(heap.c.obj)
                0x0000000040002570                sys_heap_aligned_alloc
 .text.sys_heap_init
                0x0000000040002740      0x138 zephyr/libzephyr.a(heap.c.obj)
                0x0000000040002740                sys_heap_init
 .text.crc16_reflect
                0x0000000040002878       0x4c zephyr/libzephyr.a(crc16_sw.c.obj)
                0x0000000040002878                crc16_reflect
 .text.encode_uint
                0x00000000400028c4      0x15c zephyr/libzephyr.a(cbprintf_complete.c.obj)
 .text.outs     0x0000000040002a20       0x7c zephyr/libzephyr.a(cbprintf_complete.c.obj)
 .text.z_cbvprintf_impl
                0x0000000040002a9c      0xb8c zephyr/libzephyr.a(cbprintf_complete.c.obj)
                0x0000000040002a9c                z_cbvprintf_impl
 .text.ring_buf_put_claim
                0x0000000040003628       0x60 zephyr/libzephyr.a(ring_buffer.c.obj)
                0x0000000040003628                ring_buf_put_claim
 .text.ring_buf_put_finish
                0x0000000040003688       0x48 zephyr/libzephyr.a(ring_buffer.c.obj)
                0x0000000040003688                ring_buf_put_finish
 .text.ring_buf_put
                0x00000000400036d0       0x94 zephyr/libzephyr.a(ring_buffer.c.obj)
                0x00000000400036d0                ring_buf_put
 .text.ring_buf_get_claim
                0x0000000040003764       0x5c zephyr/libzephyr.a(ring_buffer.c.obj)
                0x0000000040003764                ring_buf_get_claim
 .text.ring_buf_get_finish
                0x00000000400037c0       0x48 zephyr/libzephyr.a(ring_buffer.c.obj)
                0x00000000400037c0                ring_buf_get_finish
 .text.ring_buf_get
                0x0000000040003808       0x98 zephyr/libzephyr.a(ring_buffer.c.obj)
                0x0000000040003808                ring_buf_get
 .text.free_space
                0x00000000400038a0       0x40 zephyr/libzephyr.a(mpsc_pbuf.c.obj)
 .text.get_usage
                0x00000000400038e0       0x50 zephyr/libzephyr.a(mpsc_pbuf.c.obj)
 .text.idx_inc  0x0000000040003930       0x30 zephyr/libzephyr.a(mpsc_pbuf.c.obj)
 .text.rd_idx_inc
                0x0000000040003960       0x3c zephyr/libzephyr.a(mpsc_pbuf.c.obj)
 .text.add_skip_item
                0x000000004000399c       0x78 zephyr/libzephyr.a(mpsc_pbuf.c.obj)
 .text.drop_item_locked
                0x0000000040003a14      0x194 zephyr/libzephyr.a(mpsc_pbuf.c.obj)
 .text.post_drop_action
                0x0000000040003ba8       0x84 zephyr/libzephyr.a(mpsc_pbuf.c.obj)
 .text.max_utilization_update
                0x0000000040003c2c       0x50 zephyr/libzephyr.a(mpsc_pbuf.c.obj)
 .text.mpsc_pbuf_init
                0x0000000040003c7c       0x84 zephyr/libzephyr.a(mpsc_pbuf.c.obj)
                0x0000000040003c7c                mpsc_pbuf_init
 .text.mpsc_pbuf_alloc
                0x0000000040003d00      0x1a8 zephyr/libzephyr.a(mpsc_pbuf.c.obj)
                0x0000000040003d00                mpsc_pbuf_alloc
 .text.mpsc_pbuf_commit
                0x0000000040003ea8       0x74 zephyr/libzephyr.a(mpsc_pbuf.c.obj)
                0x0000000040003ea8                mpsc_pbuf_commit
 .text.mpsc_pbuf_claim
                0x0000000040003f1c      0x11c zephyr/libzephyr.a(mpsc_pbuf.c.obj)
                0x0000000040003f1c                mpsc_pbuf_claim
 .text.mpsc_pbuf_free
                0x0000000040004038       0xd0 zephyr/libzephyr.a(mpsc_pbuf.c.obj)
                0x0000000040004038                mpsc_pbuf_free
 .text.mpsc_pbuf_is_pending
                0x0000000040004108       0x2c zephyr/libzephyr.a(mpsc_pbuf.c.obj)
                0x0000000040004108                mpsc_pbuf_is_pending
 .text.mpsc_pbuf_get_utilization
                0x0000000040004134       0x3c zephyr/libzephyr.a(mpsc_pbuf.c.obj)
                0x0000000040004134                mpsc_pbuf_get_utilization
 .text.mpsc_pbuf_get_max_utilization
                0x0000000040004170       0x28 zephyr/libzephyr.a(mpsc_pbuf.c.obj)
                0x0000000040004170                mpsc_pbuf_get_max_utilization
 .text._ConfigAbsSyms
                0x0000000040004198        0x4 zephyr/libzephyr.a(configs.c.obj)
                0x0000000040004198                _ConfigAbsSyms
 .text.log_msg_generic_get_wlen
                0x000000004000419c       0x38 zephyr/libzephyr.a(log_core.c.obj)
 .text.dummy_timestamp
                0x00000000400041d4        0x8 zephyr/libzephyr.a(log_core.c.obj)
 .text.activate_foreach_backend
                0x00000000400041dc       0xc8 zephyr/libzephyr.a(log_core.c.obj)
 .text.atomic_inc
                0x00000000400042a4        0x8 zephyr/libzephyr.a(log_core.c.obj)
 .text.enable_logger
                0x00000000400042ac       0x88 zephyr/libzephyr.a(log_core.c.obj)
 .text.default_lf_get_timestamp
                0x0000000040004334       0x20 zephyr/libzephyr.a(log_core.c.obj)
 .text.log_process_thread_timer_expiry_fn
                0x0000000040004354        0xc zephyr/libzephyr.a(log_core.c.obj)
 .text.z_log_init
                0x0000000040004360      0x114 zephyr/libzephyr.a(log_core.c.obj)
 .text.z_log_vprintk
                0x0000000040004474       0x24 zephyr/libzephyr.a(log_core.c.obj)
                0x0000000040004474                z_log_vprintk
 .text.log_set_timestamp_func
                0x0000000040004498       0x38 zephyr/libzephyr.a(log_core.c.obj)
                0x0000000040004498                log_set_timestamp_func
 .text.z_log_notify_backend_enabled
                0x00000000400044d0       0x3c zephyr/libzephyr.a(log_core.c.obj)
                0x00000000400044d0                z_log_notify_backend_enabled
 .text.z_log_dropped
                0x000000004000450c       0x4c zephyr/libzephyr.a(log_core.c.obj)
                0x000000004000450c                z_log_dropped
 .text.z_log_notify_drop
                0x0000000040004558        0x8 zephyr/libzephyr.a(log_core.c.obj)
 .text.z_log_dropped_read_and_clear
                0x0000000040004560       0x10 zephyr/libzephyr.a(log_core.c.obj)
                0x0000000040004560                z_log_dropped_read_and_clear
 .text.dropped_notify
                0x0000000040004570       0x74 zephyr/libzephyr.a(log_core.c.obj)
                0x0000000040004570                dropped_notify
 .text.z_log_msg_init
                0x00000000400045e4       0x3c zephyr/libzephyr.a(log_core.c.obj)
                0x00000000400045e4                z_log_msg_init
 .text.log_core_init
                0x0000000040004620       0x40 zephyr/libzephyr.a(log_core.c.obj)
                0x0000000040004620                log_core_init
 .text.z_log_msg_alloc
                0x0000000040004660       0x18 zephyr/libzephyr.a(log_core.c.obj)
                0x0000000040004660                z_log_msg_alloc
 .text.z_log_msg_local_claim
                0x0000000040004678        0xc zephyr/libzephyr.a(log_core.c.obj)
                0x0000000040004678                z_log_msg_local_claim
 .text.z_log_msg_free
                0x0000000040004684       0x10 zephyr/libzephyr.a(log_core.c.obj)
                0x0000000040004684                z_log_msg_free
 .text.z_log_msg_pending
                0x0000000040004694        0xc zephyr/libzephyr.a(log_core.c.obj)
                0x0000000040004694                z_log_msg_pending
 .text.z_impl_log_process
                0x00000000400046a0      0x168 zephyr/libzephyr.a(log_core.c.obj)
                0x00000000400046a0                z_impl_log_process
 .text.z_impl_log_panic
                0x0000000040004808       0x8c zephyr/libzephyr.a(log_core.c.obj)
                0x0000000040004808                z_impl_log_panic
 .text.log_process_thread_func
                0x0000000040004894      0x104 zephyr/libzephyr.a(log_core.c.obj)
 .text.z_log_msg_post_finalize
                0x0000000040004998       0xa8 zephyr/libzephyr.a(log_core.c.obj)
 .text.z_log_msg_commit
                0x0000000040004a40       0x38 zephyr/libzephyr.a(log_core.c.obj)
                0x0000000040004a40                z_log_msg_commit
 .text.z_log_get_tag
                0x0000000040004a78        0x8 zephyr/libzephyr.a(log_core.c.obj)
                0x0000000040004a78                z_log_get_tag
 .text.log_mem_get_usage
                0x0000000040004a80       0x2c zephyr/libzephyr.a(log_core.c.obj)
                0x0000000040004a80                log_mem_get_usage
 .text.log_mem_get_max_usage
                0x0000000040004aac       0x10 zephyr/libzephyr.a(log_core.c.obj)
                0x0000000040004aac                log_mem_get_max_usage
 .text.log_src_cnt_get
                0x0000000040004abc       0x1c zephyr/libzephyr.a(log_mgmt.c.obj)
                0x0000000040004abc                log_src_cnt_get
 .text.log_source_name_get
                0x0000000040004ad8       0x30 zephyr/libzephyr.a(log_mgmt.c.obj)
                0x0000000040004ad8                log_source_name_get
 .text.z_log_runtime_filters_init
                0x0000000040004b08       0x54 zephyr/libzephyr.a(log_mgmt.c.obj)
                0x0000000040004b08                z_log_runtime_filters_init
 .text.log_source_id_get
                0x0000000040004b5c       0x84 zephyr/libzephyr.a(log_mgmt.c.obj)
                0x0000000040004b5c                log_source_id_get
 .text.z_impl_log_filter_set
                0x0000000040004be0      0x144 zephyr/libzephyr.a(log_mgmt.c.obj)
                0x0000000040004be0                z_impl_log_filter_set
 .text.backend_filter_set
                0x0000000040004d24       0x84 zephyr/libzephyr.a(log_mgmt.c.obj)
 .text.log_backend_enable
                0x0000000040004da8       0x6c zephyr/libzephyr.a(log_mgmt.c.obj)
                0x0000000040004da8                log_backend_enable
 .text.log_backend_disable
                0x0000000040004e14       0x3c zephyr/libzephyr.a(log_mgmt.c.obj)
                0x0000000040004e14                log_backend_disable
 .text.log_filter_get
                0x0000000040004e50       0x70 zephyr/libzephyr.a(log_mgmt.c.obj)
                0x0000000040004e50                log_filter_get
 .text.z_cbprintf_cpy
                0x0000000040004ec0       0x68 zephyr/libzephyr.a(log_msg.c.obj)
 .text.z_log_msg_finalize
                0x0000000040004f28       0x6c zephyr/libzephyr.a(log_msg.c.obj)
                0x0000000040004f28                z_log_msg_finalize
 .text.z_impl_z_log_msg_static_create
                0x0000000040004f94      0x1f0 zephyr/libzephyr.a(log_msg.c.obj)
                0x0000000040004f94                z_impl_z_log_msg_static_create
 .text.z_impl_z_log_msg_runtime_vcreate
                0x0000000040005184      0x114 zephyr/libzephyr.a(log_msg.c.obj)
                0x0000000040005184                z_impl_z_log_msg_runtime_vcreate
 .text.buffer_write
                0x0000000040005298       0x60 zephyr/libzephyr.a(log_output.c.obj)
 .text.cbvprintf
                0x00000000400052f8        0x8 zephyr/libzephyr.a(log_output.c.obj)
 .text.print_formatted
                0x0000000040005300       0x48 zephyr/libzephyr.a(log_output.c.obj)
 .text.newline_print
                0x0000000040005348       0x2c zephyr/libzephyr.a(log_output.c.obj)
 .text.log_output_flush
                0x0000000040005374       0x40 zephyr/libzephyr.a(log_output.c.obj)
                0x0000000040005374                log_output_flush
 .text.out_func
                0x00000000400053b4       0x60 zephyr/libzephyr.a(log_output.c.obj)
 .text.cr_out_func
                0x0000000040005414       0x4c zephyr/libzephyr.a(log_output.c.obj)
 .text.log_output_process
                0x0000000040005460      0x3b4 zephyr/libzephyr.a(log_output.c.obj)
                0x0000000040005460                log_output_process
 .text.log_output_msg_process
                0x0000000040005814       0xc4 zephyr/libzephyr.a(log_output.c.obj)
                0x0000000040005814                log_output_msg_process
 .text.log_output_dropped_process
                0x00000000400058d8       0xb0 zephyr/libzephyr.a(log_output.c.obj)
                0x00000000400058d8                log_output_dropped_process
 .text.log_output_timestamp_freq_set
                0x0000000040005988       0x40 zephyr/libzephyr.a(log_output.c.obj)
                0x0000000040005988                log_output_timestamp_freq_set
 .text.severity_lvl_get
                0x00000000400059c8       0x3c zephyr/libzephyr.a(log_cmds.c.obj)
 .text.log_halt
                0x0000000040005a04       0x10 zephyr/libzephyr.a(log_cmds.c.obj)
 .text.log_go   0x0000000040005a14       0x14 zephyr/libzephyr.a(log_cmds.c.obj)
 .text.backend_name_get
                0x0000000040005a28       0x48 zephyr/libzephyr.a(log_cmds.c.obj)
 .text.module_name_get
                0x0000000040005a70       0x44 zephyr/libzephyr.a(log_cmds.c.obj)
 .text.cmd_log_backends_list
                0x0000000040005ab4       0xa8 zephyr/libzephyr.a(log_cmds.c.obj)
 .text.log_status
                0x0000000040005b5c      0x148 zephyr/libzephyr.a(log_cmds.c.obj)
 .text.shell_backend_cmd_execute
                0x0000000040005ca4       0xe8 zephyr/libzephyr.a(log_cmds.c.obj)
 .text.cmd_log_backend_status
                0x0000000040005d8c       0x24 zephyr/libzephyr.a(log_cmds.c.obj)
 .text.cmd_log_backend_halt
                0x0000000040005db0        0xc zephyr/libzephyr.a(log_cmds.c.obj)
 .text.cmd_log_backend_go
                0x0000000040005dbc        0xc zephyr/libzephyr.a(log_cmds.c.obj)
 .text.cmd_log_backend_enable
                0x0000000040005dc8        0xc zephyr/libzephyr.a(log_cmds.c.obj)
 .text.cmd_log_backend_disable
                0x0000000040005dd4        0xc zephyr/libzephyr.a(log_cmds.c.obj)
 .text.cmd_log_mem
                0x0000000040005de0       0xd0 zephyr/libzephyr.a(log_cmds.c.obj)
 .text.shell_state_precheck
                0x0000000040005eb0       0x40 zephyr/libzephyr.a(log_cmds.c.obj)
 .text.cmd_log_self_status
                0x0000000040005ef0       0x54 zephyr/libzephyr.a(log_cmds.c.obj)
 .text.filters_set
                0x0000000040005f44      0x1a8 zephyr/libzephyr.a(log_cmds.c.obj)
 .text.log_enable
                0x00000000400060ec       0xdc zephyr/libzephyr.a(log_cmds.c.obj)
 .text.cmd_log_self_enable
                0x00000000400061c8       0x60 zephyr/libzephyr.a(log_cmds.c.obj)
 .text.log_disable
                0x0000000040006228       0x28 zephyr/libzephyr.a(log_cmds.c.obj)
 .text.cmd_log_self_disable
                0x0000000040006250       0x60 zephyr/libzephyr.a(log_cmds.c.obj)
 .text.cmd_log_self_go
                0x00000000400062b0       0x40 zephyr/libzephyr.a(log_cmds.c.obj)
 .text.cmd_log_self_halt
                0x00000000400062f0       0x3c zephyr/libzephyr.a(log_cmds.c.obj)
 .text.cmd_kernel_version
                0x000000004000632c       0x50 zephyr/libzephyr.a(kernel_service.c.obj)
 .text.cmd_kernel_uptime
                0x000000004000637c       0x44 zephyr/libzephyr.a(kernel_service.c.obj)
 .text.cmd_kernel_threads
                0x00000000400063c0       0x64 zephyr/libzephyr.a(kernel_service.c.obj)
 .text.shell_tdata_dump
                0x0000000040006424      0x130 zephyr/libzephyr.a(kernel_service.c.obj)
 .text.cmd_kernel_stacks
                0x0000000040006554       0xec zephyr/libzephyr.a(kernel_service.c.obj)
 .text.cmd_kernel_cycles
                0x0000000040006640       0x40 zephyr/libzephyr.a(kernel_service.c.obj)
 .text.cmd_kernel_log_level_set
                0x0000000040006680       0xfc zephyr/libzephyr.a(kernel_service.c.obj)
 .text.cmd_kernel_sleep
                0x000000004000677c       0x98 zephyr/libzephyr.a(kernel_service.c.obj)
 .text.shell_stack_dump
                0x0000000040006814       0xb0 zephyr/libzephyr.a(kernel_service.c.obj)
 .text.get_device_name
                0x00000000400068c4       0x4c zephyr/libzephyr.a(device_service.c.obj)
 .text.cmd_device_list_visitor
                0x0000000040006910       0x48 zephyr/libzephyr.a(device_service.c.obj)
 .text.cmd_device_list
                0x0000000040006958      0x128 zephyr/libzephyr.a(device_service.c.obj)
 .text.device_get_config_level
                0x0000000040006a80       0xbc zephyr/libzephyr.a(device_service.c.obj)
 .text.cmd_device_levels
                0x0000000040006b3c      0x138 zephyr/libzephyr.a(device_service.c.obj)
 .text.cmd_devmem
                0x0000000040006c74      0x190 zephyr/libzephyr.a(devmem_service.c.obj)
 .text.set_bypass.isra.0
                0x0000000040006e04       0xa4 zephyr/libzephyr.a(devmem_service.c.obj)
 .text.bypass_cb
                0x0000000040006ea8      0x254 zephyr/libzephyr.a(devmem_service.c.obj)
 .text.cmd_load
                0x00000000400070fc      0x170 zephyr/libzephyr.a(devmem_service.c.obj)
 .text.cmd_dump
                0x000000004000726c      0x290 zephyr/libzephyr.a(devmem_service.c.obj)
 .text.log_msg_generic_get_wlen
                0x00000000400074fc       0x38 zephyr/libzephyr.a(shell_uart.c.obj)
 .text.enable   0x0000000040007534       0x14 zephyr/libzephyr.a(shell_uart.c.obj)
 .text.write    0x0000000040007548       0x90 zephyr/libzephyr.a(shell_uart.c.obj)
 .text.read     0x00000000400075d8       0x34 zephyr/libzephyr.a(shell_uart.c.obj)
 .text.uninit   0x000000004000760c       0x24 zephyr/libzephyr.a(shell_uart.c.obj)
 .text.enable_shell_uart
                0x0000000040007630       0x58 zephyr/libzephyr.a(shell_uart.c.obj)
 .text.timer_handler
                0x0000000040007688       0xcc zephyr/libzephyr.a(shell_uart.c.obj)
 .text.init     0x0000000040007754       0x70 zephyr/libzephyr.a(shell_uart.c.obj)
 .text.cmd_buffer_clear
                0x00000000400077c4       0x1c zephyr/libzephyr.a(shell.c.obj)
 .text.atomic_or
                0x00000000400077e0        0x4 zephyr/libzephyr.a(shell.c.obj)
 .text.atomic_and
                0x00000000400077e4        0x4 zephyr/libzephyr.a(shell.c.obj)
 .text.shell_signal_handle
                0x00000000400077e8       0x64 zephyr/libzephyr.a(shell.c.obj)
 .text.z_shell_strlen
                0x000000004000784c       0x2c zephyr/libzephyr.a(shell.c.obj)
 .text.z_shell_raw_fprintf
                0x0000000040007878       0x38 zephyr/libzephyr.a(shell.c.obj)
 .text.shell_internal_help_print
                0x00000000400078b0       0x40 zephyr/libzephyr.a(shell.c.obj)
 .text.k_mutex_lock.constprop.0.isra.0
                0x00000000400078f0        0x4 zephyr/libzephyr.a(shell.c.obj)
 .text.transport_evt_handler
                0x00000000400078f4       0x1c zephyr/libzephyr.a(shell.c.obj)
 .text.kill_handler
                0x0000000040007910       0x8c zephyr/libzephyr.a(shell.c.obj)
 .text.z_cursor_next_line_move.isra.0
                0x000000004000799c        0xc zephyr/libzephyr.a(shell.c.obj)
 .text.z_flag_cmd_ctx_set.isra.0
                0x00000000400079a8       0x20 zephyr/libzephyr.a(shell.c.obj)
 .text.z_flag_history_exit_set.isra.0
                0x00000000400079c8       0x18 zephyr/libzephyr.a(shell.c.obj)
 .text.history_handle
                0x00000000400079e0      0x114 zephyr/libzephyr.a(shell.c.obj)
 .text.z_flag_insert_mode_set.isra.0
                0x0000000040007af4       0x34 zephyr/libzephyr.a(shell.c.obj)
 .text.k_mutex_unlock.isra.0
                0x0000000040007b28        0x4 zephyr/libzephyr.a(shell.c.obj)
 .text.execute  0x0000000040007b2c      0x46c zephyr/libzephyr.a(shell.c.obj)
 .text.shell_log_process
                0x0000000040007f98       0x8c zephyr/libzephyr.a(shell.c.obj)
 .text.state_set.constprop.0
                0x0000000040008024       0x88 zephyr/libzephyr.a(shell.c.obj)
 .text.shell_process
                0x00000000400080ac      0x9b0 zephyr/libzephyr.a(shell.c.obj)
                0x00000000400080ac                shell_process
 .text.shell_init
                0x0000000040008a5c      0x1b8 zephyr/libzephyr.a(shell.c.obj)
                0x0000000040008a5c                shell_init
 .text.shell_start
                0x0000000040008c14       0x88 zephyr/libzephyr.a(shell.c.obj)
                0x0000000040008c14                shell_start
 .text.shell_thread
                0x0000000040008c9c      0x15c zephyr/libzephyr.a(shell.c.obj)
                0x0000000040008c9c                shell_thread
 .text.shell_vfprintf
                0x0000000040008df8       0xf4 zephyr/libzephyr.a(shell.c.obj)
                0x0000000040008df8                shell_vfprintf
 .text.shell_fprintf
                0x0000000040008eec       0x34 zephyr/libzephyr.a(shell.c.obj)
                0x0000000040008eec                shell_fprintf
 .text.cmd_help
                0x0000000040008f20       0x84 zephyr/libzephyr.a(shell.c.obj)
 .text.shell_hexdump_line
                0x0000000040008fa4      0x1a4 zephyr/libzephyr.a(shell.c.obj)
                0x0000000040008fa4                shell_hexdump_line
 .text.shell_hexdump
                0x0000000040009148       0x88 zephyr/libzephyr.a(shell.c.obj)
                0x0000000040009148                shell_hexdump
 .text.shell_help
                0x00000000400091d0       0x44 zephyr/libzephyr.a(shell.c.obj)
                0x00000000400091d0                shell_help
 .text.shell_get_return_value
                0x0000000040009214       0x18 zephyr/libzephyr.a(shell.c.obj)
                0x0000000040009214                shell_get_return_value
 .text.shell_set_bypass
                0x000000004000922c       0x14 zephyr/libzephyr.a(shell.c.obj)
                0x000000004000922c                shell_set_bypass
 .text.z_shell_fprintf_buffer_flush
                0x0000000040009240       0x40 zephyr/libzephyr.a(shell_fprintf.c.obj)
                0x0000000040009240                z_shell_fprintf_buffer_flush
 .text.z_shell_fprintf_fmt
                0x0000000040009280       0x5c zephyr/libzephyr.a(shell_fprintf.c.obj)
                0x0000000040009280                z_shell_fprintf_fmt
 .text.out_func
                0x00000000400092dc       0x8c zephyr/libzephyr.a(shell_fprintf.c.obj)
 .text.isspace  0x0000000040009368       0x1c zephyr/libzephyr.a(shell_utils.c.obj)
 .text.z_shell_strlen
                0x0000000040009384       0x2c zephyr/libzephyr.a(shell_utils.c.obj)
 .text.z_column_span_with_buffer_offsets_get
                0x00000000400093b0       0x20 zephyr/libzephyr.a(shell_utils.c.obj)
                0x00000000400093b0                z_column_span_with_buffer_offsets_get
 .text.z_row_span_with_buffer_offsets_get
                0x00000000400093d0       0x20 zephyr/libzephyr.a(shell_utils.c.obj)
                0x00000000400093d0                z_row_span_with_buffer_offsets_get
 .text.z_shell_multiline_data_calc
                0x00000000400093f0       0x44 zephyr/libzephyr.a(shell_utils.c.obj)
                0x00000000400093f0                z_shell_multiline_data_calc
 .text.z_shell_make_argv
                0x0000000040009434      0x324 zephyr/libzephyr.a(shell_utils.c.obj)
                0x0000000040009434                z_shell_make_argv
 .text.z_shell_pattern_remove
                0x0000000040009758       0xc4 zephyr/libzephyr.a(shell_utils.c.obj)
                0x0000000040009758                z_shell_pattern_remove
 .text.z_shell_cmd_get
                0x000000004000981c       0xcc zephyr/libzephyr.a(shell_utils.c.obj)
                0x000000004000981c                z_shell_cmd_get
 .text.z_shell_find_cmd
                0x00000000400098e8       0x94 zephyr/libzephyr.a(shell_utils.c.obj)
                0x00000000400098e8                z_shell_find_cmd
 .text.z_shell_get_last_command
                0x000000004000997c       0xcc zephyr/libzephyr.a(shell_utils.c.obj)
                0x000000004000997c                z_shell_get_last_command
 .text.z_shell_spaces_trim
                0x0000000040009a48       0xf8 zephyr/libzephyr.a(shell_utils.c.obj)
                0x0000000040009a48                z_shell_spaces_trim
 .text.z_shell_cmd_trim
                0x0000000040009b40       0xe4 zephyr/libzephyr.a(shell_utils.c.obj)
                0x0000000040009b40                z_shell_cmd_trim
 .text.shell_strtoul
                0x0000000040009c24       0xac zephyr/libzephyr.a(shell_utils.c.obj)
                0x0000000040009c24                shell_strtoul
 .text.z_shell_raw_fprintf
                0x0000000040009cd0       0x38 zephyr/libzephyr.a(shell_ops.c.obj)
 .text.z_clear_eos
                0x0000000040009d08       0x28 zephyr/libzephyr.a(shell_ops.c.obj)
 .text.z_cursor_next_line_move.isra.0
                0x0000000040009d30        0xc zephyr/libzephyr.a(shell_ops.c.obj)
 .text.full_line_cmd
                0x0000000040009d3c       0x5c zephyr/libzephyr.a(shell_ops.c.obj)
 .text.z_shell_op_cursor_vert_move
                0x0000000040009d98       0x44 zephyr/libzephyr.a(shell_ops.c.obj)
                0x0000000040009d98                z_shell_op_cursor_vert_move
 .text.z_shell_op_cursor_horiz_move
                0x0000000040009ddc       0x44 zephyr/libzephyr.a(shell_ops.c.obj)
                0x0000000040009ddc                z_shell_op_cursor_horiz_move
 .text.z_shell_cursor_in_empty_line
                0x0000000040009e20       0x6c zephyr/libzephyr.a(shell_ops.c.obj)
                0x0000000040009e20                z_shell_cursor_in_empty_line
 .text.z_shell_op_cond_next_line
                0x0000000040009e8c       0x48 zephyr/libzephyr.a(shell_ops.c.obj)
                0x0000000040009e8c                z_shell_op_cond_next_line
 .text.z_shell_op_cursor_position_synchronize
                0x0000000040009ed4       0x94 zephyr/libzephyr.a(shell_ops.c.obj)
                0x0000000040009ed4                z_shell_op_cursor_position_synchronize
 .text.z_shell_op_cursor_move
                0x0000000040009f68       0xac zephyr/libzephyr.a(shell_ops.c.obj)
                0x0000000040009f68                z_shell_op_cursor_move
 .text.z_shell_op_cursor_word_move
                0x000000004000a014      0x114 zephyr/libzephyr.a(shell_ops.c.obj)
                0x000000004000a014                z_shell_op_cursor_word_move
 .text.z_shell_op_cursor_home_move
                0x000000004000a128       0x18 zephyr/libzephyr.a(shell_ops.c.obj)
                0x000000004000a128                z_shell_op_cursor_home_move
 .text.z_shell_op_cursor_end_move
                0x000000004000a140       0x1c zephyr/libzephyr.a(shell_ops.c.obj)
                0x000000004000a140                z_shell_op_cursor_end_move
 .text.z_shell_op_left_arrow
                0x000000004000a15c       0x18 zephyr/libzephyr.a(shell_ops.c.obj)
                0x000000004000a15c                z_shell_op_left_arrow
 .text.z_shell_op_right_arrow
                0x000000004000a174       0x1c zephyr/libzephyr.a(shell_ops.c.obj)
                0x000000004000a174                z_shell_op_right_arrow
 .text.z_shell_op_delete_from_cursor
                0x000000004000a190       0x20 zephyr/libzephyr.a(shell_ops.c.obj)
                0x000000004000a190                z_shell_op_delete_from_cursor
 .text.z_shell_cmd_line_erase
                0x000000004000a1b0       0x64 zephyr/libzephyr.a(shell_ops.c.obj)
                0x000000004000a1b0                z_shell_cmd_line_erase
 .text.z_shell_print_cmd
                0x000000004000a214       0x18 zephyr/libzephyr.a(shell_ops.c.obj)
                0x000000004000a214                z_shell_print_cmd
 .text.z_shell_write
                0x000000004000a22c       0xf0 zephyr/libzephyr.a(shell_ops.c.obj)
                0x000000004000a22c                z_shell_write
 .text.z_shell_print_stream
                0x000000004000a31c        0x4 zephyr/libzephyr.a(shell_ops.c.obj)
                0x000000004000a31c                z_shell_print_stream
 .text.z_shell_vt100_color_set
                0x000000004000a320       0x5c zephyr/libzephyr.a(shell_ops.c.obj)
                0x000000004000a320                z_shell_vt100_color_set
 .text.z_shell_vt100_colors_restore
                0x000000004000a37c       0x84 zephyr/libzephyr.a(shell_ops.c.obj)
                0x000000004000a37c                z_shell_vt100_colors_restore
 .text.z_shell_vfprintf
                0x000000004000a400       0xc0 zephyr/libzephyr.a(shell_ops.c.obj)
                0x000000004000a400                z_shell_vfprintf
 .text.z_shell_fprintf
                0x000000004000a4c0       0x34 zephyr/libzephyr.a(shell_ops.c.obj)
                0x000000004000a4c0                z_shell_fprintf
 .text.z_shell_op_word_remove
                0x000000004000a4f4      0x17c zephyr/libzephyr.a(shell_ops.c.obj)
                0x000000004000a4f4                z_shell_op_word_remove
 .text.reprint_from_cursor
                0x000000004000a670       0xe8 zephyr/libzephyr.a(shell_ops.c.obj)
 .text.data_insert
                0x000000004000a758      0x100 zephyr/libzephyr.a(shell_ops.c.obj)
 .text.z_shell_op_char_insert
                0x000000004000a858       0xb4 zephyr/libzephyr.a(shell_ops.c.obj)
                0x000000004000a858                z_shell_op_char_insert
 .text.z_shell_op_completion_insert
                0x000000004000a90c        0x4 zephyr/libzephyr.a(shell_ops.c.obj)
                0x000000004000a90c                z_shell_op_completion_insert
 .text.z_shell_op_char_delete
                0x000000004000a910       0x90 zephyr/libzephyr.a(shell_ops.c.obj)
                0x000000004000a910                z_shell_op_char_delete
 .text.z_shell_op_char_backspace
                0x000000004000a9a0       0x44 zephyr/libzephyr.a(shell_ops.c.obj)
                0x000000004000a9a0                z_shell_op_char_backspace
 .text.z_shell_print_prompt_and_cmd
                0x000000004000a9e4       0x68 zephyr/libzephyr.a(shell_ops.c.obj)
                0x000000004000a9e4                z_shell_print_prompt_and_cmd
 .text.process_msg_from_buffer
                0x000000004000aa4c       0x80 zephyr/libzephyr.a(shell_log_backend.c.obj)
 .text.dropped  0x000000004000aacc       0x44 zephyr/libzephyr.a(shell_log_backend.c.obj)
 .text.process  0x000000004000ab10      0x254 zephyr/libzephyr.a(shell_log_backend.c.obj)
 .text.z_shell_log_backend_output_func
                0x000000004000ad64       0x38 zephyr/libzephyr.a(shell_log_backend.c.obj)
                0x000000004000ad64                z_shell_log_backend_output_func
 .text.z_shell_log_backend_enable
                0x000000004000ad9c       0x6c zephyr/libzephyr.a(shell_log_backend.c.obj)
                0x000000004000ad9c                z_shell_log_backend_enable
 .text.z_shell_log_backend_disable
                0x000000004000ae08       0x34 zephyr/libzephyr.a(shell_log_backend.c.obj)
                0x000000004000ae08                z_shell_log_backend_disable
 .text.panic    0x000000004000ae3c       0xb0 zephyr/libzephyr.a(shell_log_backend.c.obj)
 .text.z_shell_log_backend_process
                0x000000004000aeec       0xb8 zephyr/libzephyr.a(shell_log_backend.c.obj)
                0x000000004000aeec                z_shell_log_backend_process
 .text.z_shell_raw_fprintf
                0x000000004000afa4       0x38 zephyr/libzephyr.a(shell_help.c.obj)
 .text.z_cursor_next_line_move.isra.0
                0x000000004000afdc        0xc zephyr/libzephyr.a(shell_help.c.obj)
 .text.formatted_text_print.constprop.0
                0x000000004000afe8      0x1bc zephyr/libzephyr.a(shell_help.c.obj)
 .text.z_shell_help_subcmd_print
                0x000000004000b1a4      0x188 zephyr/libzephyr.a(shell_help.c.obj)
                0x000000004000b1a4                z_shell_help_subcmd_print
 .text.z_shell_help_cmd_print
                0x000000004000b32c       0x94 zephyr/libzephyr.a(shell_help.c.obj)
                0x000000004000b32c                z_shell_help_cmd_print
 .text.z_shell_help_request
                0x000000004000b3c0       0x4c zephyr/libzephyr.a(shell_help.c.obj)
                0x000000004000b3c0                z_shell_help_request
 .text.cmd_shell_stats_reset
                0x000000004000b40c       0x10 zephyr/libzephyr.a(shell_cmds.c.obj)
 .text.z_shell_raw_fprintf
                0x000000004000b41c       0x38 zephyr/libzephyr.a(shell_cmds.c.obj)
 .text.cmd_resize_default
                0x000000004000b454       0x60 zephyr/libzephyr.a(shell_cmds.c.obj)
 .text.cmd_shell_stats_show
                0x000000004000b4b4       0x30 zephyr/libzephyr.a(shell_cmds.c.obj)
 .text.cmd_backends
                0x000000004000b4e4       0xa0 zephyr/libzephyr.a(shell_cmds.c.obj)
 .text.cmd_history
                0x000000004000b584       0x84 zephyr/libzephyr.a(shell_cmds.c.obj)
 .text.cmd_get_retval
                0x000000004000b608       0x40 zephyr/libzephyr.a(shell_cmds.c.obj)
 .text.cmd_echo
                0x000000004000b648       0x88 zephyr/libzephyr.a(shell_cmds.c.obj)
 .text.cmd_clear
                0x000000004000b6d0       0x6c zephyr/libzephyr.a(shell_cmds.c.obj)
 .text.cmd_resize
                0x000000004000b73c      0x2e0 zephyr/libzephyr.a(shell_cmds.c.obj)
 .text.cmd_vt100_off
                0x000000004000ba1c       0x28 zephyr/libzephyr.a(shell_cmds.c.obj)
 .text.cmd_bacskpace_mode_delete
                0x000000004000ba44       0x28 zephyr/libzephyr.a(shell_cmds.c.obj)
 .text.cmd_colors_off
                0x000000004000ba6c       0x28 zephyr/libzephyr.a(shell_cmds.c.obj)
 .text.cmd_bacskpace_mode_backspace
                0x000000004000ba94       0x28 zephyr/libzephyr.a(shell_cmds.c.obj)
 .text.cmd_echo_off
                0x000000004000babc       0x28 zephyr/libzephyr.a(shell_cmds.c.obj)
 .text.cmd_colors_on
                0x000000004000bae4       0x28 zephyr/libzephyr.a(shell_cmds.c.obj)
 .text.cmd_vt100_on
                0x000000004000bb0c       0x28 zephyr/libzephyr.a(shell_cmds.c.obj)
 .text.cmd_echo_on
                0x000000004000bb34       0x28 zephyr/libzephyr.a(shell_cmds.c.obj)
 .text.remove_from_tail.part.0
                0x000000004000bb5c       0x50 zephyr/libzephyr.a(shell_history.c.obj)
 .text.z_shell_history_mode_exit
                0x000000004000bbac        0x8 zephyr/libzephyr.a(shell_history.c.obj)
                0x000000004000bbac                z_shell_history_mode_exit
 .text.z_shell_history_get
                0x000000004000bbb4       0xa8 zephyr/libzephyr.a(shell_history.c.obj)
                0x000000004000bbb4                z_shell_history_get
 .text.z_shell_history_purge
                0x000000004000bc5c       0x40 zephyr/libzephyr.a(shell_history.c.obj)
                0x000000004000bc5c                z_shell_history_purge
 .text.z_shell_history_put
                0x000000004000bc9c      0x174 zephyr/libzephyr.a(shell_history.c.obj)
                0x000000004000bc9c                z_shell_history_put
 .text.z_shell_history_init
                0x000000004000be10       0x14 zephyr/libzephyr.a(shell_history.c.obj)
                0x000000004000be10                z_shell_history_init
 .text.z_shell_has_wildcard
                0x000000004000be24       0x6c zephyr/libzephyr.a(shell_wildcard.c.obj)
                0x000000004000be24                z_shell_has_wildcard
 .text.z_shell_wildcard_prepare
                0x000000004000be90       0x6c zephyr/libzephyr.a(shell_wildcard.c.obj)
                0x000000004000be90                z_shell_wildcard_prepare
 .text.z_shell_wildcard_process
                0x000000004000befc      0x1b4 zephyr/libzephyr.a(shell_wildcard.c.obj)
                0x000000004000befc                z_shell_wildcard_process
 .text.z_shell_wildcard_finalize
                0x000000004000c0b0       0x40 zephyr/libzephyr.a(shell_wildcard.c.obj)
                0x000000004000c0b0                z_shell_wildcard_finalize
 .text.arch_cpu_idle
                0x000000004000c0f0        0xc zephyr/arch/arch/riscv/core/libarch__riscv__core.a(cpu_idle.c.obj)
                0x000000004000c0f0                arch_cpu_idle
 .text.z_log_msg_static_create.constprop.0
                0x000000004000c0fc        0x8 zephyr/arch/arch/riscv/core/libarch__riscv__core.a(fatal.c.obj)
 .text.z_riscv_fatal_error
                0x000000004000c104      0x394 zephyr/arch/arch/riscv/core/libarch__riscv__core.a(fatal.c.obj)
                0x000000004000c104                z_riscv_fatal_error
 .text._Fault   0x000000004000c498      0x144 zephyr/arch/arch/riscv/core/libarch__riscv__core.a(fatal.c.obj)
                0x000000004000c498                _Fault
 .text.z_irq_spurious
                0x000000004000c5dc       0x7c zephyr/arch/arch/riscv/core/libarch__riscv__core.a(irq_manage.c.obj)
                0x000000004000c5dc                z_irq_spurious
 .text._PrepC   0x000000004000c658       0x10 zephyr/arch/arch/riscv/core/libarch__riscv__core.a(prep_c.c.obj)
                0x000000004000c658                _PrepC
 .text.__initialize
                0x000000004000c668       0x5c zephyr/arch/arch/riscv/core/libarch__riscv__core.a(reset.S.obj)
                0x000000004000c668                __initialize
 .text.z_riscv_switch
                0x000000004000c6c4       0x78 zephyr/arch/arch/riscv/core/libarch__riscv__core.a(switch.S.obj)
                0x000000004000c6c4                z_riscv_switch
 .text.arch_new_thread
                0x000000004000c73c       0x48 zephyr/arch/arch/riscv/core/libarch__riscv__core.a(thread.c.obj)
                0x000000004000c73c                arch_new_thread
 .text.strtol   0x000000004000c784      0x194 zephyr/lib/libc/minimal/liblib__libc__minimal.a(strtol.c.obj)
                0x000000004000c784                strtol
 .text.strtoul  0x000000004000c918      0x184 zephyr/lib/libc/minimal/liblib__libc__minimal.a(strtoul.c.obj)
                0x000000004000c918                strtoul
 .text.strstr   0x000000004000ca9c       0x90 zephyr/lib/libc/minimal/liblib__libc__minimal.a(strstr.c.obj)
                0x000000004000ca9c                strstr
 .text.strcpy   0x000000004000cb2c       0x24 zephyr/lib/libc/minimal/liblib__libc__minimal.a(string.c.obj)
                0x000000004000cb2c                strcpy
 .text.strncpy  0x000000004000cb50       0x3c zephyr/lib/libc/minimal/liblib__libc__minimal.a(string.c.obj)
                0x000000004000cb50                strncpy
 .text.strchr   0x000000004000cb8c       0x24 zephyr/lib/libc/minimal/liblib__libc__minimal.a(string.c.obj)
                0x000000004000cb8c                strchr
 .text.strrchr  0x000000004000cbb0       0x24 zephyr/lib/libc/minimal/liblib__libc__minimal.a(string.c.obj)
                0x000000004000cbb0                strrchr
 .text.strlen   0x000000004000cbd4       0x20 zephyr/lib/libc/minimal/liblib__libc__minimal.a(string.c.obj)
                0x000000004000cbd4                strlen
 .text.strnlen  0x000000004000cbf4       0x24 zephyr/lib/libc/minimal/liblib__libc__minimal.a(string.c.obj)
                0x000000004000cbf4                strnlen
 .text.strcmp   0x000000004000cc18       0x24 zephyr/lib/libc/minimal/liblib__libc__minimal.a(string.c.obj)
                0x000000004000cc18                strcmp
 .text.strncmp  0x000000004000cc3c       0x3c zephyr/lib/libc/minimal/liblib__libc__minimal.a(string.c.obj)
                0x000000004000cc3c                strncmp
 .text.memcmp   0x000000004000cc78       0x38 zephyr/lib/libc/minimal/liblib__libc__minimal.a(string.c.obj)
                0x000000004000cc78                memcmp
 .text.memmove  0x000000004000ccb0       0x48 zephyr/lib/libc/minimal/liblib__libc__minimal.a(string.c.obj)
                0x000000004000ccb0                memmove
 .text.memcpy   0x000000004000ccf8       0x24 zephyr/lib/libc/minimal/liblib__libc__minimal.a(string.c.obj)
                0x000000004000ccf8                memcpy
 .text.memset   0x000000004000cd1c       0x20 zephyr/lib/libc/minimal/liblib__libc__minimal.a(string.c.obj)
                0x000000004000cd1c                memset
 .text.memchr   0x000000004000cd3c       0x2c zephyr/lib/libc/minimal/liblib__libc__minimal.a(string.c.obj)
                0x000000004000cd3c                memchr
 .text._stdout_hook_default
                0x000000004000cd68        0x8 zephyr/lib/libc/minimal/liblib__libc__minimal.a(stdout_console.c.obj)
 .text.__stdout_hook_install
                0x000000004000cd70        0xc zephyr/lib/libc/minimal/liblib__libc__minimal.a(stdout_console.c.obj)
                0x000000004000cd70                __stdout_hook_install
 .text.sprintf_out
                0x000000004000cd7c       0x34 zephyr/lib/libc/minimal/liblib__libc__minimal.a(sprintf.c.obj)
 .text.snprintf
                0x000000004000cdb0       0x5c zephyr/lib/libc/minimal/liblib__libc__minimal.a(sprintf.c.obj)
                0x000000004000cdb0                snprintf
 .text.foldcase
                0x000000004000ce0c       0x1c zephyr/lib/posix/liblib__posix.a(fnmatch.c.obj)
 .text.fnmatchx
                0x000000004000ce28      0x3f0 zephyr/lib/posix/liblib__posix.a(fnmatch.c.obj)
 .text.fnmatch  0x000000004000d218        0x8 zephyr/lib/posix/liblib__posix.a(fnmatch.c.obj)
                0x000000004000d218                fnmatch
 .text.z_impl_sys_rand32_get
                0x000000004000d220       0x44 zephyr/subsys/random/libsubsys__random.a(rand32_entropy_device.c.obj)
                0x000000004000d220                z_impl_sys_rand32_get
 .text.z_impl_sys_rand_get
                0x000000004000d264       0xa4 zephyr/subsys/random/libsubsys__random.a(rand32_entropy_device.c.obj)
                0x000000004000d264                z_impl_sys_rand_get
 .text.fixed_data_unref
                0x000000004000d308        0x4 zephyr/subsys/net/libsubsys__net.a(buf.c.obj)
 .text.net_buf_id
                0x000000004000d30c       0x34 zephyr/subsys/net/libsubsys__net.a(buf.c.obj)
                0x000000004000d30c                net_buf_id
 .text.fixed_data_alloc
                0x000000004000d340       0x6c zephyr/subsys/net/libsubsys__net.a(buf.c.obj)
 .text.net_buf_alloc_len
                0x000000004000d3ac      0x1f8 zephyr/subsys/net/libsubsys__net.a(buf.c.obj)
                0x000000004000d3ac                net_buf_alloc_len
 .text.net_buf_alloc_fixed
                0x000000004000d5a4       0x18 zephyr/subsys/net/libsubsys__net.a(buf.c.obj)
                0x000000004000d5a4                net_buf_alloc_fixed
 .text.net_buf_unref
                0x000000004000d5bc       0xd0 zephyr/subsys/net/libsubsys__net.a(buf.c.obj)
                0x000000004000d5bc                net_buf_unref
 .text.net_buf_frag_last
                0x000000004000d68c       0x14 zephyr/subsys/net/libsubsys__net.a(buf.c.obj)
                0x000000004000d68c                net_buf_frag_last
 .text.net_buf_frag_insert
                0x000000004000d6a0       0x24 zephyr/subsys/net/libsubsys__net.a(buf.c.obj)
                0x000000004000d6a0                net_buf_frag_insert
 .text.net_buf_frag_add
                0x000000004000d6c4       0x50 zephyr/subsys/net/libsubsys__net.a(buf.c.obj)
                0x000000004000d6c4                net_buf_frag_add
 .text.net_buf_linearize
                0x000000004000d714       0xb4 zephyr/subsys/net/libsubsys__net.a(buf.c.obj)
                0x000000004000d714                net_buf_linearize
 .text.net_buf_simple_add
                0x000000004000d7c8       0x18 zephyr/subsys/net/libsubsys__net.a(buf_simple.c.obj)
                0x000000004000d7c8                net_buf_simple_add
 .text.net_buf_simple_add_be16
                0x000000004000d7e0       0x24 zephyr/subsys/net/libsubsys__net.a(buf_simple.c.obj)
                0x000000004000d7e0                net_buf_simple_add_be16
 .text.net_buf_simple_pull
                0x000000004000d804       0x20 zephyr/subsys/net/libsubsys__net.a(buf_simple.c.obj)
                0x000000004000d804                net_buf_simple_pull
 .text.net_buf_simple_pull_mem
                0x000000004000d824       0x20 zephyr/subsys/net/libsubsys__net.a(buf_simple.c.obj)
                0x000000004000d824                net_buf_simple_pull_mem
 .text.net_buf_simple_max_len
                0x000000004000d844       0x20 zephyr/subsys/net/libsubsys__net.a(buf_simple.c.obj)
                0x000000004000d844                net_buf_simple_max_len
 .text.net_ipv4_is_addr_mcast
                0x000000004000d864       0x20 zephyr/subsys/net/l2/ethernet/libsubsys__net__l2__ethernet.a(ethernet.c.obj)
 .text.ethernet_flags
                0x000000004000d884       0x10 zephyr/subsys/net/l2/ethernet/libsubsys__net__l2__ethernet.a(ethernet.c.obj)
                0x000000004000d884                ethernet_flags
 .text.ethernet_enable
                0x000000004000d894       0x80 zephyr/subsys/net/l2/ethernet/libsubsys__net__l2__ethernet.a(ethernet.c.obj)
 .text.net_eth_is_addr_broadcast
                0x000000004000d914       0x4c zephyr/subsys/net/l2/ethernet/libsubsys__net__l2__ethernet.a(ethernet.c.obj)
 .text.net_eth_is_addr_multicast
                0x000000004000d960       0x40 zephyr/subsys/net/l2/ethernet/libsubsys__net__l2__ethernet.a(ethernet.c.obj)
 .text.carrier_on_off
                0x000000004000d9a0       0x80 zephyr/subsys/net/l2/ethernet/libsubsys__net__l2__ethernet.a(ethernet.c.obj)
 .text.ethernet_recv
                0x000000004000da20      0x434 zephyr/subsys/net/l2/ethernet/libsubsys__net__l2__ethernet.a(ethernet.c.obj)
 .text.net_eth_broadcast_addr
                0x000000004000de54        0xc zephyr/subsys/net/l2/ethernet/libsubsys__net__l2__ethernet.a(ethernet.c.obj)
                0x000000004000de54                net_eth_broadcast_addr
 .text.net_eth_ipv4_mcast_to_mac_addr
                0x000000004000de60       0x38 zephyr/subsys/net/l2/ethernet/libsubsys__net__l2__ethernet.a(ethernet.c.obj)
                0x000000004000de60                net_eth_ipv4_mcast_to_mac_addr
 .text.ethernet_send
                0x000000004000de98      0x434 zephyr/subsys/net/l2/ethernet/libsubsys__net__l2__ethernet.a(ethernet.c.obj)
 .text.ethernet_init
                0x000000004000e2cc       0x88 zephyr/subsys/net/l2/ethernet/libsubsys__net__l2__ethernet.a(ethernet.c.obj)
                0x000000004000e2cc                ethernet_init
 .text.sys_slist_prepend
                0x000000004000e354       0x1c zephyr/subsys/net/l2/ethernet/libsubsys__net__l2__ethernet.a(arp.c.obj)
 .text.sys_slist_remove
                0x000000004000e370       0x34 zephyr/subsys/net/l2/ethernet/libsubsys__net__l2__ethernet.a(arp.c.obj)
 .text.k_uptime_get_32
                0x000000004000e3a4       0x20 zephyr/subsys/net/l2/ethernet/libsubsys__net__l2__ethernet.a(arp.c.obj)
 .text.arp_entry_get_last_from_table
                0x000000004000e3c4       0x58 zephyr/subsys/net/l2/ethernet/libsubsys__net__l2__ethernet.a(arp.c.obj)
 .text.k_mutex_lock.constprop.0.isra.0
                0x000000004000e41c       0x14 zephyr/subsys/net/l2/ethernet/libsubsys__net__l2__ethernet.a(arp.c.obj)
 .text.k_mutex_unlock.constprop.0.isra.0
                0x000000004000e430        0xc zephyr/subsys/net/l2/ethernet/libsubsys__net__l2__ethernet.a(arp.c.obj)
 .text.if_get_addr.isra.0
                0x000000004000e43c       0x90 zephyr/subsys/net/l2/ethernet/libsubsys__net__l2__ethernet.a(arp.c.obj)
 .text.arp_entry_find.isra.0
                0x000000004000e4cc       0x74 zephyr/subsys/net/l2/ethernet/libsubsys__net__l2__ethernet.a(arp.c.obj)
 .text.arp_update
                0x000000004000e540      0x230 zephyr/subsys/net/l2/ethernet/libsubsys__net__l2__ethernet.a(arp.c.obj)
 .text.arp_entry_cleanup
                0x000000004000e770       0x70 zephyr/subsys/net/l2/ethernet/libsubsys__net__l2__ethernet.a(arp.c.obj)
 .text.arp_request_timeout
                0x000000004000e7e0      0x104 zephyr/subsys/net/l2/ethernet/libsubsys__net__l2__ethernet.a(arp.c.obj)
 .text.net_arp_prepare
                0x000000004000e8e4      0x458 zephyr/subsys/net/l2/ethernet/libsubsys__net__l2__ethernet.a(arp.c.obj)
                0x000000004000e8e4                net_arp_prepare
 .text.net_arp_input
                0x000000004000ed3c      0x410 zephyr/subsys/net/l2/ethernet/libsubsys__net__l2__ethernet.a(arp.c.obj)
                0x000000004000ed3c                net_arp_input
 .text.net_arp_clear_cache
                0x000000004000f14c      0x15c zephyr/subsys/net/l2/ethernet/libsubsys__net__l2__ethernet.a(arp.c.obj)
                0x000000004000f14c                net_arp_clear_cache
 .text.net_arp_clear_pending
                0x000000004000f2a8       0x44 zephyr/subsys/net/l2/ethernet/libsubsys__net__l2__ethernet.a(arp.c.obj)
                0x000000004000f2a8                net_arp_clear_pending
 .text.net_arp_foreach
                0x000000004000f2ec       0x78 zephyr/subsys/net/l2/ethernet/libsubsys__net__l2__ethernet.a(arp.c.obj)
                0x000000004000f2ec                net_arp_foreach
 .text.net_arp_init
                0x000000004000f364       0xc0 zephyr/subsys/net/l2/ethernet/libsubsys__net__l2__ethernet.a(arp.c.obj)
                0x000000004000f364                net_arp_init
 .text.net_ipv6_is_addr_loopback
                0x000000004000f424       0xf8 zephyr/subsys/net/ip/libsubsys__net__ip.a(net_core.c.obj)
 .text.net_init
                0x000000004000f51c       0x54 zephyr/subsys/net/ip/libsubsys__net__ip.a(net_core.c.obj)
 .text.processing_data
                0x000000004000f570      0x13c zephyr/subsys/net/ip/libsubsys__net__ip.a(net_core.c.obj)
 .text.net_send_data
                0x000000004000f6ac      0x3e8 zephyr/subsys/net/ip/libsubsys__net__ip.a(net_core.c.obj)
                0x000000004000f6ac                net_send_data
 .text.net_process_rx_packet
                0x000000004000fa94       0x48 zephyr/subsys/net/ip/libsubsys__net__ip.a(net_core.c.obj)
                0x000000004000fa94                net_process_rx_packet
 .text.net_recv_data
                0x000000004000fadc       0xbc zephyr/subsys/net/ip/libsubsys__net__ip.a(net_core.c.obj)
                0x000000004000fadc                net_recv_data
 .text.sys_slist_append
                0x000000004000fb98       0x24 zephyr/subsys/net/ip/libsubsys__net__ip.a(net_if.c.obj)
 .text.sys_slist_find_and_remove
                0x000000004000fbbc       0x5c zephyr/subsys/net/ip/libsubsys__net__ip.a(net_if.c.obj)
 .text.net_ipv6_is_addr_loopback
                0x000000004000fc18       0xf8 zephyr/subsys/net/ip/libsubsys__net__ip.a(net_if.c.obj)
 .text.net_ipv4_is_ll_addr
                0x000000004000fd10       0x70 zephyr/subsys/net/ip/libsubsys__net__ip.a(net_if.c.obj)
 .text.net_if_l2
                0x000000004000fd80       0x14 zephyr/subsys/net/ip/libsubsys__net__ip.a(net_if.c.obj)
 .text.l2_flags_get
                0x000000004000fd94       0x48 zephyr/subsys/net/ip/libsubsys__net__ip.a(net_if.c.obj)
 .text.get_ipaddr_diff
                0x000000004000fddc       0x74 zephyr/subsys/net/ip/libsubsys__net__ip.a(net_if.c.obj)
 .text.net_ipv6_is_prefix
                0x000000004000fe50       0xac zephyr/subsys/net/ip/libsubsys__net__ip.a(net_if.c.obj)
 .text.net_ipv6_addr_cmp
                0x000000004000fefc       0x20 zephyr/subsys/net/ip/libsubsys__net__ip.a(net_if.c.obj)
 .text.k_uptime_get_32
                0x000000004000ff1c       0x20 zephyr/subsys/net/ip/libsubsys__net__ip.a(net_if.c.obj)
 .text.atomic_clear_bit
                0x000000004000ff3c       0x1c zephyr/subsys/net/ip/libsubsys__net__ip.a(net_if.c.obj)
 .text.iface_router_notify_deletion.constprop.0
                0x000000004000ff58       0x48 zephyr/subsys/net/ip/libsubsys__net__ip.a(net_if.c.obj)
 .text.z_log_msg_static_create.constprop.0
                0x000000004000ffa0        0x8 zephyr/subsys/net/ip/libsubsys__net__ip.a(net_if.c.obj)
 .text.k_mutex_lock.constprop.0.isra.0
                0x000000004000ffa8       0x14 zephyr/subsys/net/ip/libsubsys__net__ip.a(net_if.c.obj)
 .text.k_mutex_unlock.constprop.0.isra.0
                0x000000004000ffbc        0xc zephyr/subsys/net/ip/libsubsys__net__ip.a(net_if.c.obj)
 .text.if_ipv4_get_addr
                0x000000004000ffc8       0xa8 zephyr/subsys/net/ip/libsubsys__net__ip.a(net_if.c.obj)
 .text.iface_router_lookup
                0x0000000040010070      0x110 zephyr/subsys/net/ip/libsubsys__net__ip.a(net_if.c.obj)
 .text.iface_router_update_timer
                0x0000000040010180       0xc8 zephyr/subsys/net/ip/libsubsys__net__ip.a(net_if.c.obj)
 .text.iface_router_add
                0x0000000040010248      0x1ac zephyr/subsys/net/ip/libsubsys__net__ip.a(net_if.c.obj)
 .text.iface_router_rm
                0x00000000400103f4       0x7c zephyr/subsys/net/ip/libsubsys__net__ip.a(net_if.c.obj)
 .text.address_lifetime_timeout
                0x0000000040010470      0x114 zephyr/subsys/net/ip/libsubsys__net__ip.a(net_if.c.obj)
 .text.iface_router_find_default.constprop.0
                0x0000000040010584       0xd4 zephyr/subsys/net/ip/libsubsys__net__ip.a(net_if.c.obj)
 .text.net_if_flag_is_set
                0x0000000040010658       0x40 zephyr/subsys/net/ip/libsubsys__net__ip.a(net_if.c.obj)
 .text.net_if_ipv6_start_dad
                0x0000000040010698       0xb4 zephyr/subsys/net/ip/libsubsys__net__ip.a(net_if.c.obj)
 .text.net_if_ipv4_get_best_match.isra.0
                0x000000004001074c       0xa0 zephyr/subsys/net/ip/libsubsys__net__ip.a(net_if.c.obj)
 .text.net_if_ipv6_get_best_match.isra.0
                0x00000000400107ec      0x14c zephyr/subsys/net/ip/libsubsys__net__ip.a(net_if.c.obj)
 .text.need_calc_checksum
                0x0000000040010938       0x6c zephyr/subsys/net/ip/libsubsys__net__ip.a(net_if.c.obj)
 .text.net_if_flag_set.isra.0
                0x00000000400109a4       0x10 zephyr/subsys/net/ip/libsubsys__net__ip.a(net_if.c.obj)
 .text.net_if_flag_test_and_set.isra.0
                0x00000000400109b4       0x38 zephyr/subsys/net/ip/libsubsys__net__ip.a(net_if.c.obj)
 .text.atomic_test_and_clear_bit
                0x00000000400109ec       0x40 zephyr/subsys/net/ip/libsubsys__net__ip.a(net_if.c.obj)
 .text.iface_router_expired
                0x0000000040010a2c      0x100 zephyr/subsys/net/ip/libsubsys__net__ip.a(net_if.c.obj)
 .text.z_impl_net_if_get_by_index
                0x0000000040010b2c       0x30 zephyr/subsys/net/ip/libsubsys__net__ip.a(net_if.c.obj)
                0x0000000040010b2c                z_impl_net_if_get_by_index
 .text.net_if_get_by_index
                0x0000000040010b5c        0x4 zephyr/subsys/net/ip/libsubsys__net__ip.a(net_if.c.obj)
 .text.net_context_send_cb
                0x0000000040010b60       0xa0 zephyr/subsys/net/ip/libsubsys__net__ip.a(net_if.c.obj)
 .text.net_if_stats_reset
                0x0000000040010c00       0x34 zephyr/subsys/net/ip/libsubsys__net__ip.a(net_if.c.obj)
                0x0000000040010c00                net_if_stats_reset
 .text.net_if_stats_reset_all
                0x0000000040010c34       0x5c zephyr/subsys/net/ip/libsubsys__net__ip.a(net_if.c.obj)
                0x0000000040010c34                net_if_stats_reset_all
 .text.net_if_set_link_addr_locked
                0x0000000040010c90       0x8c zephyr/subsys/net/ip/libsubsys__net__ip.a(net_if.c.obj)
                0x0000000040010c90                net_if_set_link_addr_locked
 .text.net_if_lookup_by_dev
                0x0000000040010d1c       0x34 zephyr/subsys/net/ip/libsubsys__net__ip.a(net_if.c.obj)
                0x0000000040010d1c                net_if_lookup_by_dev
 .text.net_if_get_default
                0x0000000040010d50       0x2c zephyr/subsys/net/ip/libsubsys__net__ip.a(net_if.c.obj)
                0x0000000040010d50                net_if_get_default
 .text.net_if_mcast_monitor
                0x0000000040010d7c       0x94 zephyr/subsys/net/ip/libsubsys__net__ip.a(net_if.c.obj)
                0x0000000040010d7c                net_if_mcast_monitor
 .text.net_if_config_ipv6_get
                0x0000000040010e10       0x90 zephyr/subsys/net/ip/libsubsys__net__ip.a(net_if.c.obj)
                0x0000000040010e10                net_if_config_ipv6_get
 .text.net_if_start_rs
                0x0000000040010ea0       0x98 zephyr/subsys/net/ip/libsubsys__net__ip.a(net_if.c.obj)
                0x0000000040010ea0                net_if_start_rs
 .text.rs_timeout
                0x0000000040010f38      0x134 zephyr/subsys/net/ip/libsubsys__net__ip.a(net_if.c.obj)
 .text.net_if_stop_rs
                0x000000004001106c       0x44 zephyr/subsys/net/ip/libsubsys__net__ip.a(net_if.c.obj)
                0x000000004001106c                net_if_stop_rs
 .text.net_if_ipv6_addr_lookup
                0x00000000400110b0      0x118 zephyr/subsys/net/ip/libsubsys__net__ip.a(net_if.c.obj)
                0x00000000400110b0                net_if_ipv6_addr_lookup
 .text.dad_timeout
                0x00000000400111c8      0x14c zephyr/subsys/net/ip/libsubsys__net__ip.a(net_if.c.obj)
 .text.net_if_ipv6_addr_lookup_by_iface
                0x0000000040011314       0xd0 zephyr/subsys/net/ip/libsubsys__net__ip.a(net_if.c.obj)
                0x0000000040011314                net_if_ipv6_addr_lookup_by_iface
 .text.net_if_ipv6_addr_update_lifetime
                0x00000000400113e4       0x7c zephyr/subsys/net/ip/libsubsys__net__ip.a(net_if.c.obj)
                0x00000000400113e4                net_if_ipv6_addr_update_lifetime
 .text.net_if_ipv6_addr_add
                0x0000000040011460      0x394 zephyr/subsys/net/ip/libsubsys__net__ip.a(net_if.c.obj)
                0x0000000040011460                net_if_ipv6_addr_add
 .text.net_if_start_dad
                0x00000000400117f4      0x27c zephyr/subsys/net/ip/libsubsys__net__ip.a(net_if.c.obj)
                0x00000000400117f4                net_if_start_dad
 .text.update_operational_state
                0x0000000040011a70      0x19c zephyr/subsys/net/ip/libsubsys__net__ip.a(net_if.c.obj)
 .text.net_if_ipv6_maddr_rm
                0x0000000040011c0c       0xec zephyr/subsys/net/ip/libsubsys__net__ip.a(net_if.c.obj)
                0x0000000040011c0c                net_if_ipv6_maddr_rm
 .text.net_if_ipv6_addr_rm
                0x0000000040011cf8      0x184 zephyr/subsys/net/ip/libsubsys__net__ip.a(net_if.c.obj)
                0x0000000040011cf8                net_if_ipv6_addr_rm
 .text.net_if_ipv6_dad_failed
                0x0000000040011e7c      0x110 zephyr/subsys/net/ip/libsubsys__net__ip.a(net_if.c.obj)
                0x0000000040011e7c                net_if_ipv6_dad_failed
 .text.remove_prefix_addresses
                0x0000000040011f8c       0xe0 zephyr/subsys/net/ip/libsubsys__net__ip.a(net_if.c.obj)
 .text.prefix_lifetime_timeout
                0x000000004001206c      0x120 zephyr/subsys/net/ip/libsubsys__net__ip.a(net_if.c.obj)
 .text.net_if_ipv6_maddr_lookup
                0x000000004001218c      0x13c zephyr/subsys/net/ip/libsubsys__net__ip.a(net_if.c.obj)
                0x000000004001218c                net_if_ipv6_maddr_lookup
 .text.net_if_ipv6_maddr_add
                0x00000000400122c8      0x174 zephyr/subsys/net/ip/libsubsys__net__ip.a(net_if.c.obj)
                0x00000000400122c8                net_if_ipv6_maddr_add
 .text.net_if_ipv6_maddr_join
                0x000000004001243c       0x38 zephyr/subsys/net/ip/libsubsys__net__ip.a(net_if.c.obj)
                0x000000004001243c                net_if_ipv6_maddr_join
 .text.net_if_ipv6_prefix_add
                0x0000000040012474      0x1b0 zephyr/subsys/net/ip/libsubsys__net__ip.a(net_if.c.obj)
                0x0000000040012474                net_if_ipv6_prefix_add
 .text.net_if_ipv6_prefix_get
                0x0000000040012624       0xc8 zephyr/subsys/net/ip/libsubsys__net__ip.a(net_if.c.obj)
                0x0000000040012624                net_if_ipv6_prefix_get
 .text.net_if_ipv6_prefix_lookup
                0x00000000400126ec       0xc0 zephyr/subsys/net/ip/libsubsys__net__ip.a(net_if.c.obj)
                0x00000000400126ec                net_if_ipv6_prefix_lookup
 .text.net_if_ipv6_addr_onlink
                0x00000000400127ac      0x104 zephyr/subsys/net/ip/libsubsys__net__ip.a(net_if.c.obj)
                0x00000000400127ac                net_if_ipv6_addr_onlink
 .text.net_if_ipv6_prefix_set_timer
                0x00000000400128b0       0x90 zephyr/subsys/net/ip/libsubsys__net__ip.a(net_if.c.obj)
                0x00000000400128b0                net_if_ipv6_prefix_set_timer
 .text.net_if_ipv6_prefix_unset_timer
                0x0000000040012940       0x5c zephyr/subsys/net/ip/libsubsys__net__ip.a(net_if.c.obj)
                0x0000000040012940                net_if_ipv6_prefix_unset_timer
 .text.net_if_ipv6_prefix_rm
                0x000000004001299c      0x138 zephyr/subsys/net/ip/libsubsys__net__ip.a(net_if.c.obj)
                0x000000004001299c                net_if_ipv6_prefix_rm
 .text.net_if_ipv6_router_lookup
                0x0000000040012ad4        0xc zephyr/subsys/net/ip/libsubsys__net__ip.a(net_if.c.obj)
                0x0000000040012ad4                net_if_ipv6_router_lookup
 .text.net_if_ipv6_router_find_default
                0x0000000040012ae0        0x8 zephyr/subsys/net/ip/libsubsys__net__ip.a(net_if.c.obj)
                0x0000000040012ae0                net_if_ipv6_router_find_default
 .text.net_if_ipv6_router_update_lifetime
                0x0000000040012ae8       0x38 zephyr/subsys/net/ip/libsubsys__net__ip.a(net_if.c.obj)
                0x0000000040012ae8                net_if_ipv6_router_update_lifetime
 .text.net_if_ipv6_router_add
                0x0000000040012b20       0x14 zephyr/subsys/net/ip/libsubsys__net__ip.a(net_if.c.obj)
                0x0000000040012b20                net_if_ipv6_router_add
 .text.net_if_ipv6_router_rm
                0x0000000040012b34        0x4 zephyr/subsys/net/ip/libsubsys__net__ip.a(net_if.c.obj)
                0x0000000040012b34                net_if_ipv6_router_rm
 .text.net_if_ipv6_get_hop_limit
                0x0000000040012b38       0x48 zephyr/subsys/net/ip/libsubsys__net__ip.a(net_if.c.obj)
                0x0000000040012b38                net_if_ipv6_get_hop_limit
 .text.net_ipv6_set_hop_limit
                0x0000000040012b80       0x44 zephyr/subsys/net/ip/libsubsys__net__ip.a(net_if.c.obj)
                0x0000000040012b80                net_ipv6_set_hop_limit
 .text.net_if_ipv6_get_ll
                0x0000000040012bc4       0xc4 zephyr/subsys/net/ip/libsubsys__net__ip.a(net_if.c.obj)
                0x0000000040012bc4                net_if_ipv6_get_ll
 .text.net_if_ipv6_select_src_addr
                0x0000000040012c88      0x124 zephyr/subsys/net/ip/libsubsys__net__ip.a(net_if.c.obj)
                0x0000000040012c88                net_if_ipv6_select_src_addr
 .text.net_if_ipv6_select_src_iface
                0x0000000040012dac       0x70 zephyr/subsys/net/ip/libsubsys__net__ip.a(net_if.c.obj)
                0x0000000040012dac                net_if_ipv6_select_src_iface
 .text.net_if_ipv6_calc_reachable_time
                0x0000000040012e1c       0x5c zephyr/subsys/net/ip/libsubsys__net__ip.a(net_if.c.obj)
                0x0000000040012e1c                net_if_ipv6_calc_reachable_time
 .text.net_if_config_ipv4_get
                0x0000000040012e78       0x90 zephyr/subsys/net/ip/libsubsys__net__ip.a(net_if.c.obj)
                0x0000000040012e78                net_if_config_ipv4_get
 .text.net_if_ipv4_get_ttl
                0x0000000040012f08       0x48 zephyr/subsys/net/ip/libsubsys__net__ip.a(net_if.c.obj)
                0x0000000040012f08                net_if_ipv4_get_ttl
 .text.net_if_ipv4_addr_mask_cmp
                0x0000000040012f50       0xa8 zephyr/subsys/net/ip/libsubsys__net__ip.a(net_if.c.obj)
                0x0000000040012f50                net_if_ipv4_addr_mask_cmp
 .text.ipv4_is_broadcast_address
                0x0000000040012ff8       0x7c zephyr/subsys/net/ip/libsubsys__net__ip.a(net_if.c.obj)
 .text.net_if_ipv4_is_addr_bcast
                0x0000000040013074       0x90 zephyr/subsys/net/ip/libsubsys__net__ip.a(net_if.c.obj)
                0x0000000040013074                net_if_ipv4_is_addr_bcast
 .text.net_if_ipv4_select_src_iface
                0x0000000040013104       0x78 zephyr/subsys/net/ip/libsubsys__net__ip.a(net_if.c.obj)
                0x0000000040013104                net_if_ipv4_select_src_iface
 .text.net_if_ipv4_get_ll
                0x000000004001317c        0x8 zephyr/subsys/net/ip/libsubsys__net__ip.a(net_if.c.obj)
                0x000000004001317c                net_if_ipv4_get_ll
 .text.net_if_ipv4_get_global_addr
                0x0000000040013184        0x8 zephyr/subsys/net/ip/libsubsys__net__ip.a(net_if.c.obj)
                0x0000000040013184                net_if_ipv4_get_global_addr
 .text.net_if_ipv4_select_src_addr
                0x000000004001318c      0x124 zephyr/subsys/net/ip/libsubsys__net__ip.a(net_if.c.obj)
                0x000000004001318c                net_if_ipv4_select_src_addr
 .text.net_if_ipv4_addr_lookup
                0x00000000400132b0       0xc4 zephyr/subsys/net/ip/libsubsys__net__ip.a(net_if.c.obj)
                0x00000000400132b0                net_if_ipv4_addr_lookup
 .text.net_if_ipv4_set_netmask
                0x0000000040013374       0x94 zephyr/subsys/net/ip/libsubsys__net__ip.a(net_if.c.obj)
                0x0000000040013374                net_if_ipv4_set_netmask
 .text.net_if_ipv4_addr_add
                0x0000000040013408      0x160 zephyr/subsys/net/ip/libsubsys__net__ip.a(net_if.c.obj)
                0x0000000040013408                net_if_ipv4_addr_add
 .text.net_if_ipv4_addr_rm
                0x0000000040013568       0xe0 zephyr/subsys/net/ip/libsubsys__net__ip.a(net_if.c.obj)
                0x0000000040013568                net_if_ipv4_addr_rm
 .text.net_if_ipv4_maddr_lookup
                0x0000000040013648      0x110 zephyr/subsys/net/ip/libsubsys__net__ip.a(net_if.c.obj)
                0x0000000040013648                net_if_ipv4_maddr_lookup
 .text.net_if_recv_data
                0x0000000040013758       0x34 zephyr/subsys/net/ip/libsubsys__net__ip.a(net_if.c.obj)
                0x0000000040013758                net_if_recv_data
 .text.net_if_call_link_cb
                0x000000004001378c       0x8c zephyr/subsys/net/ip/libsubsys__net__ip.a(net_if.c.obj)
                0x000000004001378c                net_if_call_link_cb
 .text.net_if_tx.isra.0
                0x0000000040013818      0x18c zephyr/subsys/net/ip/libsubsys__net__ip.a(net_if.c.obj)
 .text.net_if_queue_tx
                0x00000000400139a4       0x28 zephyr/subsys/net/ip/libsubsys__net__ip.a(net_if.c.obj)
                0x00000000400139a4                net_if_queue_tx
 .text.net_if_send_data
                0x00000000400139cc      0x184 zephyr/subsys/net/ip/libsubsys__net__ip.a(net_if.c.obj)
                0x00000000400139cc                net_if_send_data
 .text.net_if_need_calc_tx_checksum
                0x0000000040013b50        0x8 zephyr/subsys/net/ip/libsubsys__net__ip.a(net_if.c.obj)
                0x0000000040013b50                net_if_need_calc_tx_checksum
 .text.net_if_need_calc_rx_checksum
                0x0000000040013b58        0x8 zephyr/subsys/net/ip/libsubsys__net__ip.a(net_if.c.obj)
                0x0000000040013b58                net_if_need_calc_rx_checksum
 .text.net_if_get_by_iface
                0x0000000040013b60       0x44 zephyr/subsys/net/ip/libsubsys__net__ip.a(net_if.c.obj)
                0x0000000040013b60                net_if_get_by_iface
 .text.net_if_foreach
                0x0000000040013ba4       0x64 zephyr/subsys/net/ip/libsubsys__net__ip.a(net_if.c.obj)
                0x0000000040013ba4                net_if_foreach
 .text.net_if_up
                0x0000000040013c08       0xac zephyr/subsys/net/ip/libsubsys__net__ip.a(net_if.c.obj)
                0x0000000040013c08                net_if_up
 .text.net_if_down
                0x0000000040013cb4      0x120 zephyr/subsys/net/ip/libsubsys__net__ip.a(net_if.c.obj)
                0x0000000040013cb4                net_if_down
 .text.net_if_carrier_on
                0x0000000040013dd4       0x44 zephyr/subsys/net/ip/libsubsys__net__ip.a(net_if.c.obj)
                0x0000000040013dd4                net_if_carrier_on
 .text.net_if_carrier_off
                0x0000000040013e18       0x48 zephyr/subsys/net/ip/libsubsys__net__ip.a(net_if.c.obj)
                0x0000000040013e18                net_if_carrier_off
 .text.net_if_init
                0x0000000040013e60      0x370 zephyr/subsys/net/ip/libsubsys__net__ip.a(net_if.c.obj)
                0x0000000040013e60                net_if_init
 .text.net_if_post_init
                0x00000000400141d0       0x58 zephyr/subsys/net/ip/libsubsys__net__ip.a(net_if.c.obj)
                0x00000000400141d0                net_if_post_init
 .text.net_timeout_set
                0x0000000040014228       0x88 zephyr/subsys/net/ip/libsubsys__net__ip.a(net_timeout.c.obj)
                0x0000000040014228                net_timeout_set
 .text.net_timeout_remaining
                0x00000000400142b0       0x78 zephyr/subsys/net/ip/libsubsys__net__ip.a(net_timeout.c.obj)
                0x00000000400142b0                net_timeout_remaining
 .text.net_timeout_evaluate
                0x0000000040014328       0x9c zephyr/subsys/net/ip/libsubsys__net__ip.a(net_timeout.c.obj)
                0x0000000040014328                net_timeout_evaluate
 .text.convert_port
                0x00000000400143c4       0x70 zephyr/subsys/net/ip/libsubsys__net__ip.a(utils.c.obj)
 .text.net_byte_to_hex
                0x0000000040014434       0x60 zephyr/subsys/net/ip/libsubsys__net__ip.a(utils.c.obj)
                0x0000000040014434                net_byte_to_hex
 .text.net_sprint_ll_addr_buf
                0x0000000040014494       0xe0 zephyr/subsys/net/ip/libsubsys__net__ip.a(utils.c.obj)
                0x0000000040014494                net_sprint_ll_addr_buf
 .text.z_impl_net_addr_ntop
                0x0000000040014574      0x340 zephyr/subsys/net/ip/libsubsys__net__ip.a(utils.c.obj)
                0x0000000040014574                z_impl_net_addr_ntop
 .text.net_sprint_addr
                0x00000000400148b4       0x34 zephyr/subsys/net/ip/libsubsys__net__ip.a(utils.c.obj)
                0x00000000400148b4                net_sprint_addr
 .text.z_impl_net_addr_pton
                0x00000000400148e8      0x2f0 zephyr/subsys/net/ip/libsubsys__net__ip.a(utils.c.obj)
                0x00000000400148e8                z_impl_net_addr_pton
 .text.parse_ipv4
                0x0000000040014bd8      0x140 zephyr/subsys/net/ip/libsubsys__net__ip.a(utils.c.obj)
 .text.calc_chksum
                0x0000000040014d18      0x1d8 zephyr/subsys/net/ip/libsubsys__net__ip.a(utils.c.obj)
                0x0000000040014d18                calc_chksum
 .text.net_calc_chksum
                0x0000000040014ef0      0x234 zephyr/subsys/net/ip/libsubsys__net__ip.a(utils.c.obj)
                0x0000000040014ef0                net_calc_chksum
 .text.net_calc_chksum_ipv4
                0x0000000040015124       0x60 zephyr/subsys/net/ip/libsubsys__net__ip.a(utils.c.obj)
                0x0000000040015124                net_calc_chksum_ipv4
 .text.net_ipaddr_parse
                0x0000000040015184      0x26c zephyr/subsys/net/ip/libsubsys__net__ip.a(utils.c.obj)
                0x0000000040015184                net_ipaddr_parse
 .text.net_ipv4_unspecified_address
                0x00000000400153f0        0xc zephyr/subsys/net/ip/libsubsys__net__ip.a(utils.c.obj)
                0x00000000400153f0                net_ipv4_unspecified_address
 .text.net_ipv4_broadcast_address
                0x00000000400153fc        0xc zephyr/subsys/net/ip/libsubsys__net__ip.a(utils.c.obj)
                0x00000000400153fc                net_ipv4_broadcast_address
 .text.net_ipv6_unspecified_address
                0x0000000040015408        0xc zephyr/subsys/net/ip/libsubsys__net__ip.a(utils.c.obj)
                0x0000000040015408                net_ipv6_unspecified_address
 .text.k_mutex_unlock.isra.0
                0x0000000040015414        0x4 zephyr/subsys/net/ip/libsubsys__net__ip.a(net_mgmt.c.obj)
 .text.mgmt_thread
                0x0000000040015418      0x15c zephyr/subsys/net/ip/libsubsys__net__ip.a(net_mgmt.c.obj)
 .text.net_mgmt_add_event_callback
                0x0000000040015574       0x74 zephyr/subsys/net/ip/libsubsys__net__ip.a(net_mgmt.c.obj)
                0x0000000040015574                net_mgmt_add_event_callback
 .text.net_mgmt_del_event_callback
                0x00000000400155e8       0xe4 zephyr/subsys/net/ip/libsubsys__net__ip.a(net_mgmt.c.obj)
                0x00000000400155e8                net_mgmt_del_event_callback
 .text.net_mgmt_event_notify_with_info
                0x00000000400156cc      0x144 zephyr/subsys/net/ip/libsubsys__net__ip.a(net_mgmt.c.obj)
                0x00000000400156cc                net_mgmt_event_notify_with_info
 .text.net_mgmt_event_init
                0x0000000040015810       0x68 zephyr/subsys/net/ip/libsubsys__net__ip.a(net_mgmt.c.obj)
                0x0000000040015810                net_mgmt_event_init
 .text.net_ipv4_is_addr_mcast
                0x0000000040015878       0x20 zephyr/subsys/net/ip/libsubsys__net__ip.a(net_context.c.obj)
 .text.net_ipv6_is_addr_unspecified
                0x0000000040015898       0xc4 zephyr/subsys/net/ip/libsubsys__net__ip.a(net_context.c.obj)
 .text.check_used_port
                0x000000004001595c      0x120 zephyr/subsys/net/ip/libsubsys__net__ip.a(net_context.c.obj)
 .text.find_available_port
                0x0000000040015a7c       0x88 zephyr/subsys/net/ip/libsubsys__net__ip.a(net_context.c.obj)
 .text.context_write_data
                0x0000000040015b04       0x9c zephyr/subsys/net/ip/libsubsys__net__ip.a(net_context.c.obj)
 .text.k_mutex_lock.constprop.0.isra.0
                0x0000000040015ba0        0x4 zephyr/subsys/net/ip/libsubsys__net__ip.a(net_context.c.obj)
 .text.k_mutex_unlock.isra.0
                0x0000000040015ba4        0x4 zephyr/subsys/net/ip/libsubsys__net__ip.a(net_context.c.obj)
 .text.net_context_packet_received
                0x0000000040015ba8      0x190 zephyr/subsys/net/ip/libsubsys__net__ip.a(net_context.c.obj)
                0x0000000040015ba8                net_context_packet_received
 .text.net_context_get
                0x0000000040015d38      0x25c zephyr/subsys/net/ip/libsubsys__net__ip.a(net_context.c.obj)
                0x0000000040015d38                net_context_get
 .text.net_context_unref
                0x0000000040015f94       0x80 zephyr/subsys/net/ip/libsubsys__net__ip.a(net_context.c.obj)
                0x0000000040015f94                net_context_unref
 .text.net_context_put
                0x0000000040016014       0x8c zephyr/subsys/net/ip/libsubsys__net__ip.a(net_context.c.obj)
                0x0000000040016014                net_context_put
 .text.net_context_bind
                0x00000000400160a0      0x364 zephyr/subsys/net/ip/libsubsys__net__ip.a(net_context.c.obj)
                0x00000000400160a0                net_context_bind
 .text.bind_default
                0x0000000040016404       0xb4 zephyr/subsys/net/ip/libsubsys__net__ip.a(net_context.c.obj)
 .text.net_context_create_ipv4_new
                0x00000000400164b8      0x124 zephyr/subsys/net/ip/libsubsys__net__ip.a(net_context.c.obj)
                0x00000000400164b8                net_context_create_ipv4_new
 .text.net_context_create_ipv6_new
                0x00000000400165dc       0xb8 zephyr/subsys/net/ip/libsubsys__net__ip.a(net_context.c.obj)
                0x00000000400165dc                net_context_create_ipv6_new
 .text.context_sendto.constprop.0
                0x0000000040016694      0x4a0 zephyr/subsys/net/ip/libsubsys__net__ip.a(net_context.c.obj)
 .text.net_context_connect
                0x0000000040016b34      0x2c8 zephyr/subsys/net/ip/libsubsys__net__ip.a(net_context.c.obj)
                0x0000000040016b34                net_context_connect
 .text.net_context_send
                0x0000000040016dfc       0xd0 zephyr/subsys/net/ip/libsubsys__net__ip.a(net_context.c.obj)
                0x0000000040016dfc                net_context_send
 .text.net_context_sendto
                0x0000000040016ecc       0x94 zephyr/subsys/net/ip/libsubsys__net__ip.a(net_context.c.obj)
                0x0000000040016ecc                net_context_sendto
 .text.net_context_recv
                0x0000000040016f60      0x248 zephyr/subsys/net/ip/libsubsys__net__ip.a(net_context.c.obj)
                0x0000000040016f60                net_context_recv
 .text.net_context_update_recv_wnd
                0x00000000400171a8       0x64 zephyr/subsys/net/ip/libsubsys__net__ip.a(net_context.c.obj)
                0x00000000400171a8                net_context_update_recv_wnd
 .text.net_context_foreach
                0x000000004001720c       0xac zephyr/subsys/net/ip/libsubsys__net__ip.a(net_context.c.obj)
                0x000000004001720c                net_context_foreach
 .text.net_context_init
                0x00000000400172b8       0x14 zephyr/subsys/net/ip/libsubsys__net__ip.a(net_context.c.obj)
                0x00000000400172b8                net_context_init
 .text.pkt_cursor_jump
                0x00000000400172cc       0x6c zephyr/subsys/net/ip/libsubsys__net__ip.a(net_pkt.c.obj)
 .text.pkt_cursor_advance
                0x0000000040017338       0x6c zephyr/subsys/net/ip/libsubsys__net__ip.a(net_pkt.c.obj)
 .text.pkt_cursor_update
                0x00000000400173a4       0xcc zephyr/subsys/net/ip/libsubsys__net__ip.a(net_pkt.c.obj)
 .text.pkt_estimate_headers_length.part.0
                0x0000000040017470       0x58 zephyr/subsys/net/ip/libsubsys__net__ip.a(net_pkt.c.obj)
 .text.net_pkt_get_len.isra.0
                0x00000000400174c8       0x20 zephyr/subsys/net/ip/libsubsys__net__ip.a(net_pkt.c.obj)
 .text.net_pkt_cursor_operate
                0x00000000400174e8      0x1b0 zephyr/subsys/net/ip/libsubsys__net__ip.a(net_pkt.c.obj)
 .text.net_pkt_get_reserve_data
                0x0000000040017698       0xc4 zephyr/subsys/net/ip/libsubsys__net__ip.a(net_pkt.c.obj)
                0x0000000040017698                net_pkt_get_reserve_data
 .text.net_pkt_get_reserve_rx_data
                0x000000004001775c       0x18 zephyr/subsys/net/ip/libsubsys__net__ip.a(net_pkt.c.obj)
                0x000000004001775c                net_pkt_get_reserve_rx_data
 .text.net_pkt_get_reserve_tx_data
                0x0000000040017774       0x18 zephyr/subsys/net/ip/libsubsys__net__ip.a(net_pkt.c.obj)
                0x0000000040017774                net_pkt_get_reserve_tx_data
 .text.net_pkt_get_frag
                0x000000004001778c       0x28 zephyr/subsys/net/ip/libsubsys__net__ip.a(net_pkt.c.obj)
                0x000000004001778c                net_pkt_get_frag
 .text.net_pkt_ref
                0x00000000400177b4       0x5c zephyr/subsys/net/ip/libsubsys__net__ip.a(net_pkt.c.obj)
                0x00000000400177b4                net_pkt_ref
 .text.net_pkt_frag_unref
                0x0000000040017810        0xc zephyr/subsys/net/ip/libsubsys__net__ip.a(net_pkt.c.obj)
                0x0000000040017810                net_pkt_frag_unref
 .text.net_pkt_unref
                0x000000004001781c       0x78 zephyr/subsys/net/ip/libsubsys__net__ip.a(net_pkt.c.obj)
                0x000000004001781c                net_pkt_unref
 .text.net_pkt_frag_insert
                0x0000000040017894       0x40 zephyr/subsys/net/ip/libsubsys__net__ip.a(net_pkt.c.obj)
                0x0000000040017894                net_pkt_frag_insert
 .text.net_pkt_get_info
                0x00000000400178d4       0x44 zephyr/subsys/net/ip/libsubsys__net__ip.a(net_pkt.c.obj)
                0x00000000400178d4                net_pkt_get_info
 .text.net_pkt_available_buffer
                0x0000000040017918       0x68 zephyr/subsys/net/ip/libsubsys__net__ip.a(net_pkt.c.obj)
                0x0000000040017918                net_pkt_available_buffer
 .text.net_pkt_available_payload_buffer
                0x0000000040017980       0x84 zephyr/subsys/net/ip/libsubsys__net__ip.a(net_pkt.c.obj)
                0x0000000040017980                net_pkt_available_payload_buffer
 .text.net_pkt_trim_buffer
                0x0000000040017a04       0x7c zephyr/subsys/net/ip/libsubsys__net__ip.a(net_pkt.c.obj)
                0x0000000040017a04                net_pkt_trim_buffer
 .text.net_pkt_remove_tail
                0x0000000040017a80       0x70 zephyr/subsys/net/ip/libsubsys__net__ip.a(net_pkt.c.obj)
                0x0000000040017a80                net_pkt_remove_tail
 .text.net_pkt_cursor_init