Archive member included to satisfy reference by file (symbol)

app/libapp.a(telnet.c.obj)    (--whole-archive)
zephyr/libzephyr.a(getopt.c.obj)
                              (--whole-archive)
zephyr/libzephyr.a(getopt_common.c.obj)
                              (--whole-archive)
zephyr/libzephyr.a(cbprintf_packaged.c.obj)
                              (--whole-archive)
zephyr/libzephyr.a(dec.c.obj)
                              (--whole-archive)
zephyr/libzephyr.a(fdtable.c.obj)
                              (--whole-archive)
zephyr/libzephyr.a(hex.c.obj)
                              (--whole-archive)
zephyr/libzephyr.a(printk.c.obj)
                              (--whole-archive)
zephyr/libzephyr.a(rb.c.obj)  (--whole-archive)
zephyr/libzephyr.a(sem.c.obj)
                              (--whole-archive)
zephyr/libzephyr.a(thread_entry.c.obj)
                              (--whole-archive)
zephyr/libzephyr.a(timeutil.c.obj)
                              (--whole-archive)
zephyr/libzephyr.a(heap.c.obj)
                              (--whole-archive)
zephyr/libzephyr.a(heap-validate.c.obj)
                              (--whole-archive)
zephyr/libzephyr.a(bitarray.c.obj)
                              (--whole-archive)
zephyr/libzephyr.a(multi_heap.c.obj)
                              (--whole-archive)
zephyr/libzephyr.a(crc32c_sw.c.obj)
                              (--whole-archive)
zephyr/libzephyr.a(crc32_sw.c.obj)
                              (--whole-archive)
zephyr/libzephyr.a(crc16_sw.c.obj)
                              (--whole-archive)
zephyr/libzephyr.a(crc8_sw.c.obj)
                              (--whole-archive)
zephyr/libzephyr.a(crc7_sw.c.obj)
                              (--whole-archive)
zephyr/libzephyr.a(cbprintf_complete.c.obj)
                              (--whole-archive)
zephyr/libzephyr.a(cbprintf.c.obj)
                              (--whole-archive)
zephyr/libzephyr.a(ring_buffer.c.obj)
                              (--whole-archive)
zephyr/libzephyr.a(assert.c.obj)
                              (--whole-archive)
zephyr/libzephyr.a(configs.c.obj)
                              (--whole-archive)
zephyr/libzephyr.a(soc_irq.S.obj)
                              (--whole-archive)
zephyr/libzephyr.a(vector.S.obj)
                              (--whole-archive)
zephyr/libzephyr.a(tracing_none.c.obj)
                              (--whole-archive)
zephyr/libzephyr.a(addr_utils.c.obj)
                              (--whole-archive)
zephyr/libzephyr.a(kernel_service.c.obj)
                              (--whole-archive)
zephyr/libzephyr.a(device_service.c.obj)
                              (--whole-archive)
zephyr/libzephyr.a(devmem_service.c.obj)
                              (--whole-archive)
zephyr/libzephyr.a(shell_uart.c.obj)
                              (--whole-archive)
zephyr/libzephyr.a(shell_telnet.c.obj)
                              (--whole-archive)
zephyr/libzephyr.a(shell.c.obj)
                              (--whole-archive)
zephyr/libzephyr.a(shell_fprintf.c.obj)
                              (--whole-archive)
zephyr/libzephyr.a(shell_utils.c.obj)
                              (--whole-archive)
zephyr/libzephyr.a(shell_ops.c.obj)
                              (--whole-archive)
zephyr/libzephyr.a(shell_help.c.obj)
                              (--whole-archive)
zephyr/libzephyr.a(shell_cmds.c.obj)
                              (--whole-archive)
zephyr/libzephyr.a(shell_history.c.obj)
                              (--whole-archive)
zephyr/libzephyr.a(shell_wildcard.c.obj)
                              (--whole-archive)
zephyr/arch/common/libarch__common.a(sw_isr_common.c.obj)
                              (--whole-archive)
zephyr/arch/arch/riscv/core/libarch__riscv__core.a(cpu_idle.c.obj)
                              (--whole-archive)
zephyr/arch/arch/riscv/core/libarch__riscv__core.a(fatal.c.obj)
                              (--whole-archive)
zephyr/arch/arch/riscv/core/libarch__riscv__core.a(irq_manage.c.obj)
                              (--whole-archive)
zephyr/arch/arch/riscv/core/libarch__riscv__core.a(isr.S.obj)
                              (--whole-archive)
zephyr/arch/arch/riscv/core/libarch__riscv__core.a(prep_c.c.obj)
                              (--whole-archive)
zephyr/arch/arch/riscv/core/libarch__riscv__core.a(reboot.c.obj)
                              (--whole-archive)
zephyr/arch/arch/riscv/core/libarch__riscv__core.a(reset.S.obj)
                              (--whole-archive)
zephyr/arch/arch/riscv/core/libarch__riscv__core.a(switch.S.obj)
                              (--whole-archive)
zephyr/arch/arch/riscv/core/libarch__riscv__core.a(thread.c.obj)
                              (--whole-archive)
zephyr/lib/libc/minimal/liblib__libc__minimal.a(abort.c.obj)
                              (--whole-archive)
zephyr/lib/libc/minimal/liblib__libc__minimal.a(atoi.c.obj)
                              (--whole-archive)
[...]
Memory Configuration

Name             Origin             Length             Attributes
RAM              0x0000000040000000 0x0000000000800000 xrw
IDT_LIST         0x00000000fffff7ff 0x0000000000000800 xw
*default*        0x0000000000000000 0xffffffffffffffff

Linker script and memory map

LOAD zephyr/CMakeFiles/zephyr_pre1.dir/misc/empty_file.c.obj
LOAD zephyr/CMakeFiles/zephyr_pre1.dir/dev_handles.c.obj
LOAD zephyr/CMakeFiles/offsets.dir/./arch/riscv/core/offsets/offsets.c.obj

.rel.plt        0x0000000000000000        0x0
 *(SORT_BY_ALIGNMENT(.rel.plt))
                [!provide]                        PROVIDE (__rel_iplt_start = .)
 *(SORT_BY_ALIGNMENT(.rel.iplt))
                [!provide]                        PROVIDE (__rel_iplt_end = .)

.rela.plt       0x0000000000000000        0x0
 *(SORT_BY_ALIGNMENT(.rela.plt))
                [!provide]                        PROVIDE (__rela_iplt_start = .)
 *(SORT_BY_ALIGNMENT(.rela.iplt))
                [!provide]                        PROVIDE (__rela_iplt_end = .)

.rel.dyn
 *(SORT_BY_ALIGNMENT(.rel.*))

.rela.dyn       0x0000000040000000        0x0
 *(SORT_BY_ALIGNMENT(.rela.*))
 .rela.sdata._char_out
                0x0000000040000000        0x0 app/libapp.a(telnet.c.obj)
 .rela.rodata.levels
                0x0000000040000000        0x0 app/libapp.a(telnet.c.obj)
 .rela.text.z_shell_cmd_get
                0x0000000040000000        0x0 app/libapp.a(telnet.c.obj)
 .rela.text.cmd_backends
                0x0000000040000000        0x0 app/libapp.a(telnet.c.obj)
 .rela.exception.entry._isr_wrapper
                0x0000000040000000        0x0 app/libapp.a(telnet.c.obj)
 .rela.text.net_buf_id
                0x0000000040000000        0x0 app/libapp.a(telnet.c.obj)
 .rela.text.fixed_data_alloc
                0x0000000040000000        0x0 app/libapp.a(telnet.c.obj)
 .rela.text.net_buf_alloc_len
                0x0000000040000000        0x0 app/libapp.a(telnet.c.obj)
 .rela.text.net_buf_unref
                0x0000000040000000        0x0 app/libapp.a(telnet.c.obj)
 .rela.text.z_impl_net_if_get_by_index
                0x0000000040000000        0x0 app/libapp.a(telnet.c.obj)
 .rela.text.net_if_lookup_by_dev
                0x0000000040000000        0x0 app/libapp.a(telnet.c.obj)
 .rela.text.net_if_get_default
                0x0000000040000000        0x0 app/libapp.a(telnet.c.obj)
 .rela.text.rs_timeout
                0x0000000040000000        0x0 app/libapp.a(telnet.c.obj)
 .rela.text.net_if_ipv6_addr_lookup
                0x0000000040000000        0x0 app/libapp.a(telnet.c.obj)
 .rela.text.net_if_ipv6_maddr_lookup
                0x0000000040000000        0x0 app/libapp.a(telnet.c.obj)
 .rela.text.net_if_ipv6_addr_onlink
                0x0000000040000000        0x0 app/libapp.a(telnet.c.obj)
 .rela.text.net_if_ipv6_select_src_addr
                0x0000000040000000        0x0 app/libapp.a(telnet.c.obj)
 .rela.text.net_if_ipv4_is_addr_bcast
                0x0000000040000000        0x0 app/libapp.a(telnet.c.obj)
 .rela.text.net_if_ipv4_select_src_iface
                0x0000000040000000        0x0 app/libapp.a(telnet.c.obj)
 .rela.text.net_if_ipv4_select_src_addr
                0x0000000040000000        0x0 app/libapp.a(telnet.c.obj)
 .rela.text.net_if_ipv4_addr_lookup
                0x0000000040000000        0x0 app/libapp.a(telnet.c.obj)
 .rela.text.net_if_ipv4_maddr_lookup
                0x0000000040000000        0x0 app/libapp.a(telnet.c.obj)
 .rela.text.net_if_get_by_iface
                0x0000000040000000        0x0 app/libapp.a(telnet.c.obj)
 .rela.text.net_if_foreach
                0x0000000040000000        0x0 app/libapp.a(telnet.c.obj)
 .rela.text.net_if_init
                0x0000000040000000        0x0 app/libapp.a(telnet.c.obj)
 .rela.text.net_if_post_init
                0x0000000040000000        0x0 app/libapp.a(telnet.c.obj)
 .rela.text.device_visitor
                0x0000000040000000        0x0 app/libapp.a(telnet.c.obj)
 .rela.text.z_device_get_all_static
                0x0000000040000000        0x0 app/libapp.a(telnet.c.obj)
 .rela.text.z_bss_zero
                0x0000000040000000        0x0 app/libapp.a(telnet.c.obj)
 .rela.rodata.levels.0
                0x0000000040000000        0x0 app/libapp.a(telnet.c.obj)
 .rela.text.statics_init
                0x0000000040000000        0x0 app/libapp.a(telnet.c.obj)
 .rela.text.init_mem_slab_module
                0x0000000040000000        0x0 app/libapp.a(telnet.c.obj)
 .rela.text.z_init_static_threads
                0x0000000040000000        0x0 app/libapp.a(telnet.c.obj)

.plt
 *(SORT_BY_ALIGNMENT(.plt))

.iplt
 *(SORT_BY_ALIGNMENT(.iplt))
                0x0000000040000000                __rom_region_start = 0x40000000

rom_start       0x0000000040000000       0x10
                0x0000000040000000                . = ALIGN (0x10)
 *(SORT_BY_ALIGNMENT(.vectors.*))
 .vectors.__start
                0x0000000040000000       0x10 zephyr/libzephyr.a(vector.S.obj)
                0x0000000040000000                __start

reset           0x0000000040000010        0x4
 *(SORT_BY_ALIGNMENT(.reset.*))
 .reset.__reset
                0x0000000040000010        0x4 zephyr/arch/arch/riscv/core/libarch__riscv__core.a(reset.S.obj)
                0x0000000040000010                __reset

exceptions      0x0000000040000014      0x1d0
 *(SORT_BY_ALIGNMENT(.exception.entry.*))
 .exception.entry._isr_wrapper
                0x0000000040000014      0x1a4 zephyr/arch/arch/riscv/core/libarch__riscv__core.a(isr.S.obj)
                0x0000000040000014                _isr_wrapper
                0x0000000040000154                z_riscv_thread_start
 *(SORT_BY_ALIGNMENT(.exception.other.*))
 .exception.other.__soc_handle_irq
                0x00000000400001b8       0x10 zephyr/libzephyr.a(soc_irq.S.obj)
                0x00000000400001b8                __soc_handle_irq
 .exception.other.__soc_is_irq
                0x00000000400001c8       0x1c zephyr/libzephyr.a(soc_irq.S.obj)
                0x00000000400001c8                __soc_is_irq

text            0x00000000400001e4    0x2b5f8
                0x00000000400001e4                . = ALIGN (0x4)
 *(SORT_BY_ALIGNMENT(.openocd_debug))
 *(SORT_BY_ALIGNMENT(.openocd_debug.*))
                0x00000000400001e4                __text_region_start = .
 *(SORT_BY_ALIGNMENT(.text))
 .text          0x00000000400001e4       0x38 /root/zephyr-sdk-0.16.0/riscv64-zephyr-elf/bin/../lib/gcc/riscv64-zephyr-elf/12.2.0/libgcc.a(_ashldi3.o)
                0x00000000400001e4                __ashldi3
 .text          0x000000004000021c       0x4c /root/zephyr-sdk-0.16.0/riscv64-zephyr-elf/bin/../lib/gcc/riscv64-zephyr-elf/12.2.0/libgcc.a(_clzsi2.o)
                0x000000004000021c                __clzsi2
 .text          0x0000000040000268       0x50 /root/zephyr-sdk-0.16.0/riscv64-zephyr-elf/bin/../lib/gcc/riscv64-zephyr-elf/12.2.0/libgcc.a(_ctzsi2.o)
                0x0000000040000268                __ctzsi2
 .text          0x00000000400002b8      0x430 /root/zephyr-sdk-0.16.0/riscv64-zephyr-elf/bin/../lib/gcc/riscv64-zephyr-elf/12.2.0/libgcc.a(_udivdi3.o)
                0x00000000400002b8                __udivdi3
 .text          0x00000000400006e8      0x3e4 /root/zephyr-sdk-0.16.0/riscv64-zephyr-elf/bin/../lib/gcc/riscv64-zephyr-elf/12.2.0/libgcc.a(_umoddi3.o)
                0x00000000400006e8                __umoddi3
 *(SORT_BY_ALIGNMENT(.text.*))
 .text._OffsetAbsSyms
                0x0000000040000acc        0x4 zephyr/CMakeFiles/offsets.dir/./arch/riscv/core/offsets/offsets.c.obj
                0x0000000040000acc                _OffsetAbsSyms
 .text.main     0x0000000040000ad0       0xa4 app/libapp.a(telnet.c.obj)
                0x0000000040000ad0                main
 .text.getopt   0x0000000040000b74      0x1d4 zephyr/libzephyr.a(getopt.c.obj)
                0x0000000040000b74                getopt
 .text.z_getopt_global_state_update
                0x0000000040000d48       0x40 zephyr/libzephyr.a(getopt_common.c.obj)
                0x0000000040000d48                z_getopt_global_state_update
 .text.getopt_state_get
                0x0000000040000d88        0xc zephyr/libzephyr.a(getopt_common.c.obj)
                0x0000000040000d88                getopt_state_get
 .text.char2hex
                0x0000000040000d94       0x58 zephyr/libzephyr.a(hex.c.obj)
                0x0000000040000d94                char2hex
 .text.hex2bin  0x0000000040000dec       0xd0 zephyr/libzephyr.a(hex.c.obj)
                0x0000000040000dec                hex2bin
 .text.arch_printk_char_out
                0x0000000040000ebc        0x8 zephyr/libzephyr.a(printk.c.obj)
                0x0000000040000ebc                arch_printk_char_out
 .text.char_out
                0x0000000040000ec4        0xc zephyr/libzephyr.a(printk.c.obj)
 .text.str_out  0x0000000040000ed0       0x40 zephyr/libzephyr.a(printk.c.obj)
 .text.__printk_hook_install
                0x0000000040000f10        0xc zephyr/libzephyr.a(printk.c.obj)
                0x0000000040000f10                __printk_hook_install
 .text.vprintk  0x0000000040000f1c       0x1c zephyr/libzephyr.a(printk.c.obj)
                0x0000000040000f1c                vprintk
 .text.printk   0x0000000040000f38       0x3c zephyr/libzephyr.a(printk.c.obj)
                0x0000000040000f38                printk
 .text.vsnprintk
                0x0000000040000f74       0x54 zephyr/libzephyr.a(printk.c.obj)
                0x0000000040000f74                vsnprintk
 .text.snprintk
                0x0000000040000fc8       0x34 zephyr/libzephyr.a(printk.c.obj)
                0x0000000040000fc8                snprintk
 .text.z_thread_entry
                0x0000000040000ffc       0x24 zephyr/libzephyr.a(thread_entry.c.obj)
                0x0000000040000ffc                z_thread_entry
 .text.chunk_field
                0x0000000040001020       0x34 zephyr/libzephyr.a(heap.c.obj)
 .text.chunk_set
                0x0000000040001054       0x34 zephyr/libzephyr.a(heap.c.obj)
 .text.chunk_size
                0x0000000040001088       0x20 zephyr/libzephyr.a(heap.c.obj)
 .text.set_chunk_used
                0x00000000400010a8       0x4c zephyr/libzephyr.a(heap.c.obj)
 .text.set_chunk_size
                0x00000000400010f4        0xc zephyr/libzephyr.a(heap.c.obj)
 .text.mem_to_chunkid
                0x0000000040001100       0x28 zephyr/libzephyr.a(heap.c.obj)
 .text.bucket_idx.isra.0
                0x0000000040001128       0x44 zephyr/libzephyr.a(heap.c.obj)
 .text.free_list_remove_bidx
                0x000000004000116c       0xe4 zephyr/libzephyr.a(heap.c.obj)
 .text.free_list_remove
                0x0000000040001250       0x7c zephyr/libzephyr.a(heap.c.obj)
 .text.alloc_chunk
                0x00000000400012cc       0xf4 zephyr/libzephyr.a(heap.c.obj)
 .text.split_chunks
                0x00000000400013c0       0xa4 zephyr/libzephyr.a(heap.c.obj)
 .text.merge_chunks
                0x0000000040001464       0x84 zephyr/libzephyr.a(heap.c.obj)
 .text.free_list_add
                0x00000000400014e8      0x128 zephyr/libzephyr.a(heap.c.obj)
 .text.free_chunk
                0x0000000040001610       0xe8 zephyr/libzephyr.a(heap.c.obj)
 .text.sys_heap_free
                0x00000000400016f8       0x4c zephyr/libzephyr.a(heap.c.obj)
                0x00000000400016f8                sys_heap_free
 .text.sys_heap_alloc
                0x0000000040001744       0xd8 zephyr/libzephyr.a(heap.c.obj)
                0x0000000040001744                sys_heap_alloc
 .text.sys_heap_aligned_alloc
                0x000000004000181c      0x1d0 zephyr/libzephyr.a(heap.c.obj)
                0x000000004000181c                sys_heap_aligned_alloc
 .text.sys_heap_init
                0x00000000400019ec      0x138 zephyr/libzephyr.a(heap.c.obj)
                0x00000000400019ec                sys_heap_init
 .text.crc16_reflect
                0x0000000040001b24       0x4c zephyr/libzephyr.a(crc16_sw.c.obj)
                0x0000000040001b24                crc16_reflect
 .text.encode_uint
                0x0000000040001b70      0x15c zephyr/libzephyr.a(cbprintf_complete.c.obj)
 .text.outs     0x0000000040001ccc       0x7c zephyr/libzephyr.a(cbprintf_complete.c.obj)
 .text.z_cbvprintf_impl
                0x0000000040001d48      0xb8c zephyr/libzephyr.a(cbprintf_complete.c.obj)
                0x0000000040001d48                z_cbvprintf_impl
 .text.ring_buf_put_claim
                0x00000000400028d4       0x60 zephyr/libzephyr.a(ring_buffer.c.obj)
                0x00000000400028d4                ring_buf_put_claim
 .text.ring_buf_put_finish
                0x0000000040002934       0x48 zephyr/libzephyr.a(ring_buffer.c.obj)
                0x0000000040002934                ring_buf_put_finish
 .text.ring_buf_put
                0x000000004000297c       0x94 zephyr/libzephyr.a(ring_buffer.c.obj)
                0x000000004000297c                ring_buf_put
 .text.ring_buf_get_claim
                0x0000000040002a10       0x5c zephyr/libzephyr.a(ring_buffer.c.obj)
                0x0000000040002a10                ring_buf_get_claim
 .text.ring_buf_get_finish
                0x0000000040002a6c       0x48 zephyr/libzephyr.a(ring_buffer.c.obj)
                0x0000000040002a6c                ring_buf_get_finish
 .text.ring_buf_get
                0x0000000040002ab4       0x98 zephyr/libzephyr.a(ring_buffer.c.obj)
                0x0000000040002ab4                ring_buf_get
 .text._ConfigAbsSyms
                0x0000000040002b4c        0x4 zephyr/libzephyr.a(configs.c.obj)
                0x0000000040002b4c                _ConfigAbsSyms
 .text.cmd_kernel_version
                0x0000000040002b50       0x50 zephyr/libzephyr.a(kernel_service.c.obj)
 .text.cmd_kernel_uptime
                0x0000000040002ba0       0x44 zephyr/libzephyr.a(kernel_service.c.obj)
 .text.cmd_kernel_threads
                0x0000000040002be4       0x64 zephyr/libzephyr.a(kernel_service.c.obj)
 .text.shell_tdata_dump
                0x0000000040002c48      0x130 zephyr/libzephyr.a(kernel_service.c.obj)
 .text.cmd_kernel_stacks
                0x0000000040002d78       0xec zephyr/libzephyr.a(kernel_service.c.obj)
 .text.cmd_kernel_cycles
                0x0000000040002e64       0x40 zephyr/libzephyr.a(kernel_service.c.obj)
 .text.cmd_kernel_sleep
                0x0000000040002ea4       0x98 zephyr/libzephyr.a(kernel_service.c.obj)
 .text.shell_stack_dump
                0x0000000040002f3c       0xb0 zephyr/libzephyr.a(kernel_service.c.obj)
 .text.get_device_name
                0x0000000040002fec       0x4c zephyr/libzephyr.a(device_service.c.obj)
 .text.cmd_device_list_visitor
                0x0000000040003038       0x48 zephyr/libzephyr.a(device_service.c.obj)
 .text.cmd_device_list
                0x0000000040003080      0x128 zephyr/libzephyr.a(device_service.c.obj)
 .text.device_get_config_level
                0x00000000400031a8       0xbc zephyr/libzephyr.a(device_service.c.obj)
 .text.cmd_device_levels
                0x0000000040003264      0x138 zephyr/libzephyr.a(device_service.c.obj)
 .text.cmd_devmem
                0x000000004000339c      0x190 zephyr/libzephyr.a(devmem_service.c.obj)
 .text.set_bypass.isra.0
                0x000000004000352c       0xa4 zephyr/libzephyr.a(devmem_service.c.obj)
 .text.bypass_cb
                0x00000000400035d0      0x254 zephyr/libzephyr.a(devmem_service.c.obj)
 .text.cmd_load
                0x0000000040003824      0x170 zephyr/libzephyr.a(devmem_service.c.obj)
 .text.cmd_dump
                0x0000000040003994      0x290 zephyr/libzephyr.a(devmem_service.c.obj)
 .text.enable   0x0000000040003c24       0x14 zephyr/libzephyr.a(shell_uart.c.obj)
 .text.write    0x0000000040003c38       0x90 zephyr/libzephyr.a(shell_uart.c.obj)
 .text.read     0x0000000040003cc8       0x34 zephyr/libzephyr.a(shell_uart.c.obj)
 .text.uninit   0x0000000040003cfc       0x24 zephyr/libzephyr.a(shell_uart.c.obj)
 .text.timer_handler
                0x0000000040003d20       0x68 zephyr/libzephyr.a(shell_uart.c.obj)
 .text.enable_shell_uart
                0x0000000040003d88       0x58 zephyr/libzephyr.a(shell_uart.c.obj)
 .text.init     0x0000000040003de0       0x70 zephyr/libzephyr.a(shell_uart.c.obj)
 .text.uninit   0x0000000040003e50       0x18 zephyr/libzephyr.a(shell_telnet.c.obj)
 .text.enable   0x0000000040003e68       0x18 zephyr/libzephyr.a(shell_telnet.c.obj)
 .text.enable_shell_telnet
                0x0000000040003e80       0x20 zephyr/libzephyr.a(shell_telnet.c.obj)
 .text.telnet_accept
                0x0000000040003ea0       0x8c zephyr/libzephyr.a(shell_telnet.c.obj)
 .text.telnet_setup_server.constprop.0
                0x0000000040003f2c       0xa4 zephyr/libzephyr.a(shell_telnet.c.obj)
 .text.init     0x0000000040003fd0       0xdc zephyr/libzephyr.a(shell_telnet.c.obj)
 .text.read     0x00000000400040ac       0xd8 zephyr/libzephyr.a(shell_telnet.c.obj)
 .text.telnet_end_client_connection
                0x0000000040004184       0x64 zephyr/libzephyr.a(shell_telnet.c.obj)
 .text.telnet_send
                0x00000000400041e8       0x7c zephyr/libzephyr.a(shell_telnet.c.obj)
 .text.write    0x0000000040004264      0x1a8 zephyr/libzephyr.a(shell_telnet.c.obj)
 .text.telnet_send_prematurely
                0x000000004000440c        0x4 zephyr/libzephyr.a(shell_telnet.c.obj)
 .text.telnet_sent_cb
                0x0000000040004410        0xc zephyr/libzephyr.a(shell_telnet.c.obj)
 .text.telnet_command_send_reply
                0x000000004000441c       0x5c zephyr/libzephyr.a(shell_telnet.c.obj)
 .text.telnet_recv
                0x0000000040004478      0x1e0 zephyr/libzephyr.a(shell_telnet.c.obj)
 .text.cmd_buffer_clear
                0x0000000040004658       0x1c zephyr/libzephyr.a(shell.c.obj)
 .text.atomic_or
                0x0000000040004674        0x4 zephyr/libzephyr.a(shell.c.obj)
 .text.atomic_and
                0x0000000040004678        0x4 zephyr/libzephyr.a(shell.c.obj)
 .text.shell_signal_handle
                0x000000004000467c       0x64 zephyr/libzephyr.a(shell.c.obj)
 .text.z_shell_strlen
                0x00000000400046e0       0x2c zephyr/libzephyr.a(shell.c.obj)
 .text.z_shell_raw_fprintf
                0x000000004000470c       0x38 zephyr/libzephyr.a(shell.c.obj)
 .text.shell_internal_help_print
                0x0000000040004744       0x40 zephyr/libzephyr.a(shell.c.obj)
 .text.k_mutex_lock.constprop.0.isra.0
                0x0000000040004784        0x4 zephyr/libzephyr.a(shell.c.obj)
 .text.transport_evt_handler
                0x0000000040004788       0x1c zephyr/libzephyr.a(shell.c.obj)
 .text.kill_handler
                0x00000000400047a4       0x84 zephyr/libzephyr.a(shell.c.obj)
 .text.z_cursor_next_line_move.isra.0
                0x0000000040004828        0xc zephyr/libzephyr.a(shell.c.obj)
 .text.z_flag_cmd_ctx_set.isra.0
                0x0000000040004834       0x20 zephyr/libzephyr.a(shell.c.obj)
 .text.z_flag_history_exit_set.isra.0
                0x0000000040004854       0x18 zephyr/libzephyr.a(shell.c.obj)
 .text.history_handle
                0x000000004000486c      0x114 zephyr/libzephyr.a(shell.c.obj)
 .text.z_flag_insert_mode_set.isra.0
                0x0000000040004980       0x34 zephyr/libzephyr.a(shell.c.obj)
 .text.k_mutex_unlock.isra.0
                0x00000000400049b4        0x4 zephyr/libzephyr.a(shell.c.obj)
 .text.execute  0x00000000400049b8      0x46c zephyr/libzephyr.a(shell.c.obj)
 .text.state_set.constprop.0
                0x0000000040004e24       0x88 zephyr/libzephyr.a(shell.c.obj)
 .text.shell_process
                0x0000000040004eac      0x9b0 zephyr/libzephyr.a(shell.c.obj)
                0x0000000040004eac                shell_process
 .text.shell_init
                0x000000004000585c      0x1b8 zephyr/libzephyr.a(shell.c.obj)
                0x000000004000585c                shell_init
 .text.shell_start
                0x0000000040005a14       0x88 zephyr/libzephyr.a(shell.c.obj)
                0x0000000040005a14                shell_start
 .text.shell_thread
                0x0000000040005a9c      0x120 zephyr/libzephyr.a(shell.c.obj)
                0x0000000040005a9c                shell_thread
 .text.shell_vfprintf
                0x0000000040005bbc       0xf4 zephyr/libzephyr.a(shell.c.obj)
                0x0000000040005bbc                shell_vfprintf
 .text.shell_fprintf
                0x0000000040005cb0       0x34 zephyr/libzephyr.a(shell.c.obj)
                0x0000000040005cb0                shell_fprintf
 .text.cmd_help
                0x0000000040005ce4       0x84 zephyr/libzephyr.a(shell.c.obj)
 .text.shell_hexdump_line
                0x0000000040005d68      0x1a4 zephyr/libzephyr.a(shell.c.obj)
                0x0000000040005d68                shell_hexdump_line
 .text.shell_hexdump
                0x0000000040005f0c       0x88 zephyr/libzephyr.a(shell.c.obj)
                0x0000000040005f0c                shell_hexdump
 .text.shell_get_return_value
                0x0000000040005f94       0x18 zephyr/libzephyr.a(shell.c.obj)
                0x0000000040005f94                shell_get_return_value
 .text.shell_echo_set
                0x0000000040005fac       0x48 zephyr/libzephyr.a(shell.c.obj)
                0x0000000040005fac                shell_echo_set
 .text.shell_set_bypass
                0x0000000040005ff4       0x14 zephyr/libzephyr.a(shell.c.obj)
                0x0000000040005ff4                shell_set_bypass
 .text.z_shell_fprintf_buffer_flush
                0x0000000040006008       0x40 zephyr/libzephyr.a(shell_fprintf.c.obj)
                0x0000000040006008                z_shell_fprintf_buffer_flush
 .text.z_shell_fprintf_fmt
                0x0000000040006048       0x5c zephyr/libzephyr.a(shell_fprintf.c.obj)
                0x0000000040006048                z_shell_fprintf_fmt
 .text.out_func
                0x00000000400060a4       0x8c zephyr/libzephyr.a(shell_fprintf.c.obj)
 .text.isspace  0x0000000040006130       0x1c zephyr/libzephyr.a(shell_utils.c.obj)
 .text.z_shell_strlen
                0x000000004000614c       0x2c zephyr/libzephyr.a(shell_utils.c.obj)
 .text.z_column_span_with_buffer_offsets_get
                0x0000000040006178       0x20 zephyr/libzephyr.a(shell_utils.c.obj)
                0x0000000040006178                z_column_span_with_buffer_offsets_get
 .text.z_row_span_with_buffer_offsets_get
                0x0000000040006198       0x20 zephyr/libzephyr.a(shell_utils.c.obj)
                0x0000000040006198                z_row_span_with_buffer_offsets_get
 .text.z_shell_multiline_data_calc
                0x00000000400061b8       0x44 zephyr/libzephyr.a(shell_utils.c.obj)
                0x00000000400061b8                z_shell_multiline_data_calc
 .text.z_shell_make_argv
                0x00000000400061fc      0x324 zephyr/libzephyr.a(shell_utils.c.obj)
                0x00000000400061fc                z_shell_make_argv
 .text.z_shell_pattern_remove
                0x0000000040006520       0xc4 zephyr/libzephyr.a(shell_utils.c.obj)
                0x0000000040006520                z_shell_pattern_remove
 .text.z_shell_cmd_get
                0x00000000400065e4       0xcc zephyr/libzephyr.a(shell_utils.c.obj)
                0x00000000400065e4                z_shell_cmd_get
 .text.z_shell_find_cmd
                0x00000000400066b0       0x94 zephyr/libzephyr.a(shell_utils.c.obj)
                0x00000000400066b0                z_shell_find_cmd
 .text.z_shell_get_last_command
                0x0000000040006744       0xcc zephyr/libzephyr.a(shell_utils.c.obj)
                0x0000000040006744                z_shell_get_last_command
 .text.z_shell_spaces_trim
                0x0000000040006810       0xf8 zephyr/libzephyr.a(shell_utils.c.obj)
                0x0000000040006810                z_shell_spaces_trim
 .text.z_shell_cmd_trim
                0x0000000040006908       0xe4 zephyr/libzephyr.a(shell_utils.c.obj)
                0x0000000040006908                z_shell_cmd_trim
 .text.shell_strtoul
                0x00000000400069ec       0xac zephyr/libzephyr.a(shell_utils.c.obj)
                0x00000000400069ec                shell_strtoul
 .text.z_shell_raw_fprintf
                0x0000000040006a98       0x38 zephyr/libzephyr.a(shell_ops.c.obj)
 .text.z_clear_eos
                0x0000000040006ad0       0x28 zephyr/libzephyr.a(shell_ops.c.obj)
 .text.z_cursor_next_line_move.isra.0
                0x0000000040006af8        0xc zephyr/libzephyr.a(shell_ops.c.obj)
 .text.full_line_cmd
                0x0000000040006b04       0x5c zephyr/libzephyr.a(shell_ops.c.obj)
 .text.z_shell_op_cursor_vert_move
                0x0000000040006b60       0x44 zephyr/libzephyr.a(shell_ops.c.obj)
                0x0000000040006b60                z_shell_op_cursor_vert_move
 .text.z_shell_op_cursor_horiz_move
                0x0000000040006ba4       0x44 zephyr/libzephyr.a(shell_ops.c.obj)
                0x0000000040006ba4                z_shell_op_cursor_horiz_move
 .text.z_shell_cursor_in_empty_line
                0x0000000040006be8       0x6c zephyr/libzephyr.a(shell_ops.c.obj)
                0x0000000040006be8                z_shell_cursor_in_empty_line
 .text.z_shell_op_cond_next_line
                0x0000000040006c54       0x48 zephyr/libzephyr.a(shell_ops.c.obj)
                0x0000000040006c54                z_shell_op_cond_next_line
 .text.z_shell_op_cursor_position_synchronize
                0x0000000040006c9c       0x94 zephyr/libzephyr.a(shell_ops.c.obj)
                0x0000000040006c9c                z_shell_op_cursor_position_synchronize
 .text.z_shell_op_cursor_move
                0x0000000040006d30       0xac zephyr/libzephyr.a(shell_ops.c.obj)
                0x0000000040006d30                z_shell_op_cursor_move
 .text.z_shell_op_cursor_word_move
                0x0000000040006ddc      0x114 zephyr/libzephyr.a(shell_ops.c.obj)
                0x0000000040006ddc                z_shell_op_cursor_word_move
 .text.z_shell_op_cursor_home_move
                0x0000000040006ef0       0x18 zephyr/libzephyr.a(shell_ops.c.obj)
                0x0000000040006ef0                z_shell_op_cursor_home_move
 .text.z_shell_op_cursor_end_move
                0x0000000040006f08       0x1c zephyr/libzephyr.a(shell_ops.c.obj)
                0x0000000040006f08                z_shell_op_cursor_end_move
 .text.z_shell_op_left_arrow
                0x0000000040006f24       0x18 zephyr/libzephyr.a(shell_ops.c.obj)
                0x0000000040006f24                z_shell_op_left_arrow
 .text.z_shell_op_right_arrow
                0x0000000040006f3c       0x1c zephyr/libzephyr.a(shell_ops.c.obj)
                0x0000000040006f3c                z_shell_op_right_arrow
 .text.z_shell_op_delete_from_cursor
                0x0000000040006f58       0x20 zephyr/libzephyr.a(shell_ops.c.obj)
                0x0000000040006f58                z_shell_op_delete_from_cursor
 .text.z_shell_cmd_line_erase
                0x0000000040006f78       0x64 zephyr/libzephyr.a(shell_ops.c.obj)
                0x0000000040006f78                z_shell_cmd_line_erase
 .text.z_shell_print_cmd
                0x0000000040006fdc       0x18 zephyr/libzephyr.a(shell_ops.c.obj)
                0x0000000040006fdc                z_shell_print_cmd
 .text.z_shell_write
                0x0000000040006ff4       0xf0 zephyr/libzephyr.a(shell_ops.c.obj)
                0x0000000040006ff4                z_shell_write
 .text.z_shell_print_stream
                0x00000000400070e4        0x4 zephyr/libzephyr.a(shell_ops.c.obj)
                0x00000000400070e4                z_shell_print_stream
 .text.z_shell_vt100_color_set
                0x00000000400070e8       0x5c zephyr/libzephyr.a(shell_ops.c.obj)
                0x00000000400070e8                z_shell_vt100_color_set
 .text.z_shell_vt100_colors_restore
                0x0000000040007144       0x84 zephyr/libzephyr.a(shell_ops.c.obj)
                0x0000000040007144                z_shell_vt100_colors_restore
 .text.z_shell_vfprintf
                0x00000000400071c8       0xc0 zephyr/libzephyr.a(shell_ops.c.obj)
                0x00000000400071c8                z_shell_vfprintf
 .text.z_shell_fprintf
                0x0000000040007288       0x34 zephyr/libzephyr.a(shell_ops.c.obj)
                0x0000000040007288                z_shell_fprintf
 .text.z_shell_op_word_remove
                0x00000000400072bc      0x17c zephyr/libzephyr.a(shell_ops.c.obj)
                0x00000000400072bc                z_shell_op_word_remove
 .text.reprint_from_cursor
                0x0000000040007438       0xe8 zephyr/libzephyr.a(shell_ops.c.obj)
 .text.data_insert
                0x0000000040007520      0x100 zephyr/libzephyr.a(shell_ops.c.obj)
 .text.z_shell_op_char_insert
                0x0000000040007620       0xb4 zephyr/libzephyr.a(shell_ops.c.obj)
                0x0000000040007620                z_shell_op_char_insert
 .text.z_shell_op_completion_insert
                0x00000000400076d4        0x4 zephyr/libzephyr.a(shell_ops.c.obj)
                0x00000000400076d4                z_shell_op_completion_insert
 .text.z_shell_op_char_delete
                0x00000000400076d8       0x90 zephyr/libzephyr.a(shell_ops.c.obj)
                0x00000000400076d8                z_shell_op_char_delete
 .text.z_shell_op_char_backspace
                0x0000000040007768       0x44 zephyr/libzephyr.a(shell_ops.c.obj)
                0x0000000040007768                z_shell_op_char_backspace
 .text.z_shell_print_prompt_and_cmd
                0x00000000400077ac       0x68 zephyr/libzephyr.a(shell_ops.c.obj)
                0x00000000400077ac                z_shell_print_prompt_and_cmd
 .text.z_shell_raw_fprintf
                0x0000000040007814       0x38 zephyr/libzephyr.a(shell_help.c.obj)
 .text.z_cursor_next_line_move.isra.0
                0x000000004000784c        0xc zephyr/libzephyr.a(shell_help.c.obj)
 .text.formatted_text_print.constprop.0
                0x0000000040007858      0x1bc zephyr/libzephyr.a(shell_help.c.obj)
 .text.z_shell_help_subcmd_print
                0x0000000040007a14      0x188 zephyr/libzephyr.a(shell_help.c.obj)
                0x0000000040007a14                z_shell_help_subcmd_print
 .text.z_shell_help_cmd_print
                0x0000000040007b9c       0x94 zephyr/libzephyr.a(shell_help.c.obj)
                0x0000000040007b9c                z_shell_help_cmd_print
 .text.z_shell_help_request
                0x0000000040007c30       0x4c zephyr/libzephyr.a(shell_help.c.obj)
                0x0000000040007c30                z_shell_help_request
 .text.cmd_shell_stats_reset
                0x0000000040007c7c       0x10 zephyr/libzephyr.a(shell_cmds.c.obj)
 .text.z_shell_raw_fprintf
                0x0000000040007c8c       0x38 zephyr/libzephyr.a(shell_cmds.c.obj)
 .text.cmd_resize_default
                0x0000000040007cc4       0x60 zephyr/libzephyr.a(shell_cmds.c.obj)
 .text.cmd_shell_stats_show
                0x0000000040007d24       0x30 zephyr/libzephyr.a(shell_cmds.c.obj)
 .text.cmd_backends
                0x0000000040007d54       0xa0 zephyr/libzephyr.a(shell_cmds.c.obj)
 .text.cmd_history
                0x0000000040007df4       0x84 zephyr/libzephyr.a(shell_cmds.c.obj)
 .text.cmd_get_retval
                0x0000000040007e78       0x40 zephyr/libzephyr.a(shell_cmds.c.obj)
 .text.cmd_echo
                0x0000000040007eb8       0x88 zephyr/libzephyr.a(shell_cmds.c.obj)
 .text.cmd_clear
                0x0000000040007f40       0x6c zephyr/libzephyr.a(shell_cmds.c.obj)
 .text.cmd_resize
                0x0000000040007fac      0x2e0 zephyr/libzephyr.a(shell_cmds.c.obj)
 .text.cmd_vt100_off
                0x000000004000828c       0x28 zephyr/libzephyr.a(shell_cmds.c.obj)
 .text.cmd_bacskpace_mode_delete
                0x00000000400082b4       0x28 zephyr/libzephyr.a(shell_cmds.c.obj)
 .text.cmd_colors_off
                0x00000000400082dc       0x28 zephyr/libzephyr.a(shell_cmds.c.obj)
 .text.cmd_bacskpace_mode_backspace
                0x0000000040008304       0x28 zephyr/libzephyr.a(shell_cmds.c.obj)
 .text.cmd_echo_off
                0x000000004000832c       0x28 zephyr/libzephyr.a(shell_cmds.c.obj)
 .text.cmd_colors_on
                0x0000000040008354       0x28 zephyr/libzephyr.a(shell_cmds.c.obj)
 .text.cmd_vt100_on
                0x000000004000837c       0x28 zephyr/libzephyr.a(shell_cmds.c.obj)
 .text.cmd_echo_on
                0x00000000400083a4       0x28 zephyr/libzephyr.a(shell_cmds.c.obj)
 .text.remove_from_tail.part.0
                0x00000000400083cc       0x50 zephyr/libzephyr.a(shell_history.c.obj)
 .text.z_shell_history_mode_exit
                0x000000004000841c        0x8 zephyr/libzephyr.a(shell_history.c.obj)
                0x000000004000841c                z_shell_history_mode_exit
 .text.z_shell_history_get
                0x0000000040008424       0xa8 zephyr/libzephyr.a(shell_history.c.obj)
                0x0000000040008424                z_shell_history_get
 .text.z_shell_history_purge
                0x00000000400084cc       0x40 zephyr/libzephyr.a(shell_history.c.obj)
                0x00000000400084cc                z_shell_history_purge
 .text.z_shell_history_put
                0x000000004000850c      0x174 zephyr/libzephyr.a(shell_history.c.obj)
                0x000000004000850c                z_shell_history_put
 .text.z_shell_history_init
                0x0000000040008680       0x14 zephyr/libzephyr.a(shell_history.c.obj)
                0x0000000040008680                z_shell_history_init
 .text.z_shell_has_wildcard
                0x0000000040008694       0x6c zephyr/libzephyr.a(shell_wildcard.c.obj)
                0x0000000040008694                z_shell_has_wildcard
 .text.z_shell_wildcard_prepare
                0x0000000040008700       0x6c zephyr/libzephyr.a(shell_wildcard.c.obj)
                0x0000000040008700                z_shell_wildcard_prepare
 .text.z_shell_wildcard_process
                0x000000004000876c      0x1b4 zephyr/libzephyr.a(shell_wildcard.c.obj)
                0x000000004000876c                z_shell_wildcard_process
 .text.z_shell_wildcard_finalize
                0x0000000040008920       0x40 zephyr/libzephyr.a(shell_wildcard.c.obj)
                0x0000000040008920                z_shell_wildcard_finalize
 .text.arch_cpu_idle
                0x0000000040008960        0xc zephyr/arch/arch/riscv/core/libarch__riscv__core.a(cpu_idle.c.obj)
                0x0000000040008960                arch_cpu_idle
 .text.z_riscv_fatal_error
                0x000000004000896c        0xc zephyr/arch/arch/riscv/core/libarch__riscv__core.a(fatal.c.obj)
                0x000000004000896c                z_riscv_fatal_error
 .text._Fault   0x0000000040008978       0x1c zephyr/arch/arch/riscv/core/libarch__riscv__core.a(fatal.c.obj)
                0x0000000040008978                _Fault
 .text.z_irq_spurious
                0x0000000040008994       0x18 zephyr/arch/arch/riscv/core/libarch__riscv__core.a(irq_manage.c.obj)
                0x0000000040008994                z_irq_spurious
 .text._PrepC   0x00000000400089ac       0x10 zephyr/arch/arch/riscv/core/libarch__riscv__core.a(prep_c.c.obj)
                0x00000000400089ac                _PrepC
 .text.__initialize
                0x00000000400089bc       0x5c zephyr/arch/arch/riscv/core/libarch__riscv__core.a(reset.S.obj)
                0x00000000400089bc                __initialize
 .text.z_riscv_switch
                0x0000000040008a18       0x78 zephyr/arch/arch/riscv/core/libarch__riscv__core.a(switch.S.obj)
                0x0000000040008a18                z_riscv_switch
 .text.arch_new_thread
                0x0000000040008a90       0x48 zephyr/arch/arch/riscv/core/libarch__riscv__core.a(thread.c.obj)
                0x0000000040008a90                arch_new_thread
 .text.strtol   0x0000000040008ad8      0x194 zephyr/lib/libc/minimal/liblib__libc__minimal.a(strtol.c.obj)
                0x0000000040008ad8                strtol
 .text.strtoul  0x0000000040008c6c      0x184 zephyr/lib/libc/minimal/liblib__libc__minimal.a(strtoul.c.obj)
                0x0000000040008c6c                strtoul
 .text.strstr   0x0000000040008df0       0x90 zephyr/lib/libc/minimal/liblib__libc__minimal.a(strstr.c.obj)
                0x0000000040008df0                strstr
 .text.strcpy   0x0000000040008e80       0x24 zephyr/lib/libc/minimal/liblib__libc__minimal.a(string.c.obj)
                0x0000000040008e80                strcpy
 .text.strncpy  0x0000000040008ea4       0x3c zephyr/lib/libc/minimal/liblib__libc__minimal.a(string.c.obj)
                0x0000000040008ea4                strncpy
 .text.strchr   0x0000000040008ee0       0x24 zephyr/lib/libc/minimal/liblib__libc__minimal.a(string.c.obj)
                0x0000000040008ee0                strchr
 .text.strrchr  0x0000000040008f04       0x24 zephyr/lib/libc/minimal/liblib__libc__minimal.a(string.c.obj)
                0x0000000040008f04                strrchr
 .text.strlen   0x0000000040008f28       0x20 zephyr/lib/libc/minimal/liblib__libc__minimal.a(string.c.obj)
                0x0000000040008f28                strlen
 .text.strnlen  0x0000000040008f48       0x24 zephyr/lib/libc/minimal/liblib__libc__minimal.a(string.c.obj)
                0x0000000040008f48                strnlen
 .text.strcmp   0x0000000040008f6c       0x24 zephyr/lib/libc/minimal/liblib__libc__minimal.a(string.c.obj)
                0x0000000040008f6c                strcmp
 .text.strncmp  0x0000000040008f90       0x3c zephyr/lib/libc/minimal/liblib__libc__minimal.a(string.c.obj)
                0x0000000040008f90                strncmp
 .text.memcmp   0x0000000040008fcc       0x38 zephyr/lib/libc/minimal/liblib__libc__minimal.a(string.c.obj)
                0x0000000040008fcc                memcmp
 .text.memmove  0x0000000040009004       0x48 zephyr/lib/libc/minimal/liblib__libc__minimal.a(string.c.obj)
                0x0000000040009004                memmove
 .text.memcpy   0x000000004000904c       0x24 zephyr/lib/libc/minimal/liblib__libc__minimal.a(string.c.obj)
                0x000000004000904c                memcpy
 .text.memset   0x0000000040009070       0x20 zephyr/lib/libc/minimal/liblib__libc__minimal.a(string.c.obj)
                0x0000000040009070                memset
 .text.memchr   0x0000000040009090       0x2c zephyr/lib/libc/minimal/liblib__libc__minimal.a(string.c.obj)
                0x0000000040009090                memchr
 .text._stdout_hook_default
                0x00000000400090bc        0x8 zephyr/lib/libc/minimal/liblib__libc__minimal.a(stdout_console.c.obj)
 .text.__stdout_hook_install
                0x00000000400090c4        0xc zephyr/lib/libc/minimal/liblib__libc__minimal.a(stdout_console.c.obj)
                0x00000000400090c4                __stdout_hook_install
 .text.sprintf_out
                0x00000000400090d0       0x34 zephyr/lib/libc/minimal/liblib__libc__minimal.a(sprintf.c.obj)
 .text.snprintf
                0x0000000040009104       0x5c zephyr/lib/libc/minimal/liblib__libc__minimal.a(sprintf.c.obj)
                0x0000000040009104                snprintf
 .text.foldcase
                0x0000000040009160       0x1c zephyr/lib/posix/liblib__posix.a(fnmatch.c.obj)
 .text.fnmatchx
                0x000000004000917c      0x3f0 zephyr/lib/posix/liblib__posix.a(fnmatch.c.obj)
 .text.fnmatch  0x000000004000956c        0x8 zephyr/lib/posix/liblib__posix.a(fnmatch.c.obj)
                0x000000004000956c                fnmatch
 .text.z_impl_sys_rand32_get
                0x0000000040009574       0x44 zephyr/subsys/random/libsubsys__random.a(rand32_entropy_device.c.obj)
                0x0000000040009574                z_impl_sys_rand32_get
 .text.z_impl_sys_rand_get
                0x00000000400095b8       0xa4 zephyr/subsys/random/libsubsys__random.a(rand32_entropy_device.c.obj)
                0x00000000400095b8                z_impl_sys_rand_get
 .text.fixed_data_unref
                0x000000004000965c        0x4 zephyr/subsys/net/libsubsys__net.a(buf.c.obj)
 .text.net_buf_id
                0x0000000040009660       0x34 zephyr/subsys/net/libsubsys__net.a(buf.c.obj)
                0x0000000040009660                net_buf_id
 .text.fixed_data_alloc
                0x0000000040009694       0x6c zephyr/subsys/net/libsubsys__net.a(buf.c.obj)
 .text.net_buf_alloc_len
                0x0000000040009700      0x1f8 zephyr/subsys/net/libsubsys__net.a(buf.c.obj)
                0x0000000040009700                net_buf_alloc_len
 .text.net_buf_alloc_fixed
                0x00000000400098f8       0x18 zephyr/subsys/net/libsubsys__net.a(buf.c.obj)
                0x00000000400098f8                net_buf_alloc_fixed
 .text.net_buf_unref
                0x0000000040009910       0xd0 zephyr/subsys/net/libsubsys__net.a(buf.c.obj)
                0x0000000040009910                net_buf_unref
 .text.net_buf_frag_last
                0x00000000400099e0       0x14 zephyr/subsys/net/libsubsys__net.a(buf.c.obj)
                0x00000000400099e0                net_buf_frag_last
 .text.net_buf_frag_insert
                0x00000000400099f4       0x24 zephyr/subsys/net/libsubsys__net.a(buf.c.obj)
                0x00000000400099f4                net_buf_frag_insert
 .text.net_buf_frag_add
                0x0000000040009a18       0x50 zephyr/subsys/net/libsubsys__net.a(buf.c.obj)
                0x0000000040009a18                net_buf_frag_add
 .text.net_buf_linearize
                0x0000000040009a68       0xb4 zephyr/subsys/net/libsubsys__net.a(buf.c.obj)
                0x0000000040009a68                net_buf_linearize
 .text.net_buf_simple_add
                0x0000000040009b1c       0x18 zephyr/subsys/net/libsubsys__net.a(buf_simple.c.obj)
                0x0000000040009b1c                net_buf_simple_add
 .text.net_buf_simple_add_be16
                0x0000000040009b34       0x24 zephyr/subsys/net/libsubsys__net.a(buf_simple.c.obj)
                0x0000000040009b34                net_buf_simple_add_be16
 .text.net_buf_simple_pull
                0x0000000040009b58       0x20 zephyr/subsys/net/libsubsys__net.a(buf_simple.c.obj)
                0x0000000040009b58                net_buf_simple_pull
 .text.net_buf_simple_pull_mem
                0x0000000040009b78       0x20 zephyr/subsys/net/libsubsys__net.a(buf_simple.c.obj)
                0x0000000040009b78                net_buf_simple_pull_mem
 .text.net_buf_simple_max_len
                0x0000000040009b98       0x20 zephyr/subsys/net/libsubsys__net.a(buf_simple.c.obj)
                0x0000000040009b98                net_buf_simple_max_len
 .text.net_ipv4_is_addr_mcast
                0x0000000040009bb8       0x20 zephyr/subsys/net/l2/ethernet/libsubsys__net__l2__ethernet.a(ethernet.c.obj)
 .text.ethernet_flags
                0x0000000040009bd8       0x10 zephyr/subsys/net/l2/ethernet/libsubsys__net__l2__ethernet.a(ethernet.c.obj)
                0x0000000040009bd8                ethernet_flags
 .text.ethernet_enable
                0x0000000040009be8       0x80 zephyr/subsys/net/l2/ethernet/libsubsys__net__l2__ethernet.a(ethernet.c.obj)
 .text.net_eth_is_addr_broadcast
                0x0000000040009c68       0x4c zephyr/subsys/net/l2/ethernet/libsubsys__net__l2__ethernet.a(ethernet.c.obj)
 .text.carrier_on_off
                0x0000000040009cb4       0x80 zephyr/subsys/net/l2/ethernet/libsubsys__net__l2__ethernet.a(ethernet.c.obj)
 .text.ethernet_recv
                0x0000000040009d34      0x310 zephyr/subsys/net/l2/ethernet/libsubsys__net__l2__ethernet.a(ethernet.c.obj)
 .text.net_eth_broadcast_addr
                0x000000004000a044        0xc zephyr/subsys/net/l2/ethernet/libsubsys__net__l2__ethernet.a(ethernet.c.obj)
                0x000000004000a044                net_eth_broadcast_addr
 .text.net_eth_ipv4_mcast_to_mac_addr
                0x000000004000a050       0x38 zephyr/subsys/net/l2/ethernet/libsubsys__net__l2__ethernet.a(ethernet.c.obj)
                0x000000004000a050                net_eth_ipv4_mcast_to_mac_addr
 .text.ethernet_send
                0x000000004000a088      0x334 zephyr/subsys/net/l2/ethernet/libsubsys__net__l2__ethernet.a(ethernet.c.obj)
 .text.ethernet_init
                0x000000004000a3bc       0x88 zephyr/subsys/net/l2/ethernet/libsubsys__net__l2__ethernet.a(ethernet.c.obj)
                0x000000004000a3bc                ethernet_init
 .text.sys_slist_prepend
                0x000000004000a444       0x1c zephyr/subsys/net/l2/ethernet/libsubsys__net__l2__ethernet.a(arp.c.obj)
 .text.sys_slist_remove
                0x000000004000a460       0x34 zephyr/subsys/net/l2/ethernet/libsubsys__net__l2__ethernet.a(arp.c.obj)
 .text.k_uptime_get_32
                0x000000004000a494       0x20 zephyr/subsys/net/l2/ethernet/libsubsys__net__l2__ethernet.a(arp.c.obj)
 .text.arp_entry_get_last_from_table
                0x000000004000a4b4       0x58 zephyr/subsys/net/l2/ethernet/libsubsys__net__l2__ethernet.a(arp.c.obj)
 .text.k_mutex_lock.constprop.0.isra.0
                0x000000004000a50c       0x14 zephyr/subsys/net/l2/ethernet/libsubsys__net__l2__ethernet.a(arp.c.obj)
 .text.k_mutex_unlock.constprop.0.isra.0
                0x000000004000a520        0xc zephyr/subsys/net/l2/ethernet/libsubsys__net__l2__ethernet.a(arp.c.obj)
 .text.if_get_addr.isra.0
                0x000000004000a52c       0x90 zephyr/subsys/net/l2/ethernet/libsubsys__net__l2__ethernet.a(arp.c.obj)
 .text.arp_entry_find.isra.0
                0x000000004000a5bc       0x74 zephyr/subsys/net/l2/ethernet/libsubsys__net__l2__ethernet.a(arp.c.obj)
 .text.arp_update
                0x000000004000a630      0x230 zephyr/subsys/net/l2/ethernet/libsubsys__net__l2__ethernet.a(arp.c.obj)
 .text.arp_entry_cleanup
                0x000000004000a860       0x70 zephyr/subsys/net/l2/ethernet/libsubsys__net__l2__ethernet.a(arp.c.obj)
 .text.arp_request_timeout
                0x000000004000a8d0      0x104 zephyr/subsys/net/l2/ethernet/libsubsys__net__l2__ethernet.a(arp.c.obj)
 .text.net_arp_prepare
                0x000000004000a9d4      0x3f4 zephyr/subsys/net/l2/ethernet/libsubsys__net__l2__ethernet.a(arp.c.obj)
                0x000000004000a9d4                net_arp_prepare
 .text.net_arp_input
                0x000000004000adc8      0x410 zephyr/subsys/net/l2/ethernet/libsubsys__net__l2__ethernet.a(arp.c.obj)
                0x000000004000adc8                net_arp_input
 .text.net_arp_clear_cache
                0x000000004000b1d8      0x15c zephyr/subsys/net/l2/ethernet/libsubsys__net__l2__ethernet.a(arp.c.obj)
                0x000000004000b1d8                net_arp_clear_cache
 .text.net_arp_clear_pending
                0x000000004000b334       0x44 zephyr/subsys/net/l2/ethernet/libsubsys__net__l2__ethernet.a(arp.c.obj)
                0x000000004000b334                net_arp_clear_pending
 .text.net_arp_foreach
                0x000000004000b378       0x78 zephyr/subsys/net/l2/ethernet/libsubsys__net__l2__ethernet.a(arp.c.obj)
                0x000000004000b378                net_arp_foreach
 .text.net_arp_init
                0x000000004000b3f0       0xc0 zephyr/subsys/net/l2/ethernet/libsubsys__net__l2__ethernet.a(arp.c.obj)
                0x000000004000b3f0                net_arp_init
 .text.net_ipv6_is_addr_loopback
                0x000000004000b4b0       0xf8 zephyr/subsys/net/ip/libsubsys__net__ip.a(net_core.c.obj)
 .text.processing_data
                0x000000004000b5a8       0xcc zephyr/subsys/net/ip/libsubsys__net__ip.a(net_core.c.obj)
 .text.net_init
                0x000000004000b674       0x54 zephyr/subsys/net/ip/libsubsys__net__ip.a(net_core.c.obj)
 .text.net_send_data
                0x000000004000b6c8      0x38c zephyr/subsys/net/ip/libsubsys__net__ip.a(net_core.c.obj)
                0x000000004000b6c8                net_send_data
 .text.net_process_rx_packet
                0x000000004000ba54       0x18 zephyr/subsys/net/ip/libsubsys__net__ip.a(net_core.c.obj)
                0x000000004000ba54                net_process_rx_packet
 .text.net_recv_data
                0x000000004000ba6c       0xbc zephyr/subsys/net/ip/libsubsys__net__ip.a(net_core.c.obj)
                0x000000004000ba6c                net_recv_data
 .text.sys_slist_append
                0x000000004000bb28       0x24 zephyr/subsys/net/ip/libsubsys__net__ip.a(net_if.c.obj)
 .text.sys_slist_find_and_remove
                0x000000004000bb4c       0x5c zephyr/subsys/net/ip/libsubsys__net__ip.a(net_if.c.obj)
 .text.net_ipv6_is_addr_loopback
                0x000000004000bba8       0xf8 zephyr/subsys/net/ip/libsubsys__net__ip.a(net_if.c.obj)
 .text.net_ipv4_is_ll_addr
                0x000000004000bca0       0x70 zephyr/subsys/net/ip/libsubsys__net__ip.a(net_if.c.obj)
 .text.net_if_l2
                0x000000004000bd10       0x14 zephyr/subsys/net/ip/libsubsys__net__ip.a(net_if.c.obj)
 .text.net_context_send_cb
                0x000000004000bd24       0x18 zephyr/subsys/net/ip/libsubsys__net__ip.a(net_if.c.obj)
 .text.l2_flags_get
                0x000000004000bd3c       0x48 zephyr/subsys/net/ip/libsubsys__net__ip.a(net_if.c.obj)
 .text.get_ipaddr_diff
                0x000000004000bd84       0x74 zephyr/subsys/net/ip/libsubsys__net__ip.a(net_if.c.obj)
 .text.net_ipv6_is_prefix
                0x000000004000bdf8       0xac zephyr/subsys/net/ip/libsubsys__net__ip.a(net_if.c.obj)
 .text.net_ipv6_addr_cmp
                0x000000004000bea4       0x20 zephyr/subsys/net/ip/libsubsys__net__ip.a(net_if.c.obj)
 .text.k_uptime_get_32
                0x000000004000bec4       0x20 zephyr/subsys/net/ip/libsubsys__net__ip.a(net_if.c.obj)
 .text.atomic_clear_bit
                0x000000004000bee4       0x1c zephyr/subsys/net/ip/libsubsys__net__ip.a(net_if.c.obj)
 .text.iface_router_notify_deletion.constprop.0
                0x000000004000bf00       0x48 zephyr/subsys/net/ip/libsubsys__net__ip.a(net_if.c.obj)
 .text.k_mutex_lock.constprop.0.isra.0
                0x000000004000bf48       0x14 zephyr/subsys/net/ip/libsubsys__net__ip.a(net_if.c.obj)
 .text.k_mutex_unlock.constprop.0.isra.0
                0x000000004000bf5c        0xc zephyr/subsys/net/ip/libsubsys__net__ip.a(net_if.c.obj)
 .text.if_ipv4_get_addr
                0x000000004000bf68       0xa8 zephyr/subsys/net/ip/libsubsys__net__ip.a(net_if.c.obj)
 .text.iface_router_lookup
                0x000000004000c010      0x110 zephyr/subsys/net/ip/libsubsys__net__ip.a(net_if.c.obj)
 .text.iface_router_update_timer
                0x000000004000c120       0xc8 zephyr/subsys/net/ip/libsubsys__net__ip.a(net_if.c.obj)
 .text.iface_router_add
                0x000000004000c1e8      0x1ac zephyr/subsys/net/ip/libsubsys__net__ip.a(net_if.c.obj)
 .text.iface_router_rm
                0x000000004000c394       0x7c zephyr/subsys/net/ip/libsubsys__net__ip.a(net_if.c.obj)
 .text.address_lifetime_timeout
                0x000000004000c410      0x114 zephyr/subsys/net/ip/libsubsys__net__ip.a(net_if.c.obj)
 .text.iface_router_find_default.constprop.0
                0x000000004000c524       0xd4 zephyr/subsys/net/ip/libsubsys__net__ip.a(net_if.c.obj)
 .text.net_if_flag_is_set
                0x000000004000c5f8       0x40 zephyr/subsys/net/ip/libsubsys__net__ip.a(net_if.c.obj)
 .text.net_if_ipv6_start_dad
                0x000000004000c638       0xb4 zephyr/subsys/net/ip/libsubsys__net__ip.a(net_if.c.obj)
 .text.net_if_ipv4_get_best_match.isra.0
                0x000000004000c6ec       0xa0 zephyr/subsys/net/ip/libsubsys__net__ip.a(net_if.c.obj)
 .text.net_if_ipv6_get_best_match.isra.0
                0x000000004000c78c      0x14c zephyr/subsys/net/ip/libsubsys__net__ip.a(net_if.c.obj)
 .text.need_calc_checksum
                0x000000004000c8d8       0x6c zephyr/subsys/net/ip/libsubsys__net__ip.a(net_if.c.obj)
 .text.net_if_flag_set.isra.0
                0x000000004000c944       0x10 zephyr/subsys/net/ip/libsubsys__net__ip.a(net_if.c.obj)
 .text.net_if_flag_test_and_set.isra.0
                0x000000004000c954       0x38 zephyr/subsys/net/ip/libsubsys__net__ip.a(net_if.c.obj)
 .text.atomic_test_and_clear_bit
                0x000000004000c98c       0x40 zephyr/subsys/net/ip/libsubsys__net__ip.a(net_if.c.obj)
 .text.iface_router_expired
                0x000000004000c9cc      0x100 zephyr/subsys/net/ip/libsubsys__net__ip.a(net_if.c.obj)
 .text.z_impl_net_if_get_by_index
                0x000000004000cacc       0x30 zephyr/subsys/net/ip/libsubsys__net__ip.a(net_if.c.obj)
                0x000000004000cacc                z_impl_net_if_get_by_index
 .text.net_if_set_link_addr_locked
                0x000000004000cafc       0x8c zephyr/subsys/net/ip/libsubsys__net__ip.a(net_if.c.obj)
                0x000000004000cafc                net_if_set_link_addr_locked
 .text.net_if_lookup_by_dev
                0x000000004000cb88       0x34 zephyr/subsys/net/ip/libsubsys__net__ip.a(net_if.c.obj)
                0x000000004000cb88                net_if_lookup_by_dev
 .text.net_if_get_default
                0x000000004000cbbc       0x2c zephyr/subsys/net/ip/libsubsys__net__ip.a(net_if.c.obj)
                0x000000004000cbbc                net_if_get_default
 .text.net_if_mcast_monitor
                0x000000004000cbe8       0x94 zephyr/subsys/net/ip/libsubsys__net__ip.a(net_if.c.obj)
                0x000000004000cbe8                net_if_mcast_monitor
 .text.net_if_config_ipv6_get
                0x000000004000cc7c       0x90 zephyr/subsys/net/ip/libsubsys__net__ip.a(net_if.c.obj)
                0x000000004000cc7c                net_if_config_ipv6_get
 .text.net_if_start_rs
                0x000000004000cd0c       0x98 zephyr/subsys/net/ip/libsubsys__net__ip.a(net_if.c.obj)
                0x000000004000cd0c                net_if_start_rs
 .text.rs_timeout
                0x000000004000cda4      0x134 zephyr/subsys/net/ip/libsubsys__net__ip.a(net_if.c.obj)
 .text.net_if_stop_rs
                0x000000004000ced8       0x44 zephyr/subsys/net/ip/libsubsys__net__ip.a(net_if.c.obj)
                0x000000004000ced8                net_if_stop_rs
 .text.net_if_ipv6_addr_lookup
                0x000000004000cf1c      0x118 zephyr/subsys/net/ip/libsubsys__net__ip.a(net_if.c.obj)
                0x000000004000cf1c                net_if_ipv6_addr_lookup
 .text.dad_timeout
                0x000000004000d034      0x14c zephyr/subsys/net/ip/libsubsys__net__ip.a(net_if.c.obj)
 .text.net_if_ipv6_addr_lookup_by_iface
                0x000000004000d180       0xd0 zephyr/subsys/net/ip/libsubsys__net__ip.a(net_if.c.obj)
                0x000000004000d180                net_if_ipv6_addr_lookup_by_iface
 .text.net_if_ipv6_addr_update_lifetime
                0x000000004000d250       0x7c zephyr/subsys/net/ip/libsubsys__net__ip.a(net_if.c.obj)
                0x000000004000d250                net_if_ipv6_addr_update_lifetime
 .text.net_if_ipv6_addr_add
                0x000000004000d2cc      0x294 zephyr/subsys/net/ip/libsubsys__net__ip.a(net_if.c.obj)
                0x000000004000d2cc                net_if_ipv6_addr_add
 .text.net_if_start_dad
                0x000000004000d560      0x1cc zephyr/subsys/net/ip/libsubsys__net__ip.a(net_if.c.obj)
                0x000000004000d560                net_if_start_dad
 .text.update_operational_state
                0x000000004000d72c      0x150 zephyr/subsys/net/ip/libsubsys__net__ip.a(net_if.c.obj)
 .text.net_if_ipv6_maddr_rm
                0x000000004000d87c       0xe4 zephyr/subsys/net/ip/libsubsys__net__ip.a(net_if.c.obj)
                0x000000004000d87c                net_if_ipv6_maddr_rm
 .text.net_if_ipv6_addr_rm
                0x000000004000d960      0x184 zephyr/subsys/net/ip/libsubsys__net__ip.a(net_if.c.obj)
                0x000000004000d960                net_if_ipv6_addr_rm
 .text.net_if_ipv6_dad_failed
                0x000000004000dae4       0x90 zephyr/subsys/net/ip/libsubsys__net__ip.a(net_if.c.obj)
                0x000000004000dae4                net_if_ipv6_dad_failed
 .text.remove_prefix_addresses
                0x000000004000db74       0xe0 zephyr/subsys/net/ip/libsubsys__net__ip.a(net_if.c.obj)
 .text.prefix_lifetime_timeout
                0x000000004000dc54      0x120 zephyr/subsys/net/ip/libsubsys__net__ip.a(net_if.c.obj)
 .text.net_if_ipv6_maddr_lookup
                0x000000004000dd74      0x120 zephyr/subsys/net/ip/libsubsys__net__ip.a(net_if.c.obj)
                0x000000004000dd74                net_if_ipv6_maddr_lookup
 .text.net_if_ipv6_maddr_add
                0x000000004000de94      0x104 zephyr/subsys/net/ip/libsubsys__net__ip.a(net_if.c.obj)
                0x000000004000de94                net_if_ipv6_maddr_add
 .text.net_if_ipv6_maddr_join
                0x000000004000df98       0x38 zephyr/subsys/net/ip/libsubsys__net__ip.a(net_if.c.obj)
                0x000000004000df98                net_if_ipv6_maddr_join
 .text.net_if_ipv6_prefix_add
                0x000000004000dfd0      0x1b0 zephyr/subsys/net/ip/libsubsys__net__ip.a(net_if.c.obj)
                0x000000004000dfd0                net_if_ipv6_prefix_add
 .text.net_if_ipv6_prefix_get
                0x000000004000e180       0xc8 zephyr/subsys/net/ip/libsubsys__net__ip.a(net_if.c.obj)
                0x000000004000e180                net_if_ipv6_prefix_get
 .text.net_if_ipv6_prefix_lookup
                0x000000004000e248       0xc0 zephyr/subsys/net/ip/libsubsys__net__ip.a(net_if.c.obj)
                0x000000004000e248                net_if_ipv6_prefix_lookup
 .text.net_if_ipv6_addr_onlink
                0x000000004000e308      0x104 zephyr/subsys/net/ip/libsubsys__net__ip.a(net_if.c.obj)
                0x000000004000e308                net_if_ipv6_addr_onlink
 .text.net_if_ipv6_prefix_set_timer
                0x000000004000e40c       0x90 zephyr/subsys/net/ip/libsubsys__net__ip.a(net_if.c.obj)
                0x000000004000e40c                net_if_ipv6_prefix_set_timer
 .text.net_if_ipv6_prefix_unset_timer
                0x000000004000e49c       0x5c zephyr/subsys/net/ip/libsubsys__net__ip.a(net_if.c.obj)
                0x000000004000e49c                net_if_ipv6_prefix_unset_timer
 .text.net_if_ipv6_prefix_rm
                0x000000004000e4f8      0x138 zephyr/subsys/net/ip/libsubsys__net__ip.a(net_if.c.obj)
                0x000000004000e4f8                net_if_ipv6_prefix_rm
 .text.net_if_ipv6_router_lookup
                0x000000004000e630        0xc zephyr/subsys/net/ip/libsubsys__net__ip.a(net_if.c.obj)
                0x000000004000e630                net_if_ipv6_router_lookup
 .text.net_if_ipv6_router_find_default
                0x000000004000e63c        0x8 zephyr/subsys/net/ip/libsubsys__net__ip.a(net_if.c.obj)
                0x000000004000e63c                net_if_ipv6_router_find_default
 .text.net_if_ipv6_router_update_lifetime
                0x000000004000e644       0x38 zephyr/subsys/net/ip/libsubsys__net__ip.a(net_if.c.obj)
                0x000000004000e644                net_if_ipv6_router_update_lifetime
 .text.net_if_ipv6_router_add
                0x000000004000e67c       0x14 zephyr/subsys/net/ip/libsubsys__net__ip.a(net_if.c.obj)
                0x000000004000e67c                net_if_ipv6_router_add
 .text.net_if_ipv6_router_rm
                0x000000004000e690        0x4 zephyr/subsys/net/ip/libsubsys__net__ip.a(net_if.c.obj)
                0x000000004000e690                net_if_ipv6_router_rm
 .text.net_if_ipv6_get_hop_limit
                0x000000004000e694       0x48 zephyr/subsys/net/ip/libsubsys__net__ip.a(net_if.c.obj)
                0x000000004000e694                net_if_ipv6_get_hop_limit
 .text.net_ipv6_set_hop_limit
                0x000000004000e6dc       0x44 zephyr/subsys/net/ip/libsubsys__net__ip.a(net_if.c.obj)
                0x000000004000e6dc                net_ipv6_set_hop_limit
 .text.net_if_ipv6_get_ll
                0x000000004000e720       0xc4 zephyr/subsys/net/ip/libsubsys__net__ip.a(net_if.c.obj)
                0x000000004000e720                net_if_ipv6_get_ll
 .text.net_if_ipv6_select_src_addr
                0x000000004000e7e4      0x124 zephyr/subsys/net/ip/libsubsys__net__ip.a(net_if.c.obj)
                0x000000004000e7e4                net_if_ipv6_select_src_addr
 .text.net_if_ipv6_select_src_iface
                0x000000004000e908       0x70 zephyr/subsys/net/ip/libsubsys__net__ip.a(net_if.c.obj)
                0x000000004000e908                net_if_ipv6_select_src_iface
 .text.net_if_ipv6_calc_reachable_time
                0x000000004000e978       0x5c zephyr/subsys/net/ip/libsubsys__net__ip.a(net_if.c.obj)
                0x000000004000e978                net_if_ipv6_calc_reachable_time
 .text.net_if_config_ipv4_get
                0x000000004000e9d4       0x90 zephyr/subsys/net/ip/libsubsys__net__ip.a(net_if.c.obj)
                0x000000004000e9d4                net_if_config_ipv4_get
 .text.net_if_ipv4_get_ttl
                0x000000004000ea64       0x48 zephyr/subsys/net/ip/libsubsys__net__ip.a(net_if.c.obj)
                0x000000004000ea64                net_if_ipv4_get_ttl
 .text.net_if_ipv4_addr_mask_cmp
                0x000000004000eaac       0xa8 zephyr/subsys/net/ip/libsubsys__net__ip.a(net_if.c.obj)
                0x000000004000eaac                net_if_ipv4_addr_mask_cmp
 .text.ipv4_is_broadcast_address
                0x000000004000eb54       0x7c zephyr/subsys/net/ip/libsubsys__net__ip.a(net_if.c.obj)
 .text.net_if_ipv4_is_addr_bcast
                0x000000004000ebd0       0x90 zephyr/subsys/net/ip/libsubsys__net__ip.a(net_if.c.obj)
                0x000000004000ebd0                net_if_ipv4_is_addr_bcast
 .text.net_if_ipv4_select_src_iface
                0x000000004000ec60       0x78 zephyr/subsys/net/ip/libsubsys__net__ip.a(net_if.c.obj)
                0x000000004000ec60                net_if_ipv4_select_src_iface
 .text.net_if_ipv4_get_ll
                0x000000004000ecd8        0x8 zephyr/subsys/net/ip/libsubsys__net__ip.a(net_if.c.obj)
                0x000000004000ecd8                net_if_ipv4_get_ll
 .text.net_if_ipv4_get_global_addr
                0x000000004000ece0        0x8 zephyr/subsys/net/ip/libsubsys__net__ip.a(net_if.c.obj)
                0x000000004000ece0                net_if_ipv4_get_global_addr
 .text.net_if_ipv4_select_src_addr
                0x000000004000ece8      0x124 zephyr/subsys/net/ip/libsubsys__net__ip.a(net_if.c.obj)
                0x000000004000ece8                net_if_ipv4_select_src_addr
 .text.net_if_ipv4_addr_lookup
                0x000000004000ee0c       0xc4 zephyr/subsys/net/ip/libsubsys__net__ip.a(net_if.c.obj)
                0x000000004000ee0c                net_if_ipv4_addr_lookup
 .text.net_if_ipv4_set_netmask
                0x000000004000eed0       0x94 zephyr/subsys/net/ip/libsubsys__net__ip.a(net_if.c.obj)
                0x000000004000eed0                net_if_ipv4_set_netmask
 .text.net_if_ipv4_addr_add
                0x000000004000ef64      0x160 zephyr/subsys/net/ip/libsubsys__net__ip.a(net_if.c.obj)
                0x000000004000ef64                net_if_ipv4_addr_add
 .text.net_if_ipv4_addr_rm
                0x000000004000f0c4       0xe0 zephyr/subsys/net/ip/libsubsys__net__ip.a(net_if.c.obj)
                0x000000004000f0c4                net_if_ipv4_addr_rm
 .text.net_if_ipv4_maddr_lookup
                0x000000004000f1a4      0x110 zephyr/subsys/net/ip/libsubsys__net__ip.a(net_if.c.obj)
                0x000000004000f1a4                net_if_ipv4_maddr_lookup
 .text.net_if_recv_data
                0x000000004000f2b4       0x34 zephyr/subsys/net/ip/libsubsys__net__ip.a(net_if.c.obj)
                0x000000004000f2b4                net_if_recv_data
 .text.net_if_call_link_cb
                0x000000004000f2e8       0x8c zephyr/subsys/net/ip/libsubsys__net__ip.a(net_if.c.obj)
                0x000000004000f2e8                net_if_call_link_cb
 .text.net_if_tx.isra.0
                0x000000004000f374      0x110 zephyr/subsys/net/ip/libsubsys__net__ip.a(net_if.c.obj)
 .text.net_if_queue_tx
                0x000000004000f484       0x28 zephyr/subsys/net/ip/libsubsys__net__ip.a(net_if.c.obj)
                0x000000004000f484                net_if_queue_tx
 .text.net_if_send_data
                0x000000004000f4ac      0x124 zephyr/subsys/net/ip/libsubsys__net__ip.a(net_if.c.obj)
                0x000000004000f4ac                net_if_send_data
 .text.net_if_need_calc_tx_checksum
                0x000000004000f5d0        0x8 zephyr/subsys/net/ip/libsubsys__net__ip.a(net_if.c.obj)
                0x000000004000f5d0                net_if_need_calc_tx_checksum
 .text.net_if_need_calc_rx_checksum
                0x000000004000f5d8        0x8 zephyr/subsys/net/ip/libsubsys__net__ip.a(net_if.c.obj)
                0x000000004000f5d8                net_if_need_calc_rx_checksum
 .text.net_if_get_by_iface
                0x000000004000f5e0       0x44 zephyr/subsys/net/ip/libsubsys__net__ip.a(net_if.c.obj)
                0x000000004000f5e0                net_if_get_by_iface
 .text.net_if_foreach
                0x000000004000f624       0x64 zephyr/subsys/net/ip/libsubsys__net__ip.a(net_if.c.obj)
                0x000000004000f624                net_if_foreach
 .text.net_if_up
                0x000000004000f688       0xac zephyr/subsys/net/ip/libsubsys__net__ip.a(net_if.c.obj)
                0x000000004000f688                net_if_up
 .text.net_if_down
                0x000000004000f734      0x100 zephyr/subsys/net/ip/libsubsys__net__ip.a(net_if.c.obj)
                0x000000004000f734                net_if_down
 .text.net_if_carrier_on
                0x000000004000f834       0x44 zephyr/subsys/net/ip/libsubsys__net__ip.a(net_if.c.obj)
                0x000000004000f834                net_if_carrier_on
 .text.net_if_carrier_off
                0x000000004000f878       0x48 zephyr/subsys/net/ip/libsubsys__net__ip.a(net_if.c.obj)
                0x000000004000f878                net_if_carrier_off
 .text.net_if_init
                0x000000004000f8c0      0x174 zephyr/subsys/net/ip/libsubsys__net__ip.a(net_if.c.obj)
                0x000000004000f8c0                net_if_init
 .text.net_if_post_init
                0x000000004000fa34       0x58 zephyr/subsys/net/ip/libsubsys__net__ip.a(net_if.c.obj)
                0x000000004000fa34                net_if_post_init
 .text.net_timeout_set
                0x000000004000fa8c       0x88 zephyr/subsys/net/ip/libsubsys__net__ip.a(net_timeout.c.obj)
                0x000000004000fa8c                net_timeout_set
 .text.net_timeout_remaining
                0x000000004000fb14       0x78 zephyr/subsys/net/ip/libsubsys__net__ip.a(net_timeout.c.obj)
                0x000000004000fb14                net_timeout_remaining
 .text.net_timeout_evaluate
                0x000000004000fb8c       0x9c zephyr/subsys/net/ip/libsubsys__net__ip.a(net_timeout.c.obj)
                0x000000004000fb8c                net_timeout_evaluate
 .text.convert_port
                0x000000004000fc28       0x70 zephyr/subsys/net/ip/libsubsys__net__ip.a(utils.c.obj)
 .text.net_byte_to_hex
                0x000000004000fc98       0x60 zephyr/subsys/net/ip/libsubsys__net__ip.a(utils.c.obj)
                0x000000004000fc98                net_byte_to_hex
 .text.net_sprint_ll_addr_buf
                0x000000004000fcf8       0xe0 zephyr/subsys/net/ip/libsubsys__net__ip.a(utils.c.obj)
                0x000000004000fcf8                net_sprint_ll_addr_buf
 .text.z_impl_net_addr_ntop
                0x000000004000fdd8      0x340 zephyr/subsys/net/ip/libsubsys__net__ip.a(utils.c.obj)
                0x000000004000fdd8                z_impl_net_addr_ntop
 .text.net_sprint_addr
                0x0000000040010118       0x34 zephyr/subsys/net/ip/libsubsys__net__ip.a(utils.c.obj)
                0x0000000040010118                net_sprint_addr
 .text.z_impl_net_addr_pton
                0x000000004001014c      0x2f0 zephyr/subsys/net/ip/libsubsys__net__ip.a(utils.c.obj)
                0x000000004001014c                z_impl_net_addr_pton
 .text.parse_ipv4
                0x000000004001043c      0x140 zephyr/subsys/net/ip/libsubsys__net__ip.a(utils.c.obj)
 .text.calc_chksum
                0x000000004001057c      0x1d8 zephyr/subsys/net/ip/libsubsys__net__ip.a(utils.c.obj)
                0x000000004001057c                calc_chksum
 .text.net_calc_chksum
                0x0000000040010754      0x234 zephyr/subsys/net/ip/libsubsys__net__ip.a(utils.c.obj)
                0x0000000040010754                net_calc_chksum
 .text.net_calc_chksum_ipv4
                0x0000000040010988       0x60 zephyr/subsys/net/ip/libsubsys__net__ip.a(utils.c.obj)
                0x0000000040010988                net_calc_chksum_ipv4
 .text.net_ipaddr_parse
                0x00000000400109e8      0x26c zephyr/subsys/net/ip/libsubsys__net__ip.a(utils.c.obj)
                0x00000000400109e8                net_ipaddr_parse
 .text.net_ipv4_unspecified_address
                0x0000000040010c54        0xc zephyr/subsys/net/ip/libsubsys__net__ip.a(utils.c.obj)
                0x0000000040010c54                net_ipv4_unspecified_address
 .text.net_ipv4_broadcast_address
                0x0000000040010c60        0xc zephyr/subsys/net/ip/libsubsys__net__ip.a(utils.c.obj)
                0x0000000040010c60                net_ipv4_broadcast_address
 .text.net_ipv6_unspecified_address
                0x0000000040010c6c        0xc zephyr/subsys/net/ip/libsubsys__net__ip.a(utils.c.obj)
                0x0000000040010c6c                net_ipv6_unspecified_address
 .text.k_mutex_unlock.isra.0
                0x0000000040010c78        0x4 zephyr/subsys/net/ip/libsubsys__net__ip.a(net_mgmt.c.obj)
 .text.mgmt_thread
                0x0000000040010c7c      0x15c zephyr/subsys/net/ip/libsubsys__net__ip.a(net_mgmt.c.obj)
 .text.net_mgmt_add_event_callback
                0x0000000040010dd8       0x74 zephyr/subsys/net/ip/libsubsys__net__ip.a(net_mgmt.c.obj)
                0x0000000040010dd8                net_mgmt_add_event_callback
 .text.net_mgmt_del_event_callback
                0x0000000040010e4c       0xe4 zephyr/subsys/net/ip/libsubsys__net__ip.a(net_mgmt.c.obj)
                0x0000000040010e4c                net_mgmt_del_event_callback
 .text.net_mgmt_event_notify_with_info
                0x0000000040010f30       0xdc zephyr/subsys/net/ip/libsubsys__net__ip.a(net_mgmt.c.obj)
                0x0000000040010f30                net_mgmt_event_notify_with_info
 .text.net_mgmt_event_init
                0x000000004001100c       0x68 zephyr/subsys/net/ip/libsubsys__net__ip.a(net_mgmt.c.obj)
                0x000000004001100c                net_mgmt_event_init
 .text.net_ipv4_is_addr_mcast
                0x0000000040011074       0x20 zephyr/subsys/net/ip/libsubsys__net__ip.a(net_context.c.obj)
 .text.net_ipv6_is_addr_unspecified
                0x0000000040011094       0xc4 zephyr/subsys/net/ip/libsubsys__net__ip.a(net_context.c.obj)
 .text.check_used_port
                0x0000000040011158      0x120 zephyr/subsys/net/ip/libsubsys__net__ip.a(net_context.c.obj)
 .text.find_available_port
                0x0000000040011278       0x88 zephyr/subsys/net/ip/libsubsys__net__ip.a(net_context.c.obj)
 .text.context_write_data
                0x0000000040011300       0x9c zephyr/subsys/net/ip/libsubsys__net__ip.a(net_context.c.obj)
 .text.k_mutex_lock.constprop.0.isra.0
                0x000000004001139c        0x4 zephyr/subsys/net/ip/libsubsys__net__ip.a(net_context.c.obj)
 .text.k_mutex_unlock.isra.0
                0x00000000400113a0        0x4 zephyr/subsys/net/ip/libsubsys__net__ip.a(net_context.c.obj)
 .text.net_context_packet_received
                0x00000000400113a4      0x13c zephyr/subsys/net/ip/libsubsys__net__ip.a(net_context.c.obj)
                0x00000000400113a4                net_context_packet_received
 .text.net_context_get
                0x00000000400114e0      0x25c zephyr/subsys/net/ip/libsubsys__net__ip.a(net_context.c.obj)
                0x00000000400114e0                net_context_get
 .text.net_context_unref
                0x000000004001173c       0x80 zephyr/subsys/net/ip/libsubsys__net__ip.a(net_context.c.obj)
                0x000000004001173c                net_context_unref
 .text.net_context_put
                0x00000000400117bc       0x8c zephyr/subsys/net/ip/libsubsys__net__ip.a(net_context.c.obj)
                0x00000000400117bc                net_context_put
 .text.net_context_bind
                0x0000000040011848      0x260 zephyr/subsys/net/ip/libsubsys__net__ip.a(net_context.c.obj)
                0x0000000040011848                net_context_bind
 .text.bind_default
                0x0000000040011aa8       0xb4 zephyr/subsys/net/ip/libsubsys__net__ip.a(net_context.c.obj)
 .text.net_context_listen
                0x0000000040011b5c       0x78 zephyr/subsys/net/ip/libsubsys__net__ip.a(net_context.c.obj)
                0x0000000040011b5c                net_context_listen
 .text.net_context_create_ipv4_new
                0x0000000040011bd4      0x124 zephyr/subsys/net/ip/libsubsys__net__ip.a(net_context.c.obj)
                0x0000000040011bd4                net_context_create_ipv4_new
 .text.net_context_create_ipv6_new
                0x0000000040011cf8       0xb8 zephyr/subsys/net/ip/libsubsys__net__ip.a(net_context.c.obj)
                0x0000000040011cf8                net_context_create_ipv6_new
 .text.context_sendto.constprop.0
                0x0000000040011db0      0x3fc zephyr/subsys/net/ip/libsubsys__net__ip.a(net_context.c.obj)
 .text.net_context_connect
                0x00000000400121ac      0x2c8 zephyr/subsys/net/ip/libsubsys__net__ip.a(net_context.c.obj)
                0x00000000400121ac                net_context_connect
 .text.net_context_accept
                0x0000000040012474       0xc4 zephyr/subsys/net/ip/libsubsys__net__ip.a(net_context.c.obj)
                0x0000000040012474                net_context_accept
 .text.net_context_send
                0x0000000040012538       0xd0 zephyr/subsys/net/ip/libsubsys__net__ip.a(net_context.c.obj)
                0x0000000040012538                net_context_send
 .text.net_context_sendto
                0x0000000040012608       0x94 zephyr/subsys/net/ip/libsubsys__net__ip.a(net_context.c.obj)
                0x0000000040012608                net_context_sendto
 .text.net_context_recv
                0x000000004001269c      0x248 zephyr/subsys/net/ip/libsubsys__net__ip.a(net_context.c.obj)
                0x000000004001269c                net_context_recv
 .text.net_context_update_recv_wnd
                0x00000000400128e4       0x64 zephyr/subsys/net/ip/libsubsys__net__ip.a(net_context.c.obj)
                0x00000000400128e4                net_context_update_recv_wnd
 .text.net_context_foreach
                0x0000000040012948       0xac zephyr/subsys/net/ip/libsubsys__net__ip.a(net_context.c.obj)
                0x0000000040012948                net_context_foreach
 .text.net_context_init
                0x00000000400129f4       0x14 zephyr/subsys/net/ip/libsubsys__net__ip.a(net_context.c.obj)
                0x00000000400129f4                net_context_init
 .text.pkt_cursor_jump
                0x0000000040012a08       0x6c zephyr/subsys/net/ip/libsubsys__net__ip.a(net_pkt.c.obj)
 .text.pkt_cursor_advance
                0x0000000040012a74       0x6c zephyr/subsys/net/ip/libsubsys__net__ip.a(net_pkt.c.obj)
 .text.pkt_cursor_update
                0x0000000040012ae0       0xcc zephyr/subsys/net/ip/libsubsys__net__ip.a(net_pkt.c.obj)
 .text.pkt_estimate_headers_length.part.0
                0x0000000040012bac       0x58 zephyr/subsys/net/ip/libsubsys__net__ip.a(net_pkt.c.obj)
 .text.net_pkt_get_len.isra.0
                0x0000000040012c04       0x20 zephyr/subsys/net/ip/libsubsys__net__ip.a(net_pkt.c.obj)
 .text.net_pkt_cursor_operate
                0x0000000040012c24      0x1b0 zephyr/subsys/net/ip/libsubsys__net__ip.a(net_pkt.c.obj)
 .text.net_pkt_get_reserve_data
                0x0000000040012dd4       0x88 zephyr/subsys/net/ip/libsubsys__net__ip.a(net_pkt.c.obj)
                0x0000000040012dd4                net_pkt_get_reserve_data
 .text.net_pkt_get_reserve_rx_data
                0x0000000040012e5c       0x18 zephyr/subsys/net/ip/libsubsys__net__ip.a(net_pkt.c.obj)
                0x0000000040012e5c                net_pkt_get_reserve_rx_data
 .text.net_pkt_get_reserve_tx_data
                0x0000000040012e74       0x18 zephyr/subsys/net/ip/libsubsys__net__ip.a(net_pkt.c.obj)
                0x0000000040012e74                net_pkt_get_reserve_tx_data
 .text.net_pkt_get_frag
                0x0000000040012e8c       0x28 zephyr/subsys/net/ip/libsubsys__net__ip.a(net_pkt.c.obj)
                0x0000000040012e8c                net_pkt_get_frag
 .text.net_pkt_ref
                0x0000000040012eb4       0x5c zephyr/subsys/net/ip/libsubsys__net__ip.a(net_pkt.c.obj)
                0x0000000040012eb4                net_pkt_ref
 .text.net_pkt_frag_unref
                0x0000000040012f10        0xc zephyr/subsys/net/ip/libsubsys__net__ip.a(net_pkt.c.obj)
                0x0000000040012f10                net_pkt_frag_unref
 .text.net_pkt_unref
                0x0000000040012f1c       0x78 zephyr/subsys/net/ip/libsubsys__net__ip.a(net_pkt.c.obj)
                0x0000000040012f1c                net_pkt_unref
 .text.net_pkt_frag_insert
                0x0000000040012f94       0x40 zephyr/subsys/net/ip/libsubsys__net__ip.a(net_pkt.c.obj)
                0x0000000040012f94                net_pkt_frag_insert
 .text.net_pkt_get_info
                0x0000000040012fd4       0x44 zephyr/subsys/net/ip/libsubsys__net__ip.a(net_pkt.c.obj)
                0x0000000040012fd4                net_pkt_get_info
 .text.net_pkt_available_buffer
                0x0000000040013018       0x68 zephyr/subsys/net/ip/libsubsys__net__ip.a(net_pkt.c.obj)
                0x0000000040013018                net_pkt_available_buffer
 .text.net_pkt_available_payload_buffer
                0x0000000040013080       0x84 zephyr/subsys/net/ip/libsubsys__net__ip.a(net_pkt.c.obj)
                0x0000000040013080                net_pkt_available_payload_buffer
 .text.net_pkt_trim_buffer
                0x0000000040013104       0x7c zephyr/subsys/net/ip/libsubsys__net__ip.a(net_pkt.c.obj)
                0x0000000040013104                net_pkt_trim_buffer
 .text.net_pkt_remove_tail
                0x0000000040013180       0x70 zephyr/subsys/net/ip/libsubsys__net__ip.a(net_pkt.c.obj)
                0x0000000040013180                net_pkt_remove_tail
 .text.net_pkt_cursor_init
                0x00000000400131f0       0x18 zephyr/subsys/net/ip/libsubsys__net__ip.a(net_pkt.c.obj)
                0x00000000400131f0                net_pkt_cursor_init
 .text.pkt_alloc
                0x0000000040013208       0xb4 zephyr/subsys/net/ip/libsubsys__net__ip.a(net_pkt.c.obj)
 .text.net_pkt_alloc
                0x00000000400132bc       0x14 zephyr/subsys/net/ip/libsubsys__net__ip.a(net_pkt.c.obj)
                0x00000000400132bc                net_pkt_alloc
 .text.net_pkt_rx_alloc
                0x00000000400132d0       0x14 zephyr/subsys/net/ip/libsubsys__net__ip.a(net_pkt.c.obj)
                0x00000000400132d0                net_pkt_rx_alloc
 .text.pkt_alloc_on_iface
                0x00000000400132e4       0x50 zephyr/subsys/net/ip/libsubsys__net__ip.a(net_pkt.c.obj)
 .text.net_pkt_append_buffer
                0x0000000040013334       0x34 zephyr/subsys/net/ip/libsubsys__net__ip.a(net_pkt.c.obj)
                0x0000000040013334                net_pkt_append_buffer
 .text.net_pkt_alloc_buffer
                0x0000000040013368      0x298 zephyr/subsys/net/ip/libsubsys__net__ip.a(net_pkt.c.obj)
                0x0000000040013368                net_pkt_alloc_buffer
 .text.pkt_alloc_with_buffer
                0x0000000040013600      0x11c zephyr/subsys/net/ip/libsubsys__net__ip.a(net_pkt.c.obj)
 .text.net_pkt_alloc_with_buffer
                0x000000004001371c       0x24 zephyr/subsys/net/ip/libsubsys__net__ip.a(net_pkt.c.obj)
                0x000000004001371c                net_pkt_alloc_with_buffer
 .text.net_pkt_rx_alloc_with_buffer
                0x0000000040013740       0x24 zephyr/subsys/net/ip/libsubsys__net__ip.a(net_pkt.c.obj)
                0x0000000040013740                net_pkt_rx_alloc_with_buffer
 .text.net_pkt_skip
                0x0000000040013764       0x14 zephyr/subsys/net/ip/libsubsys__net__ip.a(net_pkt.c.obj)
                0x0000000040013764                net_pkt_skip
 .text.clone_pkt_lladdr
                0x0000000040013778       0xa0 zephyr/subsys/net/ip/libsubsys__net__ip.a(net_pkt.c.obj)
 .text.clone_pkt_attributes
                0x0000000040013818      0x18c zephyr/subsys/net/ip/libsubsys__net__ip.a(net_pkt.c.obj)
 .text.net_pkt_memset
                0x00000000400139a4       0x28 zephyr/subsys/net/ip/libsubsys__net__ip.a(net_pkt.c.obj)
                0x00000000400139a4                net_pkt_memset
 .text.net_pkt_read
                0x00000000400139cc        0xc zephyr/subsys/net/ip/libsubsys__net__ip.a(net_pkt.c.obj)
                0x00000000400139cc                net_pkt_read
 .text.net_pkt_read_be32
                0x00000000400139d8       0x58 zephyr/subsys/net/ip/libsubsys__net__ip.a(net_pkt.c.obj)
                0x00000000400139d8                net_pkt_read_be32
 .text.net_pkt_copy
                0x0000000040013a30      0x138 zephyr/subsys/net/ip/libsubsys__net__ip.a(net_pkt.c.obj)
                0x0000000040013a30                net_pkt_copy
 .text.net_pkt_remaining_data
                0x0000000040013b68       0x50 zephyr/subsys/net/ip/libsubsys__net__ip.a(net_pkt.c.obj)
                0x0000000040013b68                net_pkt_remaining_data
 .text.net_pkt_update_length
                0x0000000040013bb8       0x38 zephyr/subsys/net/ip/libsubsys__net__ip.a(net_pkt.c.obj)
                0x0000000040013bb8                net_pkt_update_length
 .text.net_pkt_pull
                0x0000000040013bf0       0xcc zephyr/subsys/net/ip/libsubsys__net__ip.a(net_pkt.c.obj)
                0x0000000040013bf0                net_pkt_pull
 .text.net_pkt_get_current_offset
                0x0000000040013cbc       0x58 zephyr/subsys/net/ip/libsubsys__net__ip.a(net_pkt.c.obj)
                0x0000000040013cbc                net_pkt_get_current_offset
 .text.net_pkt_clone_internal
                0x0000000040013d14      0x15c zephyr/subsys/net/ip/libsubsys__net__ip.a(net_pkt.c.obj)
 .text.net_pkt_clone
                0x0000000040013e70       0x10 zephyr/subsys/net/ip/libsubsys__net__ip.a(net_pkt.c.obj)
                0x0000000040013e70                net_pkt_clone
 .text.net_pkt_get_contiguous_len
                0x0000000040013e80       0x6c zephyr/subsys/net/ip/libsubsys__net__ip.a(net_pkt.c.obj)
                0x0000000040013e80                net_pkt_get_contiguous_len
 .text.net_pkt_is_contiguous
                0x0000000040013eec       0x2c zephyr/subsys/net/ip/libsubsys__net__ip.a(net_pkt.c.obj)
                0x0000000040013eec                net_pkt_is_contiguous
 .text.net_pkt_write
                0x0000000040013f18       0x64 zephyr/subsys/net/ip/libsubsys__net__ip.a(net_pkt.c.obj)
                0x0000000040013f18                net_pkt_write
 .text.net_pkt_get_data
                0x0000000040013f7c       0x90 zephyr/subsys/net/ip/libsubsys__net__ip.a(net_pkt.c.obj)
                0x0000000040013f7c                net_pkt_get_data
 .text.net_pkt_set_data
                0x000000004001400c        0xc zephyr/subsys/net/ip/libsubsys__net__ip.a(net_pkt.c.obj)
                0x000000004001400c                net_pkt_set_data
 .text.net_pkt_init
                0x0000000040014018        0x4 zephyr/subsys/net/ip/libsubsys__net__ip.a(net_pkt.c.obj)
                0x0000000040014018                net_pkt_init
 .text.tc_rx_handler
                0x000000004001401c       0x2c zephyr/subsys/net/ip/libsubsys__net__ip.a(net_tc.c.obj)
 .text.net_tc_submit_to_rx_queue
                0x0000000040014048       0x18 zephyr/subsys/net/ip/libsubsys__net__ip.a(net_tc.c.obj)
                0x0000000040014048                net_tc_submit_to_rx_queue
 .text.net_tx_priority2tc
                0x0000000040014060        0x8 zephyr/subsys/net/ip/libsubsys__net__ip.a(net_tc.c.obj)
                0x0000000040014060                net_tx_priority2tc
 .text.net_rx_priority2tc
                0x0000000040014068       0x20 zephyr/subsys/net/ip/libsubsys__net__ip.a(net_tc.c.obj)
                0x0000000040014068                net_rx_priority2tc
 .text.net_tc_tx_init
                0x0000000040014088        0x4 zephyr/subsys/net/ip/libsubsys__net__ip.a(net_tc.c.obj)
                0x0000000040014088                net_tc_tx_init
 .text.net_tc_rx_init
                0x000000004001408c       0xac zephyr/subsys/net/ip/libsubsys__net__ip.a(net_tc.c.obj)
                0x000000004001408c                net_tc_rx_init
 .text.net_ipv6_is_addr_unspecified
                0x0000000040014138       0xc4 zephyr/subsys/net/ip/libsubsys__net__ip.a(connection.c.obj)
 .text.conn_addr_cmp
                0x00000000400141fc       0xd4 zephyr/subsys/net/ip/libsubsys__net__ip.a(connection.c.obj)
 .text.k_mutex_lock.constprop.0.isra.0
                0x00000000400142d0       0x14 zephyr/subsys/net/ip/libsubsys__net__ip.a(connection.c.obj)
 .text.k_mutex_unlock.constprop.0.isra.0
                0x00000000400142e4        0xc zephyr/subsys/net/ip/libsubsys__net__ip.a(connection.c.obj)
 .text.conn_set_unused
                0x00000000400142f0       0x58 zephyr/subsys/net/ip/libsubsys__net__ip.a(connection.c.obj)
 .text.net_conn_register
                0x0000000040014348      0x42c zephyr/subsys/net/ip/libsubsys__net__ip.a(connection.c.obj)
                0x0000000040014348                net_conn_register
 .text.net_conn_unregister
                0x0000000040014774       0xc4 zephyr/subsys/net/ip/libsubsys__net__ip.a(connection.c.obj)
                0x0000000040014774                net_conn_unregister
 .text.net_conn_input
                0x0000000040014838      0x450 zephyr/subsys/net/ip/libsubsys__net__ip.a(connection.c.obj)
                0x0000000040014838                net_conn_input
 .text.net_conn_init
                0x0000000040014c88       0x5c zephyr/subsys/net/ip/libsubsys__net__ip.a(connection.c.obj)
                0x0000000040014c88                net_conn_init
 .text.icmpv4_create
                0x0000000040014ce4       0x74 zephyr/subsys/net/ip/libsubsys__net__ip.a(icmpv4.c.obj)
 .text.net_ipv4_is_addr_bcast
                0x0000000040014d58       0x98 zephyr/subsys/net/ip/libsubsys__net__ip.a(icmpv4.c.obj)
 .text.icmpv4_handle_echo_request
                0x0000000040014df0      0x1c0 zephyr/subsys/net/ip/libsubsys__net__ip.a(icmpv4.c.obj)
 .text.net_icmpv4_finalize
                0x0000000040014fb0       0x84 zephyr/subsys/net/ip/libsubsys__net__ip.a(icmpv4.c.obj)
                0x0000000040014fb0                net_icmpv4_finalize
 .text.net_icmpv4_send_echo_request
                0x0000000040015034      0x22c zephyr/subsys/net/ip/libsubsys__net__ip.a(icmpv4.c.obj)
                0x0000000040015034                net_icmpv4_send_echo_request
 .text.net_icmpv4_send_error
                0x0000000040015260      0x1b0 zephyr/subsys/net/ip/libsubsys__net__ip.a(icmpv4.c.obj)
                0x0000000040015260                net_icmpv4_send_error
 .text.net_icmpv4_register_handler
                0x0000000040015410       0x24 zephyr/subsys/net/ip/libsubsys__net__ip.a(icmpv4.c.obj)
                0x0000000040015410                net_icmpv4_register_handler
 .text.net_icmpv4_unregister_handler
                0x0000000040015434       0x5c zephyr/subsys/net/ip/libsubsys__net__ip.a(icmpv4.c.obj)
                0x0000000040015434                net_icmpv4_unregister_handler
 .text.net_icmpv4_input
                0x0000000040015490       0xd8 zephyr/subsys/net/ip/libsubsys__net__ip.a(icmpv4.c.obj)
                0x0000000040015490                net_icmpv4_input
 .text.net_icmpv4_init
                0x0000000040015568        0xc zephyr/subsys/net/ip/libsubsys__net__ip.a(icmpv4.c.obj)
                0x0000000040015568                net_icmpv4_init
 .text.net_ipv4_is_addr_mcast
                0x0000000040015574       0x20 zephyr/subsys/net/ip/libsubsys__net__ip.a(ipv4.c.obj)
 .text.net_ipv4_is_addr_bcast
                0x0000000040015594       0x98 zephyr/subsys/net/ip/libsubsys__net__ip.a(ipv4.c.obj)
 .text.net_ipv4_create_full
                0x000000004001562c      0x190 zephyr/subsys/net/ip/libsubsys__net__ip.a(ipv4.c.obj)
                0x000000004001562c                net_ipv4_create_full
 .text.net_ipv4_create
                0x00000000400157bc       0x2c zephyr/subsys/net/ip/libsubsys__net__ip.a(ipv4.c.obj)
                0x00000000400157bc                net_ipv4_create
 .text.net_ipv4_finalize
                0x00000000400157e8      0x114 zephyr/subsys/net/ip/libsubsys__net__ip.a(ipv4.c.obj)
                0x00000000400157e8                net_ipv4_finalize
 .text.net_ipv4_input
                0x00000000400158fc      0x2f8 zephyr/subsys/net/ip/libsubsys__net__ip.a(ipv4.c.obj)
                0x00000000400158fc                net_ipv4_input
 .text.net_ipv4_init
                0x0000000040015bf4        0x4 zephyr/subsys/net/ip/libsubsys__net__ip.a(ipv4.c.obj)
                0x0000000040015bf4                net_ipv4_init
 .text.net_icmpv6_register_handler
                0x0000000040015bf8       0x24 zephyr/subsys/net/ip/libsubsys__net__ip.a(icmpv6.c.obj)
                0x0000000040015bf8                net_icmpv6_register_handler
 .text.net_icmpv6_unregister_handler
                0x0000000040015c1c       0x5c zephyr/subsys/net/ip/libsubsys__net__ip.a(icmpv6.c.obj)
                0x0000000040015c1c                net_icmpv6_unregister_handler
 .text.net_icmpv6_finalize
                0x0000000040015c78       0x84 zephyr/subsys/net/ip/libsubsys__net__ip.a(icmpv6.c.obj)
                0x0000000040015c78                net_icmpv6_finalize
 .text.net_icmpv6_create
                0x0000000040015cfc       0x74 zephyr/subsys/net/ip/libsubsys__net__ip.a(icmpv6.c.obj)
                0x0000000040015cfc                net_icmpv6_create
 .text.icmpv6_handle_echo_request
                0x0000000040015d70      0x170 zephyr/subsys/net/ip/libsubsys__net__ip.a(icmpv6.c.obj)
 .text.net_icmpv6_send_error
                0x0000000040015ee0      0x2b4 zephyr/subsys/net/ip/libsubsys__net__ip.a(icmpv6.c.obj)
                0x0000000040015ee0                net_icmpv6_send_error
 .text.net_icmpv6_send_echo_request
                0x0000000040016194      0x228 zephyr/subsys/net/ip/libsubsys__net__ip.a(icmpv6.c.obj)
                0x0000000040016194                net_icmpv6_send_echo_request
 .text.net_icmpv6_input
                0x00000000400163bc       0xc8 zephyr/subsys/net/ip/libsubsys__net__ip.a(icmpv6.c.obj)
                0x00000000400163bc                net_icmpv6_input
 .text.net_icmpv6_init
                0x0000000040016484        0xc zephyr/subsys/net/ip/libsubsys__net__ip.a(icmpv6.c.obj)
                0x0000000040016484                net_icmpv6_init
 .text.net_nbr_unref
                0x0000000040016490       0x24 zephyr/subsys/net/ip/libsubsys__net__ip.a(nbr.c.obj)
                0x0000000040016490                net_nbr_unref
 .text.net_nbr_ref
                0x00000000400164b4       0x10 zephyr/subsys/net/ip/libsubsys__net__ip.a(nbr.c.obj)
                0x00000000400164b4                net_nbr_ref
 .text.net_nbr_get
                0x00000000400164c4       0x58 zephyr/subsys/net/ip/libsubsys__net__ip.a(nbr.c.obj)
                0x00000000400164c4                net_nbr_get
 .text.net_nbr_link
                0x000000004001651c      0x160 zephyr/subsys/net/ip/libsubsys__net__ip.a(nbr.c.obj)
                0x000000004001651c                net_nbr_link
 .text.net_nbr_unlink
                0x000000004001667c       0x8c zephyr/subsys/net/ip/libsubsys__net__ip.a(nbr.c.obj)
                0x000000004001667c                net_nbr_unlink
 .text.net_nbr_get_lladdr
                0x0000000040016708       0x18 zephyr/subsys/net/ip/libsubsys__net__ip.a(nbr.c.obj)
                0x0000000040016708                net_nbr_get_lladdr
 .text.net_ipv6_is_addr_loopback
                0x0000000040016720       0xf8 zephyr/subsys/net/ip/libsubsys__net__ip.a(ipv6.c.obj)
 .text.net_ipv6_is_addr_mcast_group
                0x0000000040016818       0xd4 zephyr/subsys/net/ip/libsubsys__net__ip.a(ipv6.c.obj)
 .text.net_ipv6_create
                0x00000000400168ec       0xf4 zephyr/subsys/net/ip/libsubsys__net__ip.a(ipv6.c.obj)
                0x00000000400168ec                net_ipv6_create
 .text.net_ipv6_finalize
                0x00000000400169e0      0x118 zephyr/subsys/net/ip/libsubsys__net__ip.a(ipv6.c.obj)
                0x00000000400169e0                net_ipv6_finalize
 .text.net_ipv6_input
                0x0000000040016af8      0x65c zephyr/subsys/net/ip/libsubsys__net__ip.a(ipv6.c.obj)
                0x0000000040016af8                net_ipv6_input
 .text.net_ipv6_init
                0x0000000040017154       0x18 zephyr/subsys/net/ip/libsubsys__net__ip.a(ipv6.c.obj)
                0x0000000040017154                net_ipv6_init
 .text.net_ipv6_is_addr_unspecified
                0x000000004001716c       0xc4 zephyr/subsys/net/ip/libsubsys__net__ip.a(ipv6_nbr.c.obj)
 .text.iface_cb
                0x0000000040017230       0x70 zephyr/subsys/net/ip/libsubsys__net__ip.a(ipv6_nbr.c.obj)
 .text.net_neighbor_data_remove
                0x00000000400172a0        0x4 zephyr/subsys/net/ip/libsubsys__net__ip.a(ipv6_nbr.c.obj)
                0x00000000400172a0                net_neighbor_data_remove
 .text.nbr_clear_ns_pending
                0x00000000400172a4       0x40 zephyr/subsys/net/ip/libsubsys__net__ip.a(ipv6_nbr.c.obj)
 .text.nbr_free
                0x00000000400172e4       0x54 zephyr/subsys/net/ip/libsubsys__net__ip.a(ipv6_nbr.c.obj)
 .text.k_uptime_get
                0x0000000040017338       0x2c zephyr/subsys/net/ip/libsubsys__net__ip.a(ipv6_nbr.c.obj)
 .text.ipv6_ns_reply_timeout
                0x0000000040017364      0x128 zephyr/subsys/net/ip/libsubsys__net__ip.a(ipv6_nbr.c.obj)
 .text.set_llao
                0x000000004001748c       0x8c zephyr/subsys/net/ip/libsubsys__net__ip.a(ipv6_nbr.c.obj)
 .text.read_llao
                0x0000000040017518       0x94 zephyr/subsys/net/ip/libsubsys__net__ip.a(ipv6_nbr.c.obj)
 .text.ipv6_nd_restart_reachable_timer
                0x00000000400175ac       0xd4 zephyr/subsys/net/ip/libsubsys__net__ip.a(ipv6_nbr.c.obj)